Component: ARM Compiler 5.06 update 6 (build 750) Tool: armlink [4d35ed]

==============================================================================

Section Cross References

    system_stm32f10x.o(i.SetSysClock) refers to system_stm32f10x.o(i.SetSysClockTo72) for SetSysClockTo72
    system_stm32f10x.o(i.SystemCoreClockUpdate) refers to system_stm32f10x.o(.data) for SystemCoreClock
    system_stm32f10x.o(i.SystemInit) refers to system_stm32f10x.o(i.SetSysClock) for SetSysClock
    board.o(i.SysTick_Handler) refers to irq.o(i.rt_interrupt_enter) for rt_interrupt_enter
    board.o(i.SysTick_Handler) refers to clock.o(i.rt_tick_increase) for rt_tick_increase
    board.o(i.SysTick_Handler) refers to irq.o(i.rt_interrupt_leave) for rt_interrupt_leave
    board.o(i.rt_heap_begin_get) refers to board.o(.bss) for rt_heap
    board.o(i.rt_heap_end_get) refers to board.o(.bss) for rt_heap
    board.o(i.rt_hw_board_init) refers to system_stm32f10x.o(i.SystemCoreClockUpdate) for SystemCoreClockUpdate
    board.o(i.rt_hw_board_init) refers to misc.o(i.NVIC_PriorityGroupConfig) for NVIC_PriorityGroupConfig
    board.o(i.rt_hw_board_init) refers to board.o(i._SysTick_Config) for _SysTick_Config
    board.o(i.rt_hw_board_init) refers to usart.o(i.uart_init) for uart_init
    board.o(i.rt_hw_board_init) refers to components.o(i.rt_components_board_init) for rt_components_board_init
    board.o(i.rt_hw_board_init) refers to board.o(i.rt_heap_end_get) for rt_heap_end_get
    board.o(i.rt_hw_board_init) refers to board.o(i.rt_heap_begin_get) for rt_heap_begin_get
    board.o(i.rt_hw_board_init) refers to mem.o(i.rt_system_heap_init) for rt_system_heap_init
    board.o(i.rt_hw_board_init) refers to system_stm32f10x.o(.data) for SystemCoreClock
    chrg_ctrl.o(i.BAT_Fault) refers to gpio.o(i.power_on_disenabled) for power_on_disenabled
    chrg_ctrl.o(i.CC_Chargering) refers to pwm.o(i.set_f) for set_f
    chrg_ctrl.o(i.CC_Chargering) refers to kservice.o(i.rt_kprintf) for rt_kprintf
    chrg_ctrl.o(i.CC_Chargering) refers to chrg_ctrl.o(.data) for chrg_ctrl_obj
    chrg_ctrl.o(i.CC_Chargering) refers to chrg_ctrl.o(.bss) for I_chrg_ctrl_obj
    chrg_ctrl.o(i.CHRG_CTRL_thread_entry) refers to chrg_ctrl.o(i.Chargering_ctrl) for Chargering_ctrl
    chrg_ctrl.o(i.CHRG_CTRL_thread_entry) refers to thread.o(i.rt_thread_mdelay) for rt_thread_mdelay
    chrg_ctrl.o(i.CHRG_CTRL_thread_init) refers to thread.o(i.rt_thread_init) for rt_thread_init
    chrg_ctrl.o(i.CHRG_CTRL_thread_init) refers to thread.o(i.rt_thread_startup) for rt_thread_startup
    chrg_ctrl.o(i.CHRG_CTRL_thread_init) refers to chrg_ctrl.o(.bss) for CHRG_CTRL_thread_stack
    chrg_ctrl.o(i.CHRG_CTRL_thread_init) refers to chrg_ctrl.o(i.CHRG_CTRL_thread_entry) for CHRG_CTRL_thread_entry
    chrg_ctrl.o(i.CV_Chargering) refers to chrg_ctrl.o(.data) for chrg_ctrl_obj
    chrg_ctrl.o(i.Chargering_Finished) refers to gpio.o(i.power_on_disenabled) for power_on_disenabled
    chrg_ctrl.o(i.Chargering_Finished) refers to stm32f10x_gpio.o(i.GPIO_ResetBits) for GPIO_ResetBits
    chrg_ctrl.o(i.Chargering_ctrl) refers to chrg_ctrl.o(i.chargering_start) for chargering_start
    chrg_ctrl.o(i.Chargering_ctrl) refers to chrg_ctrl.o(i.Pre_Chargering) for Pre_Chargering
    chrg_ctrl.o(i.Chargering_ctrl) refers to chrg_ctrl.o(i.CC_Chargering) for CC_Chargering
    chrg_ctrl.o(i.Chargering_ctrl) refers to chrg_ctrl.o(.data) for chargering_step
    chrg_ctrl.o(i.I_thread_entry) refers to kservice.o(i.rt_kprintf) for rt_kprintf
    chrg_ctrl.o(i.I_thread_entry) refers to thread.o(i.rt_thread_mdelay) for rt_thread_mdelay
    chrg_ctrl.o(i.I_thread_entry) refers to chrg_ctrl.o(.bss) for I_chrg_ctrl_obj
    chrg_ctrl.o(i.I_thread_entry) refers to chrg_ctrl.o(.data) for chrg_ctrl_obj
    chrg_ctrl.o(i.I_thread_init) refers to thread.o(i.rt_thread_init) for rt_thread_init
    chrg_ctrl.o(i.I_thread_init) refers to thread.o(i.rt_thread_startup) for rt_thread_startup
    chrg_ctrl.o(i.I_thread_init) refers to chrg_ctrl.o(.bss) for rt_I_thread_stack
    chrg_ctrl.o(i.I_thread_init) refers to chrg_ctrl.o(i.I_thread_entry) for I_thread_entry
    chrg_ctrl.o(i.Pre_Chargering) refers to pwm.o(i.set_f) for set_f
    chrg_ctrl.o(i.Pre_Chargering) refers to chrg_ctrl.o(.data) for chrg_ctrl_obj
    chrg_ctrl.o(i.Pre_Chargering) refers to chrg_ctrl.o(.bss) for I_chrg_ctrl_obj
    chrg_ctrl.o(i.V_thread_entry) refers to thread.o(i.rt_thread_mdelay) for rt_thread_mdelay
    chrg_ctrl.o(i.V_thread_init) refers to thread.o(i.rt_thread_init) for rt_thread_init
    chrg_ctrl.o(i.V_thread_init) refers to thread.o(i.rt_thread_startup) for rt_thread_startup
    chrg_ctrl.o(i.V_thread_init) refers to chrg_ctrl.o(.bss) for rt_V_thread_stack
    chrg_ctrl.o(i.V_thread_init) refers to chrg_ctrl.o(i.V_thread_entry) for V_thread_entry
    chrg_ctrl.o(i.chargering_start) refers to pwm.o(i.set_f) for set_f
    chrg_ctrl.o(i.chargering_start) refers to chrg_ctrl.o(.data) for chrg_ctrl_obj
[...]
    start_courent                            0x20000068   Data           2  mcu_adc.o(.data)
    ms_delay                                 0x2000006a   Data           2  mcu_adc.o(.data)
    i                                        0x2000006c   Data           2  mcu_adc.o(.data)
    data_times                               0x2000006e   Data           2  mcu_adc.o(.data)
    data_num                                 0x20000070   Data           2  mcu_adc.o(.data)
    i                                        0x20000072   Data           2  mcu_adc.o(.data)
    delay                                    0x20000074   Data           4  mcu_adc.o(.data)
    start_rcd_times                          0x20000078   Data           2  mcu_adc.o(.data)
    .data                                    0x2000007c   Section        6  usart.o(.data)
    .data                                    0x20000084   Section        8  gpio.o(.data)
    button_mq                                0x20000088   Data           4  gpio.o(.data)
    .data                                    0x2000008c   Section        8  led.o(.data)
    .data                                    0x20000094   Section      396  pwm.o(.data)
    Complementation_PWM_Init_str             0x200001e8   Data          12  pwm.o(.data)
    channel1_str                             0x200001f4   Data          16  pwm.o(.data)
    channel2_str                             0x20000204   Data          16  pwm.o(.data)
    duty_cycle                               0x20000214   Data           2  pwm.o(.data)
    duty_cycle                               0x20000216   Data           2  pwm.o(.data)
    duty_cycle                               0x20000218   Data           2  pwm.o(.data)
    duty_cycle                               0x2000021a   Data           2  pwm.o(.data)
    record                                   0x2000021c   Data           2  pwm.o(.data)
    dead_t                                   0x2000021e   Data           2  pwm.o(.data)
    .data                                    0x20000220   Section        2  drv_timer.o(.data)
    times_count                              0x20000220   Data           2  drv_timer.o(.data)
    .data                                    0x20000222   Section       20  stm32f10x_rcc.o(.data)
    APBAHBPrescTable                         0x20000222   Data          16  stm32f10x_rcc.o(.data)
    ADCPrescTable                            0x20000232   Data           4  stm32f10x_rcc.o(.data)
    .data                                    0x20000238   Section        4  clock.o(.data)
    rt_tick                                  0x20000238   Data           4  clock.o(.data)
    .data                                    0x2000023c   Section        1  irq.o(.data)
    .data                                    0x20000240   Section       24  mem.o(.data)
    heap_ptr                                 0x20000240   Data           4  mem.o(.data)
    heap_end                                 0x20000244   Data           4  mem.o(.data)
    lfree                                    0x20000248   Data           4  mem.o(.data)
    mem_size_aligned                         0x2000024c   Data           4  mem.o(.data)
    used_mem                                 0x20000250   Data           4  mem.o(.data)
    max_mem                                  0x20000254   Data           4  mem.o(.data)
    .data                                    0x20000258   Section      112  object.o(.data)
    rt_object_container                      0x20000258   Data         112  object.o(.data)
    .data                                    0x200002c8   Section       24  scheduler.o(.data)
    rt_scheduler_lock_nest                   0x200002c8   Data           2  scheduler.o(.data)
    .data                                    0x200002e0   Section       12  timer.o(.data)
    rt_timer_list                            0x200002e0   Data           8  timer.o(.data)
    random_nr                                0x200002e8   Data           4  timer.o(.data)
    .data                                    0x200002ec   Section       16  cpuport.o(.data)
    rt_exception_hook                        0x200002f8   Data           4  cpuport.o(.data)
    .data                                    0x200002fc   Section       24  shell.o(.data)
    finsh_prompt_custom                      0x20000310   Data           4  shell.o(.data)
    .bss                                     0x20000314   Section     4096  board.o(.bss)
    rt_heap                                  0x20000314   Data        4096  board.o(.bss)
    .bss                                     0x20001314   Section     2408  chrg_ctrl.o(.bss)
    I_thread                                 0x200017cc   Data         144  chrg_ctrl.o(.bss)
    rt_I_thread_stack                        0x2000185c   Data         256  chrg_ctrl.o(.bss)
    V_thread                                 0x2000195c   Data         144  chrg_ctrl.o(.bss)
    rt_V_thread_stack                        0x200019ec   Data         256  chrg_ctrl.o(.bss)
    CHRG_CTRL_thread                         0x20001aec   Data         144  chrg_ctrl.o(.bss)
    CHRG_CTRL_thread_stack                   0x20001b7c   Data         256  chrg_ctrl.o(.bss)
    .bss                                     0x20001c7c   Section      474  mcu_adc.o(.bss)
    AveragedBuf                              0x20001d3c   Data          20  mcu_adc.o(.bss)
    CHRG_ADC_Value                           0x20001d50   Data          16  mcu_adc.o(.bss)
    IPP_STT_RCRD                             0x20001dc0   Data          25  mcu_adc.o(.bss)
    IPP_Adjusted_Record                      0x20001dd9   Data          25  mcu_adc.o(.bss)
    IPP_Adjust_Data_Record                   0x20001df2   Data          50  mcu_adc.o(.bss)
    IPP_Adjust_Data                          0x20001e24   Data          50  mcu_adc.o(.bss)
    .bss                                     0x20001e56   Section      200  usart.o(.bss)
    .bss                                     0x20001f20   Section       16  gpio.o(.bss)
    s_tBtnKey                                0x20001f20   Data          16  gpio.o(.bss)
    .bss                                     0x20001f30   Section      400  led.o(.bss)
    led_thread                               0x20001f30   Data         144  led.o(.bss)
    rt_led_thread_stack                      0x20001fc0   Data         256  led.o(.bss)
    .bss                                     0x200020c0   Section     1200  pwm.o(.bss)
    .bss                                     0x20002570   Section      400  idle.o(.bss)
    idle                                     0x20002570   Data         144  idle.o(.bss)
    rt_thread_stack                          0x20002600   Data         256  idle.o(.bss)
    .bss                                     0x20002700   Section      128  kservice.o(.bss)
    rt_log_buf                               0x20002700   Data         128  kservice.o(.bss)
    .bss                                     0x20002780   Section       40  mem.o(.bss)
    heap_sem                                 0x20002780   Data          40  mem.o(.bss)
    .bss                                     0x200027a8   Section      256  scheduler.o(.bss)
    .bss                                     0x200028a8   Section      129  shell.o(.bss)
    finsh_prompt                             0x200028a8   Data         129  shell.o(.bss)
    STACK                                    0x20002930   Section     1024  startup_stm32f10x_hd.o(STACK)

    Global Symbols

    Symbol Name                              Value     Ov Type        Size  Object(Section)

    BuildAttributes$$THM_ISAv4$P$D$K$B$S$PE$A:L22UL41UL21$X:L11$S22US41US21$IEEE1$IW$USESV6$~STKCKD$USESV7$~SHL$OSPACE$EBA8$MICROLIB$REQ8$PRES8$EABIv2 0x00000000   Number         0  anon$$obj.o ABSOLUTE
    __ARM_use_no_argv                        0x00000000   Number         0  main.o ABSOLUTE
    __use_no_errno                           0x00000000   Number         0  useno.o ABSOLUTE
    __use_no_exception_handling              0x00000000   Number         0  useno.o ABSOLUTE
    __use_no_fp                              0x00000000   Number         0  useno.o ABSOLUTE
    __use_no_heap                            0x00000000   Number         0  useno.o ABSOLUTE
    __use_no_heap_region                     0x00000000   Number         0  useno.o ABSOLUTE
    __use_no_semihosting                     0x00000000   Number         0  useno.o ABSOLUTE
    __use_no_semihosting_swi                 0x00000000   Number         0  useno.o ABSOLUTE
    __use_no_signal_handling                 0x00000000   Number         0  useno.o ABSOLUTE
    __cpp_initialize__aeabi_                  - Undefined Weak Reference
    __cxa_finalize                            - Undefined Weak Reference
    _clock_init                               - Undefined Weak Reference
    _microlib_exit                            - Undefined Weak Reference
    __Vectors_Size                           0x00000130   Number         0  startup_stm32f10x_hd.o ABSOLUTE
    __Vectors                                0x08000000   Data           4  startup_stm32f10x_hd.o(RESET)
    __Vectors_End                            0x08000130   Data           0  startup_stm32f10x_hd.o(RESET)
    __main                                   0x08000131   Thumb Code     0  entry.o(.ARM.Collect$$$$00000000)
    _main_stk                                0x08000131   Thumb Code     0  entry2.o(.ARM.Collect$$$$00000001)
    _main_scatterload                        0x08000135   Thumb Code     0  entry5.o(.ARM.Collect$$$$00000004)
    __main_after_scatterload                 0x08000139   Thumb Code     0  entry5.o(.ARM.Collect$$$$00000004)
    _main_clock                              0x08000139   Thumb Code     0  entry7b.o(.ARM.Collect$$$$00000008)
    _main_cpp_init                           0x08000139   Thumb Code     0  entry8b.o(.ARM.Collect$$$$0000000A)
    _main_init                               0x08000139   Thumb Code     0  entry9a.o(.ARM.Collect$$$$0000000B)
    __rt_final_cpp                           0x08000141   Thumb Code     0  entry10a.o(.ARM.Collect$$$$0000000D)
    __rt_final_exit                          0x08000141   Thumb Code     0  entry11a.o(.ARM.Collect$$$$0000000F)
    Reset_Handler                            0x08000145   Thumb Code     8  startup_stm32f10x_hd.o(.text)
    ADC1_2_IRQHandler                        0x0800015f   Thumb Code     0  startup_stm32f10x_hd.o(.text)
    ADC3_IRQHandler                          0x0800015f   Thumb Code     0  startup_stm32f10x_hd.o(.text)
    CAN1_RX1_IRQHandler                      0x0800015f   Thumb Code     0  startup_stm32f10x_hd.o(.text)
    CAN1_SCE_IRQHandler                      0x0800015f   Thumb Code     0  startup_stm32f10x_hd.o(.text)
    DMA1_Channel2_IRQHandler                 0x0800015f   Thumb Code     0  startup_stm32f10x_hd.o(.text)
    DMA1_Channel3_IRQHandler                 0x0800015f   Thumb Code     0  startup_stm32f10x_hd.o(.text)
    DMA1_Channel4_IRQHandler                 0x0800015f   Thumb Code     0  startup_stm32f10x_hd.o(.text)
    DMA1_Channel5_IRQHandler                 0x0800015f   Thumb Code     0  startup_stm32f10x_hd.o(.text)
    DMA1_Channel6_IRQHandler                 0x0800015f   Thumb Code     0  startup_stm32f10x_hd.o(.text)
    DMA1_Channel7_IRQHandler                 0x0800015f   Thumb Code     0  startup_stm32f10x_hd.o(.text)
    DMA2_Channel1_IRQHandler                 0x0800015f   Thumb Code     0  startup_stm32f10x_hd.o(.text)
    DMA2_Channel2_IRQHandler                 0x0800015f   Thumb Code     0  startup_stm32f10x_hd.o(.text)
    DMA2_Channel3_IRQHandler                 0x0800015f   Thumb Code     0  startup_stm32f10x_hd.o(.text)
    DMA2_Channel4_5_IRQHandler               0x0800015f   Thumb Code     0  startup_stm32f10x_hd.o(.text)
    EXTI0_IRQHandler                         0x0800015f   Thumb Code     0  startup_stm32f10x_hd.o(.text)
    EXTI15_10_IRQHandler                     0x0800015f   Thumb Code     0  startup_stm32f10x_hd.o(.text)
    EXTI1_IRQHandler                         0x0800015f   Thumb Code     0  startup_stm32f10x_hd.o(.text)
    EXTI3_IRQHandler                         0x0800015f   Thumb Code     0  startup_stm32f10x_hd.o(.text)
    EXTI4_IRQHandler                         0x0800015f   Thumb Code     0  startup_stm32f10x_hd.o(.text)
    EXTI9_5_IRQHandler                       0x0800015f   Thumb Code     0  startup_stm32f10x_hd.o(.text)
    FLASH_IRQHandler                         0x0800015f   Thumb Code     0  startup_stm32f10x_hd.o(.text)
    FSMC_IRQHandler                          0x0800015f   Thumb Code     0  startup_stm32f10x_hd.o(.text)
    I2C1_ER_IRQHandler                       0x0800015f   Thumb Code     0  startup_stm32f10x_hd.o(.text)
    I2C1_EV_IRQHandler                       0x0800015f   Thumb Code     0  startup_stm32f10x_hd.o(.text)
    I2C2_ER_IRQHandler                       0x0800015f   Thumb Code     0  startup_stm32f10x_hd.o(.text)
    I2C2_EV_IRQHandler                       0x0800015f   Thumb Code     0  startup_stm32f10x_hd.o(.text)
    PVD_IRQHandler                           0x0800015f   Thumb Code     0  startup_stm32f10x_hd.o(.text)
    RCC_IRQHandler                           0x0800015f   Thumb Code     0  startup_stm32f10x_hd.o(.text)
    RTCAlarm_IRQHandler                      0x0800015f   Thumb Code     0  startup_stm32f10x_hd.o(.text)
    RTC_IRQHandler                           0x0800015f   Thumb Code     0  startup_stm32f10x_hd.o(.text)
    SDIO_IRQHandler                          0x0800015f   Thumb Code     0  startup_stm32f10x_hd.o(.text)
    SPI1_IRQHandler                          0x0800015f   Thumb Code     0  startup_stm32f10x_hd.o(.text)
    SPI2_IRQHandler                          0x0800015f   Thumb Code     0  startup_stm32f10x_hd.o(.text)
    SPI3_IRQHandler                          0x0800015f   Thumb Code     0  startup_stm32f10x_hd.o(.text)
    TAMPER_IRQHandler                        0x0800015f   Thumb Code     0  startup_stm32f10x_hd.o(.text)
    TIM1_BRK_IRQHandler                      0x0800015f   Thumb Code     0  startup_stm32f10x_hd.o(.text)
    TIM1_CC_IRQHandler                       0x0800015f   Thumb Code     0  startup_stm32f10x_hd.o(.text)
    TIM1_TRG_COM_IRQHandler                  0x0800015f   Thumb Code     0  startup_stm32f10x_hd.o(.text)
    TIM1_UP_IRQHandler                       0x0800015f   Thumb Code     0  startup_stm32f10x_hd.o(.text)
    TIM2_IRQHandler                          0x0800015f   Thumb Code     0  startup_stm32f10x_hd.o(.text)
    TIM4_IRQHandler                          0x0800015f   Thumb Code     0  startup_stm32f10x_hd.o(.text)
    TIM5_IRQHandler                          0x0800015f   Thumb Code     0  startup_stm32f10x_hd.o(.text)
    TIM6_IRQHandler                          0x0800015f   Thumb Code     0  startup_stm32f10x_hd.o(.text)
    TIM7_IRQHandler                          0x0800015f   Thumb Code     0  startup_stm32f10x_hd.o(.text)
    TIM8_BRK_IRQHandler                      0x0800015f   Thumb Code     0  startup_stm32f10x_hd.o(.text)
    TIM8_CC_IRQHandler                       0x0800015f   Thumb Code     0  startup_stm32f10x_hd.o(.text)
    TIM8_TRG_COM_IRQHandler                  0x0800015f   Thumb Code     0  startup_stm32f10x_hd.o(.text)
    TIM8_UP_IRQHandler                       0x0800015f   Thumb Code     0  startup_stm32f10x_hd.o(.text)
    UART4_IRQHandler                         0x0800015f   Thumb Code     0  startup_stm32f10x_hd.o(.text)
    UART5_IRQHandler                         0x0800015f   Thumb Code     0  startup_stm32f10x_hd.o(.text)
    USART2_IRQHandler                        0x0800015f   Thumb Code     0  startup_stm32f10x_hd.o(.text)
    USART3_IRQHandler                        0x0800015f   Thumb Code     0  startup_stm32f10x_hd.o(.text)
    USBWakeUp_IRQHandler                     0x0800015f   Thumb Code     0  startup_stm32f10x_hd.o(.text)
    USB_HP_CAN1_TX_IRQHandler                0x0800015f   Thumb Code     0  startup_stm32f10x_hd.o(.text)
    USB_LP_CAN1_RX0_IRQHandler               0x0800015f   Thumb Code     0  startup_stm32f10x_hd.o(.text)
    WWDG_IRQHandler                          0x0800015f   Thumb Code     0  startup_stm32f10x_hd.o(.text)
    rt_hw_interrupt_disable                  0x08000169   Thumb Code     8  context_rvds.o(.text)
    rt_hw_interrupt_enable                   0x08000171   Thumb Code     6  context_rvds.o(.text)
    rt_hw_context_switch                     0x08000177   Thumb Code    32  context_rvds.o(.text)
    rt_hw_context_switch_interrupt           0x08000177   Thumb Code     0  context_rvds.o(.text)
    PendSV_Handler                           0x08000197   Thumb Code    60  context_rvds.o(.text)
    rt_hw_context_switch_to                  0x080001d3   Thumb Code    58  context_rvds.o(.text)
    rt_hw_interrupt_thread_switch            0x0800020d   Thumb Code     2  context_rvds.o(.text)
    HardFault_Handler                        0x0800020f   Thumb Code    52  context_rvds.o(.text)
    __aeabi_memcpy                           0x0800025d   Thumb Code    36  memcpya.o(.text)
    __aeabi_memcpy4                          0x0800025d   Thumb Code     0  memcpya.o(.text)
    __aeabi_memcpy8                          0x0800025d   Thumb Code     0  memcpya.o(.text)
    __aeabi_memset                           0x08000281   Thumb Code    14  memseta.o(.text)
    __aeabi_memset4                          0x08000281   Thumb Code     0  memseta.o(.text)
    __aeabi_memset8                          0x08000281   Thumb Code     0  memseta.o(.text)
    __aeabi_memclr                           0x0800028f   Thumb Code     4  memseta.o(.text)
    __aeabi_memclr4                          0x0800028f   Thumb Code     0  memseta.o(.text)
    __aeabi_memclr8                          0x0800028f   Thumb Code     0  memseta.o(.text)
    _memset$wrapper                          0x08000293   Thumb Code    18  memseta.o(.text)
    strcat                                   0x080002a5   Thumb Code    24  strcat.o(.text)
    strncpy                                  0x080002bd   Thumb Code    24  strncpy.o(.text)
    strlen                                   0x080002d5   Thumb Code    14  strlen.o(.text)
    strcpy                                   0x080002e3   Thumb Code    18  strcpy.o(.text)
    strncmp                                  0x080002f5   Thumb Code    30  strncmp.o(.text)
    __scatterload                            0x08000315   Thumb Code    28  init.o(.text)
    __scatterload_rt2                        0x08000315   Thumb Code     0  init.o(.text)
    __decompress                             0x08000339   Thumb Code     0  __dczerorl2.o(.text)
    __decompress1                            0x08000339   Thumb Code    86  __dczerorl2.o(.text)
    main                                     0x0800038f   Thumb Code    10  components.o(i.$Sub$$main)
    ADCInit                                  0x08000399   Thumb Code    46  mcu_adc.o(i.ADCInit)
    ADCProcessInit                           0x080003f5   Thumb Code    10  mcu_adc.o(i.ADCProcessInit)
    ADC_Cmd                                  0x08000435   Thumb Code    22  stm32f10x_adc.o(i.ADC_Cmd)
    ADC_DMACmd                               0x0800044b   Thumb Code    22  stm32f10x_adc.o(i.ADC_DMACmd)
    ADC_DMA_Init                             0x08000461   Thumb Code    80  mcu_adc.o(i.ADC_DMA_Init)
    ADC_GetCalibrationStatus                 0x080004b9   Thumb Code    20  stm32f10x_adc.o(i.ADC_GetCalibrationStatus)
    ADC_GetResetCalibrationStatus            0x080004cd   Thumb Code    20  stm32f10x_adc.o(i.ADC_GetResetCalibrationStatus)
    ADC_Init                                 0x080004e1   Thumb Code    70  stm32f10x_adc.o(i.ADC_Init)
    ADC_Mode_Init                            0x08000531   Thumb Code   218  mcu_adc.o(i.ADC_Mode_Init)
    ADC_Pin_Init                             0x08000611   Thumb Code    32  mcu_adc.o(i.ADC_Pin_Init)
    ADC_RegularChannelConfig                 0x08000635   Thumb Code   184  stm32f10x_adc.o(i.ADC_RegularChannelConfig)
    ADC_ResetCalibration                     0x080006ed   Thumb Code    10  stm32f10x_adc.o(i.ADC_ResetCalibration)
    ADC_SoftwareStartConvCmd                 0x080006f7   Thumb Code    22  stm32f10x_adc.o(i.ADC_SoftwareStartConvCmd)
    ADC_StartCalibration                     0x0800070d   Thumb Code    10  stm32f10x_adc.o(i.ADC_StartCalibration)
    ADC_filter                               0x08000719   Thumb Code   192  mcu_adc.o(i.ADC_filter)
    BusFault_Handler                         0x080007e9   Thumb Code     4  stm32f10x_it.o(i.BusFault_Handler)
    CHRG_CTRL_thread_init                    0x08000911   Thumb Code    38  chrg_ctrl.o(i.CHRG_CTRL_thread_init)
    DMA1_Channel1_IRQHandler                 0x08000aa5   Thumb Code   522  mcu_adc.o(i.DMA1_Channel1_IRQHandler)
    DMA_ClearITPendingBit                    0x08000d05   Thumb Code    18  stm32f10x_dma.o(i.DMA_ClearITPendingBit)
    DMA_Cmd                                  0x08000d21   Thumb Code    24  stm32f10x_dma.o(i.DMA_Cmd)
    DMA_DeInit                               0x08000d39   Thumb Code   324  stm32f10x_dma.o(i.DMA_DeInit)
    DMA_GetITStatus                          0x08000e85   Thumb Code    36  stm32f10x_dma.o(i.DMA_GetITStatus)
    DMA_ITConfig                             0x08000eb1   Thumb Code    18  stm32f10x_dma.o(i.DMA_ITConfig)
    DMA_Init                                 0x08000ec3   Thumb Code    60  stm32f10x_dma.o(i.DMA_Init)
    DebugMon_Handler                         0x08000eff   Thumb Code     2  stm32f10x_it.o(i.DebugMon_Handler)
    EXTI2_IRQHandler                         0x08000f01   Thumb Code    42  gpio.o(i.EXTI2_IRQHandler)
    EXTI_ClearITPendingBit                   0x08000f35   Thumb Code     6  stm32f10x_exti.o(i.EXTI_ClearITPendingBit)
    EXTI_Init                                0x08000f41   Thumb Code   142  stm32f10x_exti.o(i.EXTI_Init)
    GPIO_EXTILineConfig                      0x08000fd5   Thumb Code    60  stm32f10x_gpio.o(i.GPIO_EXTILineConfig)
    GPIO_Init                                0x08001015   Thumb Code   278  stm32f10x_gpio.o(i.GPIO_Init)
    GPIO_PinRemapConfig                      0x0800112d   Thumb Code   138  stm32f10x_gpio.o(i.GPIO_PinRemapConfig)
    GPIO_ReadInputDataBit                    0x080011bd   Thumb Code    18  stm32f10x_gpio.o(i.GPIO_ReadInputDataBit)
    GPIO_ResetBits                           0x080011cf   Thumb Code     4  stm32f10x_gpio.o(i.GPIO_ResetBits)
    GPIO_SetBits                             0x080011d3   Thumb Code     4  stm32f10x_gpio.o(i.GPIO_SetBits)
    GPIO_WriteBit                            0x080011d7   Thumb Code    10  stm32f10x_gpio.o(i.GPIO_WriteBit)
    IO_PCI_Init                              0x08001271   Thumb Code    24  gpio.o(i.IO_PCI_Init)
    I_thread_init                            0x0800132d   Thumb Code    38  chrg_ctrl.o(i.I_thread_init)
    MemManage_Handler                        0x08001385   Thumb Code     4  stm32f10x_it.o(i.MemManage_Handler)
    NMI_Handler                              0x08001389   Thumb Code     2  stm32f10x_it.o(i.NMI_Handler)
    NVIC_Init                                0x0800138d   Thumb Code   100  misc.o(i.NVIC_Init)
    NVIC_PriorityGroupConfig                 0x080013fd   Thumb Code    10  misc.o(i.NVIC_PriorityGroupConfig)
    PWM_Control_Init                         0x08001411   Thumb Code    40  pwm.o(i.PWM_Control_Init)
    PWM_PERPH_Init                           0x08001455   Thumb Code     8  pwm.o(i.PWM_PERPH_Init)
    PWM_start                                0x0800145d   Thumb Code    22  pwm.o(i.PWM_start)
    PWM_stop                                 0x08001479   Thumb Code    22  pwm.o(i.PWM_stop)
    RCC_ADCCLKConfig                         0x08001525   Thumb Code    18  stm32f10x_rcc.o(i.RCC_ADCCLKConfig)
    RCC_AHBPeriphClockCmd                    0x0800153d   Thumb Code    26  stm32f10x_rcc.o(i.RCC_AHBPeriphClockCmd)
    RCC_APB1PeriphClockCmd                   0x0800155d   Thumb Code    26  stm32f10x_rcc.o(i.RCC_APB1PeriphClockCmd)
    RCC_APB1PeriphResetCmd                   0x0800157d   Thumb Code    26  stm32f10x_rcc.o(i.RCC_APB1PeriphResetCmd)
    RCC_APB2PeriphClockCmd                   0x0800159d   Thumb Code    26  stm32f10x_rcc.o(i.RCC_APB2PeriphClockCmd)
    RCC_APB2PeriphResetCmd                   0x080015bd   Thumb Code    26  stm32f10x_rcc.o(i.RCC_APB2PeriphResetCmd)
    RCC_GetClocksFreq                        0x080015dd   Thumb Code   192  stm32f10x_rcc.o(i.RCC_GetClocksFreq)
    SVC_Handler                              0x080016b1   Thumb Code     2  stm32f10x_it.o(i.SVC_Handler)
    SysTick_Handler                          0x0800179d   Thumb Code    16  board.o(i.SysTick_Handler)
    SystemCoreClockUpdate                    0x080017ad   Thumb Code   142  system_stm32f10x.o(i.SystemCoreClockUpdate)
    SystemInit                               0x08001851   Thumb Code    78  system_stm32f10x.o(i.SystemInit)
    TIM3_IRQHandler                          0x080018b1   Thumb Code    88  drv_timer.o(i.TIM3_IRQHandler)
    TIM_ARRPreloadConfig                     0x0800191d   Thumb Code    24  stm32f10x_tim.o(i.TIM_ARRPreloadConfig)
    TIM_BDTRConfig                           0x08001935   Thumb Code    32  stm32f10x_tim.o(i.TIM_BDTRConfig)
    TIM_ClearFlag                            0x08001955   Thumb Code     6  stm32f10x_tim.o(i.TIM_ClearFlag)
    TIM_ClearITPendingBit                    0x0800195b   Thumb Code     6  stm32f10x_tim.o(i.TIM_ClearITPendingBit)
    TIM_Cmd                                  0x08001961   Thumb Code    24  stm32f10x_tim.o(i.TIM_Cmd)
    TIM_CtrlPWMOutputs                       0x08001979   Thumb Code    30  stm32f10x_tim.o(i.TIM_CtrlPWMOutputs)
    TIM_DeInit                               0x08001999   Thumb Code   424  stm32f10x_tim.o(i.TIM_DeInit)
    TIM_GetITStatus                          0x08001b81   Thumb Code    34  stm32f10x_tim.o(i.TIM_GetITStatus)
    TIM_ITConfig                             0x08001ba3   Thumb Code    18  stm32f10x_tim.o(i.TIM_ITConfig)
    TIM_InternalClockConfig                  0x08001bb5   Thumb Code    12  stm32f10x_tim.o(i.TIM_InternalClockConfig)
    TIM_OC1Init                              0x08001bc1   Thumb Code   132  stm32f10x_tim.o(i.TIM_OC1Init)
    TIM_OC1PreloadConfig                     0x08001c59   Thumb Code    18  stm32f10x_tim.o(i.TIM_OC1PreloadConfig)
    TIM_OC2Init                              0x08001c6d   Thumb Code   154  stm32f10x_tim.o(i.TIM_OC2Init)
    TIM_OC2PreloadConfig                     0x08001d11   Thumb Code    26  stm32f10x_tim.o(i.TIM_OC2PreloadConfig)
    TIM_OC3Init                              0x08001d2d   Thumb Code   150  stm32f10x_tim.o(i.TIM_OC3Init)
    TIM_OC3PreloadConfig                     0x08001dcd   Thumb Code    18  stm32f10x_tim.o(i.TIM_OC3PreloadConfig)
    TIM_OC4Init                              0x08001de1   Thumb Code   114  stm32f10x_tim.o(i.TIM_OC4Init)
    TIM_OC4PreloadConfig                     0x08001e5d   Thumb Code    26  stm32f10x_tim.o(i.TIM_OC4PreloadConfig)
    TIM_OCStructInit                         0x08001e77   Thumb Code    20  stm32f10x_tim.o(i.TIM_OCStructInit)
    TIM_SetAutoreload                        0x08001e8b   Thumb Code     4  stm32f10x_tim.o(i.TIM_SetAutoreload)
    TIM_SetCompare1                          0x08001e8f   Thumb Code     4  stm32f10x_tim.o(i.TIM_SetCompare1)
    TIM_TimeBaseInit                         0x08001e95   Thumb Code   122  stm32f10x_tim.o(i.TIM_TimeBaseInit)
    TIM_TimeBaseStructInit                   0x08001f39   Thumb Code    18  stm32f10x_tim.o(i.TIM_TimeBaseStructInit)
    Time3_Init                               0x08001f4d   Thumb Code   120  drv_timer.o(i.Time3_Init)
    Time3_Init_interfaces                    0x08001fc9   Thumb Code    14  drv_timer.o(i.Time3_Init_interfaces)
    Time3_Start                              0x08001fd9   Thumb Code    12  drv_timer.o(i.Time3_Start)
    Time3_Stop                               0x08001fe9   Thumb Code    12  drv_timer.o(i.Time3_Stop)
    USART1_IRQHandler                        0x08001ff9   Thumb Code   122  usart.o(i.USART1_IRQHandler)
    USART_ClearFlag                          0x08002081   Thumb Code    18  stm32f10x_usart.o(i.USART_ClearFlag)
    USART_Cmd                                0x08002093   Thumb Code    24  stm32f10x_usart.o(i.USART_Cmd)
    USART_GetFlagStatus                      0x080020ab   Thumb Code    26  stm32f10x_usart.o(i.USART_GetFlagStatus)
    USART_GetITStatus                        0x080020c5   Thumb Code    84  stm32f10x_usart.o(i.USART_GetITStatus)
    USART_Init                               0x08002119   Thumb Code   210  stm32f10x_usart.o(i.USART_Init)
    USART_ReceiveData                        0x080021f1   Thumb Code    10  stm32f10x_usart.o(i.USART_ReceiveData)
    USART_SendData                           0x080021fb   Thumb Code     8  stm32f10x_usart.o(i.USART_SendData)
    UsageFault_Handler                       0x08002203   Thumb Code     4  stm32f10x_it.o(i.UsageFault_Handler)
    V_thread_init                            0x08002349   Thumb Code    40  chrg_ctrl.o(i.V_thread_init)
    __rt_ffs                                 0x080023b9   Thumb Code    70  kservice.o(i.__rt_ffs)
    __scatterload_copy                       0x08002405   Thumb Code    14  handlers.o(i.__scatterload_copy)
    __scatterload_null                       0x08002413   Thumb Code     2  handlers.o(i.__scatterload_null)
    __scatterload_zeroinit                   0x08002415   Thumb Code    14  handlers.o(i.__scatterload_zeroinit)
    button_process_init                      0x08002695   Thumb Code    38  gpio.o(i.button_process_init)
    button_thread_entry                      0x080026d1   Thumb Code   120  gpio.o(i.button_thread_entry)
    cmd_free                                 0x08002861   Thumb Code    14  msh.o(i.cmd_free)
    cmd_ps                                   0x0800286f   Thumb Code    14  msh.o(i.cmd_ps)
    current_pp_adjust                        0x0800287d   Thumb Code    82  mcu_adc.o(i.current_pp_adjust)
    finsh_get_prompt                         0x080028e1   Thumb Code    84  shell.o(i.finsh_get_prompt)
    finsh_set_prompt_mode                    0x0800295d   Thumb Code    22  shell.o(i.finsh_set_prompt_mode)
    finsh_system_function_init               0x08002979   Thumb Code    10  shell.o(i.finsh_system_function_init)
    finsh_system_init                        0x0800298d   Thumb Code    98  shell.o(i.finsh_system_init)
    finsh_thread_entry                       0x08002a29   Thumb Code   936  shell.o(i.finsh_thread_entry)
    gpio_init                                0x08002df1   Thumb Code    38  gpio.o(i.gpio_init)
    hello                                    0x08002e9d   Thumb Code    12  cmd.o(i.hello)
    key_init                                 0x08002ebd   Thumb Code    54  gpio.o(i.key_init)
    led_ctrl_function                        0x08002efd   Thumb Code   242  led.o(i.led_ctrl_function)
    led_thread_init                          0x08003005   Thumb Code    40  led.o(i.led_thread_init)
    list                                     0x0800303d   Thumb Code    52  cmd.o(i.list)
    list_event                               0x08003095   Thumb Code   204  cmd.o(i.list_event)
    list_mailbox                             0x0800328d   Thumb Code   224  cmd.o(i.list_mailbox)
    list_mem                                 0x080033e9   Thumb Code    34  mem.o(i.list_mem)
    list_msgqueue                            0x08003461   Thumb Code   216  cmd.o(i.list_msgqueue)
    list_mutex                               0x080035a5   Thumb Code   170  cmd.o(i.list_mutex)
    list_sem                                 0x080036b5   Thumb Code   216  cmd.o(i.list_sem)
    list_thread                              0x080037ed   Thumb Code   294  cmd.o(i.list_thread)
    list_timer                               0x080039d1   Thumb Code   190  cmd.o(i.list_timer)
    $Super$$main                             0x08003b31   Thumb Code     4  main.o(i.main)
    main_thread_entry                        0x08003b35   Thumb Code    14  components.o(i.main_thread_entry)
    mcu_gpio_init                            0x08003b45   Thumb Code   142  gpio.o(i.mcu_gpio_init)
    msh_auto_complete                        0x08003cc9   Thumb Code   138  msh.o(i.msh_auto_complete)
    msh_exec                                 0x08003d69   Thumb Code    82  msh.o(i.msh_exec)
    msh_help                                 0x08003e31   Thumb Code    64  msh.o(i.msh_help)
    msh_is_used                              0x08003ea5   Thumb Code     4  msh.o(i.msh_is_used)
    power_on_disenabled                      0x0800402d   Thumb Code    22  gpio.o(i.power_on_disenabled)
    power_on_enabled                         0x08004049   Thumb Code    24  gpio.o(i.power_on_enabled)
    pwm_thread_init                          0x08004235   Thumb Code    38  pwm.o(i.pwm_thread_init)
    rt_application_init                      0x08004275   Thumb Code    34  components.o(i.rt_application_init)
    rt_calloc                                0x080042a5   Thumb Code    34  mem.o(i.rt_calloc)
    rt_components_board_init                 0x080042c9   Thumb Code    20  components.o(i.rt_components_board_init)
    rt_components_init                       0x080042e5   Thumb Code    20  components.o(i.rt_components_init)
    rt_enter_critical                        0x08004301   Thumb Code    28  scheduler.o(i.rt_enter_critical)
    rt_exit_critical                         0x08004321   Thumb Code    60  scheduler.o(i.rt_exit_critical)
    rt_free                                  0x08004365   Thumb Code   128  mem.o(i.rt_free)
    rt_heap_begin_get                        0x08004445   Thumb Code     4  board.o(i.rt_heap_begin_get)
    rt_heap_end_get                          0x0800444d   Thumb Code     4  board.o(i.rt_heap_end_get)
    rt_hw_board_init                         0x08004455   Thumb Code    64  board.o(i.rt_hw_board_init)
    rt_hw_console_getchar                    0x08004499   Thumb Code    62  usart.o(i.rt_hw_console_getchar)
    rt_hw_console_output                     0x080044dd   Thumb Code    74  usart.o(i.rt_hw_console_output)
    rt_hw_hard_fault_exception               0x0800452d   Thumb Code   198  cpuport.o(i.rt_hw_hard_fault_exception)
    rt_hw_stack_init                         0x08004735   Thumb Code    70  cpuport.o(i.rt_hw_stack_init)
    rt_interrupt_enter                       0x08004781   Thumb Code    26  irq.o(i.rt_interrupt_enter)
    rt_interrupt_leave                       0x080047a1   Thumb Code    26  irq.o(i.rt_interrupt_leave)
    rt_kprintf                               0x08004885   Thumb Code    44  kservice.o(i.rt_kprintf)
    rt_malloc                                0x08004969   Thumb Code   336  mem.o(i.rt_malloc)
    rt_mb_init                               0x08004ad5   Thumb Code    62  ipc.o(i.rt_mb_init)
    rt_mb_recv                               0x08004b13   Thumb Code   244  ipc.o(i.rt_mb_recv)
    rt_memcpy                                0x08004c07   Thumb Code   124  kservice.o(i.rt_memcpy)
    rt_memmove                               0x08004c83   Thumb Code    66  kservice.o(i.rt_memmove)
    rt_memset                                0x08004cc5   Thumb Code    72  kservice.o(i.rt_memset)
    rt_mq_create                             0x08004d0d   Thumb Code   128  ipc.o(i.rt_mq_create)
    rt_mq_delete                             0x08004d8d   Thumb Code    28  ipc.o(i.rt_mq_delete)
    rt_mq_recv                               0x08004da9   Thumb Code   252  ipc.o(i.rt_mq_recv)
    rt_object_allocate                       0x08004ea5   Thumb Code    84  object.o(i.rt_object_allocate)
    rt_object_delete                         0x08004ef9   Thumb Code    36  object.o(i.rt_object_delete)
    rt_object_detach                         0x08004f1d   Thumb Code    30  object.o(i.rt_object_detach)
    rt_object_get_information                0x08004f3d   Thumb Code    36  object.o(i.rt_object_get_information)
    rt_object_init                           0x08004f65   Thumb Code    86  object.o(i.rt_object_init)
    rt_object_is_systemobject                0x08004fbb   Thumb Code    18  object.o(i.rt_object_is_systemobject)
    rt_schedule                              0x08004fcd   Thumb Code   106  scheduler.o(i.rt_schedule)
    rt_schedule_insert_thread                0x08005051   Thumb Code    72  scheduler.o(i.rt_schedule_insert_thread)
    rt_schedule_remove_thread                0x080050a1   Thumb Code    76  scheduler.o(i.rt_schedule_remove_thread)
    rt_sem_init                              0x080050f5   Thumb Code    38  ipc.o(i.rt_sem_init)
    rt_sem_release                           0x0800511b   Thumb Code    58  ipc.o(i.rt_sem_release)
    rt_sem_take                              0x08005155   Thumb Code   116  ipc.o(i.rt_sem_take)
    rt_show_version                          0x080051c9   Thumb Code    38  kservice.o(i.rt_show_version)
    rt_strlen                                0x08005279   Thumb Code    18  kservice.o(i.rt_strlen)
    rt_strncpy                               0x0800528b   Thumb Code    52  kservice.o(i.rt_strncpy)
    rt_system_heap_init                      0x080052c1   Thumb Code   160  mem.o(i.rt_system_heap_init)
    rt_system_scheduler_init                 0x080053b9   Thumb Code    52  scheduler.o(i.rt_system_scheduler_init)
    rt_system_scheduler_start                0x08005405   Thumb Code    36  scheduler.o(i.rt_system_scheduler_start)
    rt_system_timer_init                     0x08005435   Thumb Code    24  timer.o(i.rt_system_timer_init)
    rt_system_timer_thread_init              0x08005451   Thumb Code     2  timer.o(i.rt_system_timer_thread_init)
    rt_thread_create                         0x08005453   Thumb Code    80  thread.o(i.rt_thread_create)
    rt_thread_exit                           0x080054a5   Thumb Code    78  thread.o(i.rt_thread_exit)
    rt_thread_idle_excute                    0x08005505   Thumb Code   138  idle.o(i.rt_thread_idle_excute)
    rt_thread_idle_init                      0x08005595   Thumb Code    38  idle.o(i.rt_thread_idle_init)
    rt_thread_init                           0x080055d1   Thumb Code    52  thread.o(i.rt_thread_init)
    rt_thread_mdelay                         0x08005605   Thumb Code    20  thread.o(i.rt_thread_mdelay)
    rt_thread_resume                         0x08005619   Thumb Code    60  thread.o(i.rt_thread_resume)
    rt_thread_self                           0x08005655   Thumb Code     6  thread.o(i.rt_thread_self)
    rt_thread_sleep                          0x08005661   Thumb Code    62  thread.o(i.rt_thread_sleep)
    rt_thread_startup                        0x080056a5   Thumb Code    44  thread.o(i.rt_thread_startup)
    rt_thread_suspend                        0x080056d1   Thumb Code    68  thread.o(i.rt_thread_suspend)
    rt_thread_timeout                        0x08005715   Thumb Code    32  thread.o(i.rt_thread_timeout)
    rt_thread_yield                          0x08005735   Thumb Code    92  thread.o(i.rt_thread_yield)
    rt_tick_from_millisecond                 0x08005799   Thumb Code    56  clock.o(i.rt_tick_from_millisecond)
    rt_tick_get                              0x080057d1   Thumb Code     6  clock.o(i.rt_tick_get)
    rt_tick_increase                         0x080057dd   Thumb Code    42  clock.o(i.rt_tick_increase)
    rt_timer_check                           0x0800580d   Thumb Code   118  timer.o(i.rt_timer_check)
    rt_timer_control                         0x08005889   Thumb Code    56  timer.o(i.rt_timer_control)
    rt_timer_detach                          0x080058c1   Thumb Code    32  timer.o(i.rt_timer_detach)
    rt_timer_init                            0x080058e1   Thumb Code    46  timer.o(i.rt_timer_init)
    rt_timer_start                           0x08005911   Thumb Code   238  timer.o(i.rt_timer_start)
    rt_timer_stop                            0x08005a09   Thumb Code    48  timer.o(i.rt_timer_stop)
    rt_vsnprintf                             0x08005a39   Thumb Code   808  kservice.o(i.rt_vsnprintf)
    rtthread_startup                         0x08005d79   Thumb Code    42  components.o(i.rtthread_startup)
    set_f                                    0x08005da5   Thumb Code    38  pwm.o(i.set_f)
    uart_init                                0x08005e85   Thumb Code   112  usart.o(i.uart_init)
    version                                  0x08005fe5   Thumb Code    10  cmd.o(i.version)
    __lowest_bit_bitmap                      0x08006038   Data         256  kservice.o(.constdata)
    __fsym_list_mem_name                     0x0800615a   Data           9  mem.o(.constdata)
    __fsym_hello_name                        0x08006163   Data           6  cmd.o(.constdata)
    __fsym_version_name                      0x08006169   Data           8  cmd.o(.constdata)
    __fsym___cmd_version_name                0x08006171   Data          14  cmd.o(.constdata)
    __fsym_list_thread_name                  0x0800617f   Data          12  cmd.o(.constdata)
    __fsym___cmd_list_thread_name            0x0800618b   Data          18  cmd.o(.constdata)
    __fsym_list_sem_name                     0x0800619d   Data           9  cmd.o(.constdata)
    __fsym___cmd_list_sem_name               0x080061a6   Data          15  cmd.o(.constdata)
    __fsym_list_event_name                   0x080061b5   Data          11  cmd.o(.constdata)
    __fsym___cmd_list_event_name             0x080061c0   Data          17  cmd.o(.constdata)
    __fsym_list_mutex_name                   0x080061d1   Data          11  cmd.o(.constdata)
    __fsym___cmd_list_mutex_name             0x080061dc   Data          17  cmd.o(.constdata)
    __fsym_list_mailbox_name                 0x080061ed   Data          13  cmd.o(.constdata)
    __fsym___cmd_list_mailbox_name           0x080061fa   Data          19  cmd.o(.constdata)
    __fsym_list_msgqueue_name                0x0800620d   Data          14  cmd.o(.constdata)
    __fsym___cmd_list_msgqueue_name          0x0800621b   Data          20  cmd.o(.constdata)
    __fsym_list_timer_name                   0x0800622f   Data          11  cmd.o(.constdata)
    __fsym___cmd_list_timer_name             0x0800623a   Data          17  cmd.o(.constdata)
    __fsym_list_name                         0x0800624b   Data           5  cmd.o(.constdata)
    __fsym___cmd_help_name                   0x08006250   Data          11  msh.o(.constdata)
    __fsym___cmd_ps_name                     0x0800625b   Data           9  msh.o(.constdata)
    __fsym___cmd_free_name                   0x08006264   Data          11  msh.o(.constdata)
    __rt_init_rti_start                      0x080062b4   Data           4  components.o(.rti_fn.0)
    __rt_init_rti_board_start                0x080062b8   Data           4  components.o(.rti_fn.0.end)
    __rt_init_rti_board_end                  0x080062bc   Data           4  components.o(.rti_fn.1.end)
    __rt_init_IO_PCI_Init                    0x080062c0   Data           4  gpio.o(.rti_fn.3)
    __rt_init_PWM_PERPH_Init                 0x080062c4   Data           4  pwm.o(.rti_fn.3)
    __rt_init_Time3_Init_interfaces          0x080062c8   Data           4  drv_timer.o(.rti_fn.3)
    __rt_init_I_thread_init                  0x080062cc   Data           4  chrg_ctrl.o(.rti_fn.6)
    __rt_init_V_thread_init                  0x080062d0   Data           4  chrg_ctrl.o(.rti_fn.6)
    __rt_init_CHRG_CTRL_thread_init          0x080062d4   Data           4  chrg_ctrl.o(.rti_fn.6)
    __rt_init_ADCProcessInit                 0x080062d8   Data           4  mcu_adc.o(.rti_fn.6)
    __rt_init_button_process_init            0x080062dc   Data           4  gpio.o(.rti_fn.6)
    __rt_init_led_thread_init                0x080062e0   Data           4  led.o(.rti_fn.6)
    __rt_init_pwm_thread_init                0x080062e4   Data           4  pwm.o(.rti_fn.6)
    __rt_init_finsh_system_init              0x080062e8   Data           4  shell.o(.rti_fn.6)
    __rt_init_rti_end                        0x080062ec   Data           4  components.o(.rti_fn.6.end)
    FSymTab$$Base                            0x080062f0   Number         0  mem.o(FSymTab)
    __fsym_list_mem                          0x080062f0   Data           8  mem.o(FSymTab)
    __fsym_hello                             0x080062f8   Data           8  cmd.o(FSymTab)
    __fsym_version                           0x08006300   Data           8  cmd.o(FSymTab)
    __fsym___cmd_version                     0x08006308   Data           8  cmd.o(FSymTab)
    __fsym_list_thread                       0x08006310   Data           8  cmd.o(FSymTab)
    __fsym___cmd_list_thread                 0x08006318   Data           8  cmd.o(FSymTab)
    __fsym_list_sem                          0x08006320   Data           8  cmd.o(FSymTab)
    __fsym___cmd_list_sem                    0x08006328   Data           8  cmd.o(FSymTab)
    __fsym_list_event                        0x08006330   Data           8  cmd.o(FSymTab)
    __fsym___cmd_list_event                  0x08006338   Data           8  cmd.o(FSymTab)
    __fsym_list_mutex                        0x08006340   Data           8  cmd.o(FSymTab)
    __fsym___cmd_list_mutex                  0x08006348   Data           8  cmd.o(FSymTab)
    __fsym_list_mailbox                      0x08006350   Data           8  cmd.o(FSymTab)
    __fsym___cmd_list_mailbox                0x08006358   Data           8  cmd.o(FSymTab)
    __fsym_list_msgqueue                     0x08006360   Data           8  cmd.o(FSymTab)
    __fsym___cmd_list_msgqueue               0x08006368   Data           8  cmd.o(FSymTab)
    __fsym_list_timer                        0x08006370   Data           8  cmd.o(FSymTab)
    __fsym___cmd_list_timer                  0x08006378   Data           8  cmd.o(FSymTab)
    __fsym_list                              0x08006380   Data           8  cmd.o(FSymTab)
    __fsym___cmd_help                        0x08006388   Data           8  msh.o(FSymTab)
    __fsym___cmd_ps                          0x08006390   Data           8  msh.o(FSymTab)
    __fsym___cmd_free                        0x08006398   Data           8  msh.o(FSymTab)
    FSymTab$$Limit                           0x080063a0   Number         0  msh.o(FSymTab)
    Region$$Table$$Base                      0x080063a0   Number         0  anon$$obj.o(Region$$Table)
    Region$$Table$$Limit                     0x080063c0   Number         0  anon$$obj.o(Region$$Table)
    SystemCoreClock                          0x20000000   Data           4  system_stm32f10x.o(.data)
    AHBPrescTable                            0x20000004   Data          16  system_stm32f10x.o(.data)
    chrg_ctrl_obj                            0x20000018   Data          22  chrg_ctrl.o(.data)
    SYN_SIGNAL_Times                         0x20000030   Data           1  mcu_adc.o(.data)
    ADC_Finished_Flag                        0x20000031   Data           1  mcu_adc.o(.data)
    charger_step                             0x20000032   Data           1  mcu_adc.o(.data)
    charger_err                              0x20000033   Data           1  mcu_adc.o(.data)
    charger_channel                          0x20000034   Data           1  mcu_adc.o(.data)
    pp_step_enum                             0x20000035   Data           1  mcu_adc.o(.data)
    adc_finish_flag                          0x2000005a   Data           2  mcu_adc.o(.data)
    pwm_step                                 0x2000005c   Data           2  mcu_adc.o(.data)
    ADCProcessSoftTimer                      0x20000060   Data           4  mcu_adc.o(.data)
    __stdout                                 0x2000007c   Data           4  usart.o(.data)
    USART_RX_STA                             0x20000080   Data           2  usart.o(.data)
    period_signl_recd                        0x20000084   Data           2  gpio.o(.data)
    led1_ctrl_struct                         0x2000008c   Data           8  led.o(.data)
    fm_pwm_no                                0x20000094   Data           1  pwm.o(.data)
    pwm_start_flag                           0x20000096   Data           2  pwm.o(.data)
    F_STEP_ARRAY                             0x20000098   Data          30  pwm.o(.data)
    FRQ_ARRAY                                0x200000b6   Data         302  pwm.o(.data)
    step                                     0x200001e4   Data           2  pwm.o(.data)
    rt_interrupt_nest                        0x2000023c   Data           1  irq.o(.data)
    rt_current_thread                        0x200002cc   Data           4  scheduler.o(.data)
    rt_current_priority                      0x200002d0   Data           1  scheduler.o(.data)
    rt_thread_ready_priority_group           0x200002d4   Data           4  scheduler.o(.data)
    rt_thread_defunct                        0x200002d8   Data           8  scheduler.o(.data)
    rt_interrupt_from_thread                 0x200002ec   Data           4  cpuport.o(.data)
    rt_interrupt_to_thread                   0x200002f0   Data           4  cpuport.o(.data)
    rt_thread_switch_interrupt_flag          0x200002f4   Data           4  cpuport.o(.data)
    _syscall_table_begin                     0x200002fc   Data           4  shell.o(.data)
    _syscall_table_end                       0x20000300   Data           4  shell.o(.data)
    _sysvar_table_begin                      0x20000304   Data           4  shell.o(.data)
    _sysvar_table_end                        0x20000308   Data           4  shell.o(.data)
    shell                                    0x2000030c   Data           4  shell.o(.data)
    I_chrg_ctrl_obj                          0x20001314   Data        1206  chrg_ctrl.o(.bss)
    AC_Singal_Parameter                      0x20001c7c   Data          16  mcu_adc.o(.bss)
    ADCConvertedValue                        0x20001c8c   Data          16  mcu_adc.o(.bss)
    ADCConvertedBuf                          0x20001c9c   Data         160  mcu_adc.o(.bss)
    mailbox_adc                              0x20001d60   Data          56  mcu_adc.o(.bss)
    mb_pool                                  0x20001d98   Data          40  mcu_adc.o(.bss)
    USART_RX_BUF                             0x20001e56   Data         200  usart.o(.bss)
    PWM_FM_struct                            0x200020c0   Data          32  pwm.o(.bss)
    pwm_thread_stack                         0x200020e0   Data        1024  pwm.o(.bss)
    pwm_thread                               0x200024e0   Data         144  pwm.o(.bss)
    rt_thread_priority_table                 0x200027a8   Data         256  scheduler.o(.bss)
    __initial_sp                             0x20002d30   Data           0  startup_stm32f10x_hd.o(STACK)



==============================================================================

Memory Map of the image

  Image Entry point : 0x08000145

  Load Region LR_1 (Base: 0x08000000, Size: 0x000066d4, Max: 0xffffffff, ABSOLUTE, COMPRESSED[0x000065a4])

    Execution Region ER_RO (Exec base: 0x08000000, Load base: 0x08000000, Size: 0x000063c0, Max: 0xffffffff, ABSOLUTE)

    Exec Addr    Load Addr    Size         Type   Attr      Idx    E Section Name        Object

    0x08000000   0x08000000   0x00000130   Data   RO         1116    RESET               startup_stm32f10x_hd.o
    0x08000130   0x08000130   0x00000000   Code   RO         5509  * .ARM.Collect$$$$00000000  mc_w.l(entry.o)
    0x08000130   0x08000130   0x00000004   Code   RO         5528    .ARM.Collect$$$$00000001  mc_w.l(entry2.o)
    0x08000134   0x08000134   0x00000004   Code   RO         5531    .ARM.Collect$$$$00000004  mc_w.l(entry5.o)
    0x08000138   0x08000138   0x00000000   Code   RO         5533    .ARM.Collect$$$$00000008  mc_w.l(entry7b.o)
    0x08000138   0x08000138   0x00000000   Code   RO         5535    .ARM.Collect$$$$0000000A  mc_w.l(entry8b.o)
    0x08000138   0x08000138   0x00000008   Code   RO         5536    .ARM.Collect$$$$0000000B  mc_w.l(entry9a.o)
    0x08000140   0x08000140   0x00000000   Code   RO         5538    .ARM.Collect$$$$0000000D  mc_w.l(entry10a.o)
    0x08000140   0x08000140   0x00000000   Code   RO         5540    .ARM.Collect$$$$0000000F  mc_w.l(entry11a.o)
    0x08000140   0x08000140   0x00000004   Code   RO         5529    .ARM.Collect$$$$00002712  mc_w.l(entry2.o)
    0x08000144   0x08000144   0x00000024   Code   RO         1117  * .text               startup_stm32f10x_hd.o
    0x08000168   0x08000168   0x000000f4   Code   RO         5181    .text               context_rvds.o
    0x0800025c   0x0800025c   0x00000024   Code   RO         5512    .text               mc_w.l(memcpya.o)
    0x08000280   0x08000280   0x00000024   Code   RO         5514    .text               mc_w.l(memseta.o)
    0x080002a4   0x080002a4   0x00000018   Code   RO         5516    .text               mc_w.l(strcat.o)
    0x080002bc   0x080002bc   0x00000018   Code   RO         5518    .text               mc_w.l(strncpy.o)
    0x080002d4   0x080002d4   0x0000000e   Code   RO         5520    .text               mc_w.l(strlen.o)
    0x080002e2   0x080002e2   0x00000012   Code   RO         5522    .text               mc_w.l(strcpy.o)
    0x080002f4   0x080002f4   0x0000001e   Code   RO         5524    .text               mc_w.l(strncmp.o)
    0x08000312   0x08000312   0x00000002   PAD
    0x08000314   0x08000314   0x00000024   Code   RO         5542    .text               mc_w.l(init.o)
    0x08000338   0x08000338   0x00000056   Code   RO         5552    .text               mc_w.l(__dczerorl2.o)
    0x0800038e   0x0800038e   0x0000000a   Code   RO         4126    i.$Sub$$main        components.o
    0x08000398   0x08000398   0x0000005c   Code   RO          409    i.ADCInit           mcu_adc.o
    0x080003f4   0x080003f4   0x0000000a   Code   RO          410    i.ADCProcessInit    mcu_adc.o
    0x080003fe   0x080003fe   0x00000036   Code   RO          411    i.ADC_Average       mcu_adc.o
    0x08000434   0x08000434   0x00000016   Code   RO         1163    i.ADC_Cmd           stm32f10x_adc.o
    0x0800044a   0x0800044a   0x00000016   Code   RO         1164    i.ADC_DMACmd        stm32f10x_adc.o
    0x08000460   0x08000460   0x00000058   Code   RO          412    i.ADC_DMA_Init      mcu_adc.o
    0x080004b8   0x080004b8   0x00000014   Code   RO         1171    i.ADC_GetCalibrationStatus  stm32f10x_adc.o
    0x080004cc   0x080004cc   0x00000014   Code   RO         1177    i.ADC_GetResetCalibrationStatus  stm32f10x_adc.o
    0x080004e0   0x080004e0   0x00000050   Code   RO         1181    i.ADC_Init          stm32f10x_adc.o
    0x08000530   0x08000530   0x000000e0   Code   RO          413    i.ADC_Mode_Init     mcu_adc.o
    0x08000610   0x08000610   0x00000024   Code   RO          414    i.ADC_Pin_Init      mcu_adc.o
    0x08000634   0x08000634   0x000000b8   Code   RO         1185    i.ADC_RegularChannelConfig  stm32f10x_adc.o
    0x080006ec   0x080006ec   0x0000000a   Code   RO         1186    i.ADC_ResetCalibration  stm32f10x_adc.o
    0x080006f6   0x080006f6   0x00000016   Code   RO         1188    i.ADC_SoftwareStartConvCmd  stm32f10x_adc.o
    0x0800070c   0x0800070c   0x0000000a   Code   RO         1190    i.ADC_StartCalibration  stm32f10x_adc.o
    0x08000716   0x08000716   0x00000002   PAD
    0x08000718   0x08000718   0x000000d0   Code   RO          415    i.ADC_filter        mcu_adc.o
    0x080007e8   0x080007e8   0x00000004   Code   RO          127    i.BusFault_Handler  stm32f10x_it.o
    0x080007ec   0x080007ec   0x00000034   Code   RO          621    i.ButtonVarInit     gpio.o
    0x08000820   0x08000820   0x000000e0   Code   RO          300    i.CC_Chargering     chrg_ctrl.o
    0x08000900   0x08000900   0x0000000e   Code   RO          301    i.CHRG_CTRL_thread_entry  chrg_ctrl.o
    0x0800090e   0x0800090e   0x00000002   PAD
    0x08000910   0x08000910   0x00000048   Code   RO          302    i.CHRG_CTRL_thread_init  chrg_ctrl.o
    0x08000958   0x08000958   0x0000003c   Code   RO          305    i.Chargering_ctrl   chrg_ctrl.o
    0x08000994   0x08000994   0x00000110   Code   RO          843    i.Complementation_PWM_SET_Init  pwm.o
    0x08000aa4   0x08000aa4   0x00000260   Code   RO          420    i.DMA1_Channel1_IRQHandler  mcu_adc.o
    0x08000d04   0x08000d04   0x0000001c   Code   RO         1847    i.DMA_ClearITPendingBit  stm32f10x_dma.o
    0x08000d20   0x08000d20   0x00000018   Code   RO         1848    i.DMA_Cmd           stm32f10x_dma.o
    0x08000d38   0x08000d38   0x0000014c   Code   RO         1849    i.DMA_DeInit        stm32f10x_dma.o
    0x08000e84   0x08000e84   0x0000002c   Code   RO         1852    i.DMA_GetITStatus   stm32f10x_dma.o
    0x08000eb0   0x08000eb0   0x00000012   Code   RO         1853    i.DMA_ITConfig      stm32f10x_dma.o
    0x08000ec2   0x08000ec2   0x0000003c   Code   RO         1854    i.DMA_Init          stm32f10x_dma.o
    0x08000efe   0x08000efe   0x00000002   Code   RO          128    i.DebugMon_Handler  stm32f10x_it.o
    0x08000f00   0x08000f00   0x00000034   Code   RO          623    i.EXTI2_IRQHandler  gpio.o
    0x08000f34   0x08000f34   0x0000000c   Code   RO         1919    i.EXTI_ClearITPendingBit  stm32f10x_exti.o
    0x08000f40   0x08000f40   0x00000094   Code   RO         1924    i.EXTI_Init         stm32f10x_exti.o
    0x08000fd4   0x08000fd4   0x00000040   Code   RO         2269    i.GPIO_EXTILineConfig  stm32f10x_gpio.o
    0x08001014   0x08001014   0x00000116   Code   RO         2272    i.GPIO_Init         stm32f10x_gpio.o
    0x0800112a   0x0800112a   0x00000002   PAD
    0x0800112c   0x0800112c   0x00000090   Code   RO         2274    i.GPIO_PinRemapConfig  stm32f10x_gpio.o
    0x080011bc   0x080011bc   0x00000012   Code   RO         2276    i.GPIO_ReadInputDataBit  stm32f10x_gpio.o
    0x080011ce   0x080011ce   0x00000004   Code   RO         2279    i.GPIO_ResetBits    stm32f10x_gpio.o
    0x080011d2   0x080011d2   0x00000004   Code   RO         2280    i.GPIO_SetBits      stm32f10x_gpio.o
    0x080011d6   0x080011d6   0x0000000a   Code   RO         2283    i.GPIO_WriteBit     stm32f10x_gpio.o
    0x080011e0   0x080011e0   0x00000090   Code   RO          852    i.I1_PWM_SET_Init   pwm.o
    0x08001270   0x08001270   0x00000018   Code   RO          624    i.IO_PCI_Init       gpio.o
    0x08001288   0x08001288   0x000000a4   Code   RO          306    i.I_thread_entry    chrg_ctrl.o
    0x0800132c   0x0800132c   0x00000040   Code   RO          307    i.I_thread_init     chrg_ctrl.o
    0x0800136c   0x0800136c   0x00000018   Code   RO          625    i.IsKeyDown         gpio.o
    0x08001384   0x08001384   0x00000004   Code   RO          129    i.MemManage_Handler  stm32f10x_it.o
    0x08001388   0x08001388   0x00000002   Code   RO          130    i.NMI_Handler       stm32f10x_it.o
    0x0800138a   0x0800138a   0x00000002   PAD
    0x0800138c   0x0800138c   0x00000070   Code   RO         1121    i.NVIC_Init         misc.o
    0x080013fc   0x080013fc   0x00000014   Code   RO         1122    i.NVIC_PriorityGroupConfig  misc.o
    0x08001410   0x08001410   0x00000044   Code   RO          855    i.PWM_Control_Init  pwm.o
    0x08001454   0x08001454   0x00000008   Code   RO          856    i.PWM_PERPH_Init    pwm.o
    0x0800145c   0x0800145c   0x0000001c   Code   RO          857    i.PWM_start         pwm.o
    0x08001478   0x08001478   0x00000016   Code   RO          858    i.PWM_stop          pwm.o
    0x0800148e   0x0800148e   0x00000002   PAD
    0x08001490   0x08001490   0x00000094   Code   RO          308    i.Pre_Chargering    chrg_ctrl.o
    0x08001524   0x08001524   0x00000018   Code   RO         2686    i.RCC_ADCCLKConfig  stm32f10x_rcc.o
    0x0800153c   0x0800153c   0x00000020   Code   RO         2687    i.RCC_AHBPeriphClockCmd  stm32f10x_rcc.o
    0x0800155c   0x0800155c   0x00000020   Code   RO         2688    i.RCC_APB1PeriphClockCmd  stm32f10x_rcc.o
    0x0800157c   0x0800157c   0x00000020   Code   RO         2689    i.RCC_APB1PeriphResetCmd  stm32f10x_rcc.o
    0x0800159c   0x0800159c   0x00000020   Code   RO         2690    i.RCC_APB2PeriphClockCmd  stm32f10x_rcc.o
    0x080015bc   0x080015bc   0x00000020   Code   RO         2691    i.RCC_APB2PeriphResetCmd  stm32f10x_rcc.o
    0x080015dc   0x080015dc   0x000000d4   Code   RO         2698    i.RCC_GetClocksFreq  stm32f10x_rcc.o
    0x080016b0   0x080016b0   0x00000002   Code   RO          131    i.SVC_Handler       stm32f10x_it.o
    0x080016b2   0x080016b2   0x00000008   Code   RO          172    i.SetSysClock       system_stm32f10x.o
    0x080016ba   0x080016ba   0x00000002   PAD
    0x080016bc   0x080016bc   0x000000e0   Code   RO          173    i.SetSysClockTo72   system_stm32f10x.o
    0x0800179c   0x0800179c   0x00000010   Code   RO          206    i.SysTick_Handler   board.o
    0x080017ac   0x080017ac   0x000000a4   Code   RO          174    i.SystemCoreClockUpdate  system_stm32f10x.o
    0x08001850   0x08001850   0x00000060   Code   RO          175    i.SystemInit        system_stm32f10x.o
    0x080018b0   0x080018b0   0x0000006c   Code   RO         1009    i.TIM3_IRQHandler   drv_timer.o
    0x0800191c   0x0800191c   0x00000018   Code   RO         3310    i.TIM_ARRPreloadConfig  stm32f10x_tim.o
    0x08001934   0x08001934   0x00000020   Code   RO         3311    i.TIM_BDTRConfig    stm32f10x_tim.o
    0x08001954   0x08001954   0x00000006   Code   RO         3316    i.TIM_ClearFlag     stm32f10x_tim.o
    0x0800195a   0x0800195a   0x00000006   Code   RO         3317    i.TIM_ClearITPendingBit  stm32f10x_tim.o
    0x08001960   0x08001960   0x00000018   Code   RO         3322    i.TIM_Cmd           stm32f10x_tim.o
    0x08001978   0x08001978   0x0000001e   Code   RO         3324    i.TIM_CtrlPWMOutputs  stm32f10x_tim.o
    0x08001996   0x08001996   0x00000002   PAD
    0x08001998   0x08001998   0x000001e8   Code   RO         3327    i.TIM_DeInit        stm32f10x_tim.o
    0x08001b80   0x08001b80   0x00000022   Code   RO         3343    i.TIM_GetITStatus   stm32f10x_tim.o
    0x08001ba2   0x08001ba2   0x00000012   Code   RO         3347    i.TIM_ITConfig      stm32f10x_tim.o
    0x08001bb4   0x08001bb4   0x0000000c   Code   RO         3349    i.TIM_InternalClockConfig  stm32f10x_tim.o
    0x08001bc0   0x08001bc0   0x00000098   Code   RO         3351    i.TIM_OC1Init       stm32f10x_tim.o
    0x08001c58   0x08001c58   0x00000012   Code   RO         3354    i.TIM_OC1PreloadConfig  stm32f10x_tim.o
    0x08001c6a   0x08001c6a   0x00000002   PAD
    0x08001c6c   0x08001c6c   0x000000a4   Code   RO         3356    i.TIM_OC2Init       stm32f10x_tim.o
    0x08001d10   0x08001d10   0x0000001a   Code   RO         3359    i.TIM_OC2PreloadConfig  stm32f10x_tim.o
    0x08001d2a   0x08001d2a   0x00000002   PAD
    0x08001d2c   0x08001d2c   0x000000a0   Code   RO         3361    i.TIM_OC3Init       stm32f10x_tim.o
    0x08001dcc   0x08001dcc   0x00000012   Code   RO         3364    i.TIM_OC3PreloadConfig  stm32f10x_tim.o
    0x08001dde   0x08001dde   0x00000002   PAD
    0x08001de0   0x08001de0   0x0000007c   Code   RO         3366    i.TIM_OC4Init       stm32f10x_tim.o
    0x08001e5c   0x08001e5c   0x0000001a   Code   RO         3368    i.TIM_OC4PreloadConfig  stm32f10x_tim.o
    0x08001e76   0x08001e76   0x00000014   Code   RO         3369    i.TIM_OCStructInit  stm32f10x_tim.o
    0x08001e8a   0x08001e8a   0x00000004   Code   RO         3381    i.TIM_SetAutoreload  stm32f10x_tim.o
    0x08001e8e   0x08001e8e   0x00000004   Code   RO         3383    i.TIM_SetCompare1   stm32f10x_tim.o
    0x08001e92   0x08001e92   0x00000002   PAD
    0x08001e94   0x08001e94   0x000000a4   Code   RO         3393    i.TIM_TimeBaseInit  stm32f10x_tim.o
    0x08001f38   0x08001f38   0x00000012   Code   RO         3394    i.TIM_TimeBaseStructInit  stm32f10x_tim.o
    0x08001f4a   0x08001f4a   0x00000002   PAD
    0x08001f4c   0x08001f4c   0x0000007c   Code   RO         1010    i.Time3_Init        drv_timer.o
    0x08001fc8   0x08001fc8   0x0000000e   Code   RO         1011    i.Time3_Init_interfaces  drv_timer.o
    0x08001fd6   0x08001fd6   0x00000002   PAD
    0x08001fd8   0x08001fd8   0x00000010   Code   RO         1012    i.Time3_Start       drv_timer.o
    0x08001fe8   0x08001fe8   0x00000010   Code   RO         1013    i.Time3_Stop        drv_timer.o
    0x08001ff8   0x08001ff8   0x00000088   Code   RO          572    i.USART1_IRQHandler  usart.o
    0x08002080   0x08002080   0x00000012   Code   RO         3854    i.USART_ClearFlag   stm32f10x_usart.o
    0x08002092   0x08002092   0x00000018   Code   RO         3858    i.USART_Cmd         stm32f10x_usart.o
    0x080020aa   0x080020aa   0x0000001a   Code   RO         3861    i.USART_GetFlagStatus  stm32f10x_usart.o
    0x080020c4   0x080020c4   0x00000054   Code   RO         3862    i.USART_GetITStatus  stm32f10x_usart.o
    0x08002118   0x08002118   0x000000d8   Code   RO         3865    i.USART_Init        stm32f10x_usart.o
    0x080021f0   0x080021f0   0x0000000a   Code   RO         3872    i.USART_ReceiveData  stm32f10x_usart.o
    0x080021fa   0x080021fa   0x00000008   Code   RO         3875    i.USART_SendData    stm32f10x_usart.o
    0x08002202   0x08002202   0x00000004   Code   RO          132    i.UsageFault_Handler  stm32f10x_it.o
    0x08002206   0x08002206   0x00000002   PAD
    0x08002208   0x08002208   0x00000090   Code   RO          859    i.V1_PWM_SET_Init   pwm.o
    0x08002298   0x08002298   0x000000a4   Code   RO          861    i.V2_PWM_SET_Init   pwm.o
    0x0800233c   0x0800233c   0x0000000a   Code   RO          309    i.V_thread_entry    chrg_ctrl.o
    0x08002346   0x08002346   0x00000002   PAD
    0x08002348   0x08002348   0x00000040   Code   RO          310    i.V_thread_init     chrg_ctrl.o
    0x08002388   0x08002388   0x00000030   Code   RO          207    i._SysTick_Config   board.o
    0x080023b8   0x080023b8   0x0000004c   Code   RO         4539    i.__rt_ffs          kservice.o
    0x08002404   0x08002404   0x0000000e   Code   RO         5546    i.__scatterload_copy  mc_w.l(handlers.o)
    0x08002412   0x08002412   0x00000002   Code   RO         5547    i.__scatterload_null  mc_w.l(handlers.o)
    0x08002414   0x08002414   0x0000000e   Code   RO         5548    i.__scatterload_zeroinit  mc_w.l(handlers.o)
    0x08002422   0x08002422   0x00000002   PAD
    0x08002424   0x08002424   0x00000014   Code   RO         4200    i._has_defunct_thread  idle.o
    0x08002438   0x08002438   0x0000006a   Code   RO         5348    i._msh_exec_cmd     msh.o
    0x080024a2   0x080024a2   0x00000002   PAD
    0x080024a4   0x080024a4   0x00000084   Code   RO         4948    i._rt_thread_init   thread.o
    0x08002528   0x08002528   0x00000042   Code   RO         5069    i._rt_timer_init    timer.o
    0x0800256a   0x0800256a   0x0000002e   Code   RO         5070    i._rt_timer_remove  timer.o
    0x08002598   0x08002598   0x000000fc   Code   RO         5185    i.bus_fault_track   cpuport.o
    0x08002694   0x08002694   0x0000003c   Code   RO          626    i.button_process_init  gpio.o
    0x080026d0   0x080026d0   0x0000015c   Code   RO          627    i.button_thread_entry  gpio.o
    0x0800282c   0x0800282c   0x00000034   Code   RO          311    i.chargering_start  chrg_ctrl.o
    0x08002860   0x08002860   0x0000000e   Code   RO         5349    i.cmd_free          msh.o
    0x0800286e   0x0800286e   0x0000000e   Code   RO         5350    i.cmd_ps            msh.o
    0x0800287c   0x0800287c   0x00000064   Code   RO          427    i.current_pp_adjust  mcu_adc.o
    0x080028e0   0x080028e0   0x00000074   Code   RO         5421    i.finsh_get_prompt  shell.o
    0x08002954   0x08002954   0x00000008   Code   RO         5423    i.finsh_getchar     shell.o
    0x0800295c   0x0800295c   0x0000001c   Code   RO         5426    i.finsh_set_prompt_mode  shell.o
    0x08002978   0x08002978   0x00000014   Code   RO         5427    i.finsh_system_function_init  shell.o
    0x0800298c   0x0800298c   0x0000009c   Code   RO         5428    i.finsh_system_init  shell.o
    0x08002a28   0x08002a28   0x000003c8   Code   RO         5430    i.finsh_thread_entry  shell.o
    0x08002df0   0x08002df0   0x0000002c   Code   RO          628    i.gpio_init         gpio.o
    0x08002e1c   0x08002e1c   0x00000080   Code   RO         5186    i.hard_fault_track  cpuport.o
    0x08002e9c   0x08002e9c   0x00000020   Code   RO         5244    i.hello             cmd.o
    0x08002ebc   0x08002ebc   0x00000040   Code   RO          629    i.key_init          gpio.o
    0x08002efc   0x08002efc   0x000000f8   Code   RO          815    i.led_ctrl_function  led.o
    0x08002ff4   0x08002ff4   0x00000010   Code   RO          816    i.led_thread_entry  led.o
    0x08003004   0x08003004   0x00000038   Code   RO          817    i.led_thread_init   led.o
    0x0800303c   0x0800303c   0x00000058   Code   RO         5245    i.list              cmd.o
    0x08003094   0x08003094   0x00000144   Code   RO         5246    i.list_event        cmd.o
    0x080031d8   0x080031d8   0x0000002a   Code   RO         5247    i.list_find_init    cmd.o
    0x08003202   0x08003202   0x00000088   Code   RO         5248    i.list_get_next     cmd.o
    0x0800328a   0x0800328a   0x00000002   PAD
    0x0800328c   0x0800328c   0x0000015c   Code   RO         5249    i.list_mailbox      cmd.o
    0x080033e8   0x080033e8   0x00000078   Code   RO         4716    i.list_mem          mem.o
    0x08003460   0x08003460   0x00000144   Code   RO         5250    i.list_msgqueue     cmd.o
    0x080035a4   0x080035a4   0x00000110   Code   RO         5251    i.list_mutex        cmd.o
    0x080036b4   0x080036b4   0x00000138   Code   RO         5252    i.list_sem          cmd.o
    0x080037ec   0x080037ec   0x000001e4   Code   RO         5253    i.list_thread       cmd.o
    0x080039d0   0x080039d0   0x00000160   Code   RO         5254    i.list_timer        cmd.o
    0x08003b30   0x08003b30   0x00000004   Code   RO            1    i.main              main.o
    0x08003b34   0x08003b34   0x0000000e   Code   RO         4127    i.main_thread_entry  components.o
    0x08003b42   0x08003b42   0x00000002   PAD
    0x08003b44   0x08003b44   0x0000009c   Code   RO          630    i.mcu_gpio_init     gpio.o
    0x08003be0   0x08003be0   0x000000e8   Code   RO         5187    i.mem_manage_fault_track  cpuport.o
    0x08003cc8   0x08003cc8   0x000000a0   Code   RO         5351    i.msh_auto_complete  msh.o
    0x08003d68   0x08003d68   0x0000006c   Code   RO         5352    i.msh_exec          msh.o
    0x08003dd4   0x08003dd4   0x0000005c   Code   RO         5353    i.msh_get_cmd       msh.o
    0x08003e30   0x08003e30   0x00000074   Code   RO         5354    i.msh_help          msh.o
    0x08003ea4   0x08003ea4   0x00000004   Code   RO         5355    i.msh_is_used       msh.o
    0x08003ea8   0x08003ea8   0x000000f0   Code   RO         5356    i.msh_split         msh.o
    0x08003f98   0x08003f98   0x0000001c   Code   RO         5255    i.object_split      cmd.o
    0x08003fb4   0x08003fb4   0x00000078   Code   RO         4717    i.plug_holes        mem.o
    0x0800402c   0x0800402c   0x0000001c   Code   RO          631    i.power_on_disenabled  gpio.o
    0x08004048   0x08004048   0x0000001c   Code   RO          632    i.power_on_enabled  gpio.o
    0x08004064   0x08004064   0x00000198   Code   RO         4541    i.print_number      kservice.o
    0x080041fc   0x080041fc   0x00000038   Code   RO          866    i.pwm_entry         pwm.o
    0x08004234   0x08004234   0x00000040   Code   RO          867    i.pwm_thread_init   pwm.o
    0x08004274   0x08004274   0x00000030   Code   RO         4128    i.rt_application_init  components.o
    0x080042a4   0x080042a4   0x00000022   Code   RO         4718    i.rt_calloc         mem.o
    0x080042c6   0x080042c6   0x00000002   PAD
    0x080042c8   0x080042c8   0x0000001c   Code   RO         4129    i.rt_components_board_init  components.o
    0x080042e4   0x080042e4   0x0000001c   Code   RO         4130    i.rt_components_init  components.o
    0x08004300   0x08004300   0x00000020   Code   RO         4876    i.rt_enter_critical  scheduler.o
    0x08004320   0x08004320   0x00000044   Code   RO         4877    i.rt_exit_critical  scheduler.o
    0x08004364   0x08004364   0x000000e0   Code   RO         4719    i.rt_free           mem.o
    0x08004444   0x08004444   0x00000008   Code   RO          208    i.rt_heap_begin_get  board.o
    0x0800444c   0x0800444c   0x00000008   Code   RO          209    i.rt_heap_end_get   board.o
    0x08004454   0x08004454   0x00000044   Code   RO          210    i.rt_hw_board_init  board.o
    0x08004498   0x08004498   0x00000044   Code   RO          574    i.rt_hw_console_getchar  usart.o
    0x080044dc   0x080044dc   0x00000050   Code   RO          575    i.rt_hw_console_output  usart.o
    0x0800452c   0x0800452c   0x00000208   Code   RO         5191    i.rt_hw_hard_fault_exception  cpuport.o
    0x08004734   0x08004734   0x0000004c   Code   RO         5192    i.rt_hw_stack_init  cpuport.o
    0x08004780   0x08004780   0x00000020   Code   RO         4512    i.rt_interrupt_enter  irq.o
    0x080047a0   0x080047a0   0x00000020   Code   RO         4514    i.rt_interrupt_leave  irq.o
    0x080047c0   0x080047c0   0x00000014   Code   RO         4247    i.rt_ipc_list_resume  ipc.o
    0x080047d4   0x080047d4   0x00000032   Code   RO         4248    i.rt_ipc_list_resume_all  ipc.o
    0x08004806   0x08004806   0x0000006c   Code   RO         4249    i.rt_ipc_list_suspend  ipc.o
    0x08004872   0x08004872   0x00000010   Code   RO         4250    i.rt_ipc_object_init  ipc.o
    0x08004882   0x08004882   0x00000002   PAD
    0x08004884   0x08004884   0x00000030   Code   RO         4545    i.rt_kprintf        kservice.o
    0x080048b4   0x080048b4   0x00000006   Code   RO         4251    i.rt_list_init      ipc.o
    0x080048ba   0x080048ba   0x00000006   Code   RO         4878    i.rt_list_init      scheduler.o
    0x080048c0   0x080048c0   0x00000006   Code   RO         5071    i.rt_list_init      timer.o
    0x080048c6   0x080048c6   0x0000000e   Code   RO         4800    i.rt_list_insert_after  object.o
    0x080048d4   0x080048d4   0x0000000e   Code   RO         4949    i.rt_list_insert_after  thread.o
    0x080048e2   0x080048e2   0x0000000e   Code   RO         5072    i.rt_list_insert_after  timer.o
    0x080048f0   0x080048f0   0x0000000e   Code   RO         4252    i.rt_list_insert_before  ipc.o
    0x080048fe   0x080048fe   0x00000010   Code   RO         4253    i.rt_list_isempty   ipc.o
    0x0800490e   0x0800490e   0x00000010   Code   RO         5073    i.rt_list_isempty   timer.o
    0x0800491e   0x0800491e   0x00000010   Code   RO         5256    i.rt_list_isempty   cmd.o
    0x0800492e   0x0800492e   0x00000014   Code   RO         5257    i.rt_list_len       cmd.o
    0x08004942   0x08004942   0x00000012   Code   RO         4801    i.rt_list_remove    object.o
    0x08004954   0x08004954   0x00000012   Code   RO         4950    i.rt_list_remove    thread.o
    0x08004966   0x08004966   0x00000002   PAD
    0x08004968   0x08004968   0x0000016c   Code   RO         4720    i.rt_malloc         mem.o
    0x08004ad4   0x08004ad4   0x0000003e   Code   RO         4258    i.rt_mb_init        ipc.o
    0x08004b12   0x08004b12   0x000000f4   Code   RO         4259    i.rt_mb_recv        ipc.o
    0x08004c06   0x08004c06   0x0000007c   Code   RO         4549    i.rt_memcpy         kservice.o
    0x08004c82   0x08004c82   0x00000042   Code   RO         4550    i.rt_memmove        kservice.o
    0x08004cc4   0x08004cc4   0x00000048   Code   RO         4551    i.rt_memset         kservice.o
    0x08004d0c   0x08004d0c   0x00000080   Code   RO         4263    i.rt_mq_create      ipc.o
    0x08004d8c   0x08004d8c   0x0000001c   Code   RO         4264    i.rt_mq_delete      ipc.o
    0x08004da8   0x08004da8   0x000000fc   Code   RO         4267    i.rt_mq_recv        ipc.o
    0x08004ea4   0x08004ea4   0x00000054   Code   RO         4802    i.rt_object_allocate  object.o
    0x08004ef8   0x08004ef8   0x00000024   Code   RO         4803    i.rt_object_delete  object.o
    0x08004f1c   0x08004f1c   0x0000001e   Code   RO         4804    i.rt_object_detach  object.o
    0x08004f3a   0x08004f3a   0x00000002   PAD
    0x08004f3c   0x08004f3c   0x00000028   Code   RO         4806    i.rt_object_get_information  object.o
    0x08004f64   0x08004f64   0x00000056   Code   RO         4808    i.rt_object_init    object.o
    0x08004fba   0x08004fba   0x00000012   Code   RO         4809    i.rt_object_is_systemobject  object.o
    0x08004fcc   0x08004fcc   0x00000084   Code   RO         4879    i.rt_schedule       scheduler.o
    0x08005050   0x08005050   0x00000050   Code   RO         4880    i.rt_schedule_insert_thread  scheduler.o
    0x080050a0   0x080050a0   0x00000054   Code   RO         4881    i.rt_schedule_remove_thread  scheduler.o
    0x080050f4   0x080050f4   0x00000026   Code   RO         4281    i.rt_sem_init       ipc.o
    0x0800511a   0x0800511a   0x0000003a   Code   RO         4282    i.rt_sem_release    ipc.o
    0x08005154   0x08005154   0x00000074   Code   RO         4283    i.rt_sem_take       ipc.o
    0x080051c8   0x080051c8   0x000000b0   Code   RO         4553    i.rt_show_version   kservice.o
    0x08005278   0x08005278   0x00000012   Code   RO         4559    i.rt_strlen         kservice.o
    0x0800528a   0x0800528a   0x00000034   Code   RO         4561    i.rt_strncpy        kservice.o
    0x080052be   0x080052be   0x00000002   PAD
    0x080052c0   0x080052c0   0x000000f8   Code   RO         4723    i.rt_system_heap_init  mem.o
    0x080053b8   0x080053b8   0x0000004c   Code   RO         4882    i.rt_system_scheduler_init  scheduler.o
    0x08005404   0x08005404   0x00000030   Code   RO         4883    i.rt_system_scheduler_start  scheduler.o
    0x08005434   0x08005434   0x0000001c   Code   RO         5074    i.rt_system_timer_init  timer.o
    0x08005450   0x08005450   0x00000002   Code   RO         5075    i.rt_system_timer_thread_init  timer.o
    0x08005452   0x08005452   0x00000050   Code   RO         4952    i.rt_thread_create  thread.o
    0x080054a2   0x080054a2   0x00000002   PAD
    0x080054a4   0x080054a4   0x00000058   Code   RO         4956    i.rt_thread_exit    thread.o
    0x080054fc   0x080054fc   0x00000008   Code   RO         4201    i.rt_thread_idle_entry  idle.o
    0x08005504   0x08005504   0x00000090   Code   RO         4202    i.rt_thread_idle_excute  idle.o
    0x08005594   0x08005594   0x0000003c   Code   RO         4204    i.rt_thread_idle_init  idle.o
    0x080055d0   0x080055d0   0x00000034   Code   RO         4958    i.rt_thread_init    thread.o
    0x08005604   0x08005604   0x00000014   Code   RO         4959    i.rt_thread_mdelay  thread.o
    0x08005618   0x08005618   0x0000003c   Code   RO         4960    i.rt_thread_resume  thread.o
    0x08005654   0x08005654   0x0000000c   Code   RO         4961    i.rt_thread_self    thread.o
    0x08005660   0x08005660   0x00000044   Code   RO         4962    i.rt_thread_sleep   thread.o
    0x080056a4   0x080056a4   0x0000002c   Code   RO         4963    i.rt_thread_startup  thread.o
    0x080056d0   0x080056d0   0x00000044   Code   RO         4964    i.rt_thread_suspend  thread.o
    0x08005714   0x08005714   0x00000020   Code   RO         4965    i.rt_thread_timeout  thread.o
    0x08005734   0x08005734   0x00000064   Code   RO         4966    i.rt_thread_yield   thread.o
    0x08005798   0x08005798   0x00000038   Code   RO         4089    i.rt_tick_from_millisecond  clock.o
    0x080057d0   0x080057d0   0x0000000c   Code   RO         4090    i.rt_tick_get       clock.o
    0x080057dc   0x080057dc   0x00000030   Code   RO         4091    i.rt_tick_increase  clock.o
    0x0800580c   0x0800580c   0x0000007c   Code   RO         5076    i.rt_timer_check    timer.o
    0x08005888   0x08005888   0x00000038   Code   RO         5077    i.rt_timer_control  timer.o
    0x080058c0   0x080058c0   0x00000020   Code   RO         5080    i.rt_timer_detach   timer.o
    0x080058e0   0x080058e0   0x0000002e   Code   RO         5081    i.rt_timer_init     timer.o
    0x0800590e   0x0800590e   0x00000002   PAD
    0x08005910   0x08005910   0x000000f8   Code   RO         5084    i.rt_timer_start    timer.o
    0x08005a08   0x08005a08   0x00000030   Code   RO         5085    i.rt_timer_stop     timer.o
    0x08005a38   0x08005a38   0x00000330   Code   RO         4564    i.rt_vsnprintf      kservice.o
    0x08005d68   0x08005d68   0x00000004   Code   RO         4131    i.rti_board_end     components.o
    0x08005d6c   0x08005d6c   0x00000004   Code   RO         4132    i.rti_board_start   components.o
    0x08005d70   0x08005d70   0x00000004   Code   RO         4133    i.rti_end           components.o
    0x08005d74   0x08005d74   0x00000004   Code   RO         4134    i.rti_start         components.o
    0x08005d78   0x08005d78   0x0000002a   Code   RO         4135    i.rtthread_startup  components.o
    0x08005da2   0x08005da2   0x00000002   PAD
    0x08005da4   0x08005da4   0x00000030   Code   RO          868    i.set_f             pwm.o
    0x08005dd4   0x08005dd4   0x00000038   Code   RO         5431    i.shell_auto_complete  shell.o
    0x08005e0c   0x08005e0c   0x00000030   Code   RO         5258    i.show_wait_queue   cmd.o
    0x08005e3c   0x08005e3c   0x00000026   Code   RO         4566    i.skip_atoi         kservice.o
    0x08005e62   0x08005e62   0x00000020   Code   RO         5357    i.str_common        msh.o
    0x08005e82   0x08005e82   0x00000002   PAD
    0x08005e84   0x08005e84   0x00000078   Code   RO          576    i.uart_init         usart.o
    0x08005efc   0x08005efc   0x000000e8   Code   RO         5193    i.usage_fault_track  cpuport.o
    0x08005fe4   0x08005fe4   0x0000000a   Code   RO         5259    i.version           cmd.o
    0x08005fee   0x08005fee   0x00000002   PAD
    0x08005ff0   0x08005ff0   0x00000030   Data   RO          432    .constdata          mcu_adc.o
    0x08006020   0x08006020   0x00000018   Data   RO          634    .constdata          gpio.o
    0x08006038   0x08006038   0x00000122   Data   RO         4568    .constdata          kservice.o
    0x0800615a   0x0800615a   0x00000009   Data   RO         4725    .constdata          mem.o
    0x08006163   0x08006163   0x000000ed   Data   RO         5260    .constdata          cmd.o
    0x08006250   0x08006250   0x0000001f   Data   RO         5358    .constdata          msh.o
    0x0800626f   0x0800626f   0x00000001   PAD
    0x08006270   0x08006270   0x00000044   Data   RO         5261    .conststring        cmd.o
    0x080062b4   0x080062b4   0x00000004   Data   RO         4136    .rti_fn.0           components.o
    0x080062b8   0x080062b8   0x00000004   Data   RO         4137    .rti_fn.0.end       components.o
    0x080062bc   0x080062bc   0x00000004   Data   RO         4138    .rti_fn.1.end       components.o
    0x080062c0   0x080062c0   0x00000004   Data   RO          636    .rti_fn.3           gpio.o
    0x080062c4   0x080062c4   0x00000004   Data   RO          871    .rti_fn.3           pwm.o
    0x080062c8   0x080062c8   0x00000004   Data   RO         1015    .rti_fn.3           drv_timer.o
    0x080062cc   0x080062cc   0x0000000c   Data   RO          315    .rti_fn.6           chrg_ctrl.o
    0x080062d8   0x080062d8   0x00000004   Data   RO          434    .rti_fn.6           mcu_adc.o
    0x080062dc   0x080062dc   0x00000004   Data   RO          637    .rti_fn.6           gpio.o
    0x080062e0   0x080062e0   0x00000004   Data   RO          820    .rti_fn.6           led.o
    0x080062e4   0x080062e4   0x00000004   Data   RO          872    .rti_fn.6           pwm.o
    0x080062e8   0x080062e8   0x00000004   Data   RO         5434    .rti_fn.6           shell.o
    0x080062ec   0x080062ec   0x00000004   Data   RO         4139    .rti_fn.6.end       components.o
    0x080062f0   0x080062f0   0x00000008   Data   RO         4727    FSymTab             mem.o
    0x080062f8   0x080062f8   0x00000090   Data   RO         5262    FSymTab             cmd.o
    0x08006388   0x08006388   0x00000018   Data   RO         5359    FSymTab             msh.o
    0x080063a0   0x080063a0   0x00000020   Data   RO         5544    Region$$Table       anon$$obj.o


    Execution Region ER_RW (Exec base: 0x20000000, Load base: 0x080063c0, Size: 0x00000314, Max: 0xffffffff, ABSOLUTE, COMPRESSED[0x000001e4])

    Exec Addr    Load Addr    Size         Type   Attr      Idx    E Section Name        Object

    0x20000000   COMPRESSED   0x00000014   Data   RW          176    .data               system_stm32f10x.o
    0x20000014   COMPRESSED   0x0000001a   Data   RW          314    .data               chrg_ctrl.o
    0x2000002e   COMPRESSED   0x00000002   PAD
    0x20000030   COMPRESSED   0x0000004a   Data   RW          433    .data               mcu_adc.o
    0x2000007a   COMPRESSED   0x00000002   PAD
    0x2000007c   COMPRESSED   0x00000006   Data   RW          578    .data               usart.o
    0x20000082   COMPRESSED   0x00000002   PAD
    0x20000084   COMPRESSED   0x00000008   Data   RW          635    .data               gpio.o
    0x2000008c   COMPRESSED   0x00000008   Data   RW          819    .data               led.o
    0x20000094   COMPRESSED   0x0000018c   Data   RW          870    .data               pwm.o
    0x20000220   COMPRESSED   0x00000002   Data   RW         1014    .data               drv_timer.o
    0x20000222   COMPRESSED   0x00000014   Data   RW         2718    .data               stm32f10x_rcc.o
    0x20000236   COMPRESSED   0x00000002   PAD
    0x20000238   COMPRESSED   0x00000004   Data   RW         4093    .data               clock.o
    0x2000023c   COMPRESSED   0x00000001   Data   RW         4515    .data               irq.o
    0x2000023d   COMPRESSED   0x00000003   PAD
    0x20000240   COMPRESSED   0x00000018   Data   RW         4726    .data               mem.o
    0x20000258   COMPRESSED   0x00000070   Data   RW         4811    .data               object.o
    0x200002c8   COMPRESSED   0x00000018   Data   RW         4885    .data               scheduler.o
    0x200002e0   COMPRESSED   0x0000000c   Data   RW         5086    .data               timer.o
    0x200002ec   COMPRESSED   0x00000010   Data   RW         5194    .data               cpuport.o
    0x200002fc   COMPRESSED   0x00000018   Data   RW         5433    .data               shell.o


    Execution Region ER_ZI (Exec base: 0x20000314, Load base: 0x080065a4, Size: 0x00002a1c, Max: 0xffffffff, ABSOLUTE)

    Exec Addr    Load Addr    Size         Type   Attr      Idx    E Section Name        Object

    0x20000314        -       0x00001000   Zero   RW          211    .bss                board.o
    0x20001314        -       0x00000968   Zero   RW          313    .bss                chrg_ctrl.o
    0x20001c7c        -       0x000001da   Zero   RW          431    .bss                mcu_adc.o
    0x20001e56        -       0x000000c8   Zero   RW          577    .bss                usart.o
    0x20001f1e   0x080065a4   0x00000002   PAD
    0x20001f20        -       0x00000010   Zero   RW          633    .bss                gpio.o
    0x20001f30        -       0x00000190   Zero   RW          818    .bss                led.o
    0x200020c0        -       0x000004b0   Zero   RW          869    .bss                pwm.o
    0x20002570        -       0x00000190   Zero   RW         4205    .bss                idle.o
    0x20002700        -       0x00000080   Zero   RW         4567    .bss                kservice.o
    0x20002780        -       0x00000028   Zero   RW         4724    .bss                mem.o
    0x200027a8        -       0x00000100   Zero   RW         4884    .bss                scheduler.o
    0x200028a8        -       0x00000081   Zero   RW         5432    .bss                shell.o
    0x20002929   0x080065a4   0x00000007   PAD
    0x20002930        -       0x00000400   Zero   RW         1114    STACK               startup_stm32f10x_hd.o


==============================================================================

Image component sizes


      Code (inc. data)   RO Data    RW Data    ZI Data      Debug   Object Name

       148         16          0          0       4096     219933   board.o
       872        216         12         26       2408       8080   chrg_ctrl.o
       116         12          0          4          0       1912   clock.o
      2836        972        449          0          0      18730   cmd.o
       186         30         16          0          0       6372   components.o
       244         26          0          0          0        840   context_rvds.o
      1440        724          0         16          0       5918   cpuport.o
       278         32          4          2          0       3836   drv_timer.o
       880        314         32          8         16       9054   gpio.o
       232         32          0          0        400       5906   idle.o
      1156          0          0          0          0      13818   ipc.o
        64         12          0          1          0       1830   irq.o
      1894        164        290          0        128      10929   kservice.o
       320         26          4          8        400       2559   led.o
         4          0          0          0          0      65601   main.o
      1420        184         52         74        474      11587   mcu_adc.o
      1110        310         17         24         40       5570   mem.o
       132         22          0          0          0       1771   misc.o
       886        154         55          0          0       9681   msh.o
       326          4          0        112          0       8848   object.o
      1018        138          8        396       1200      14331   pwm.o
       526         90          0         24        256       8966   scheduler.o
      1352        152          4         24        129      10572   shell.o
        36          8        304          0       1024        836   startup_stm32f10x_hd.o
       390         10          0          0          0       7909   stm32f10x_adc.o
       506         26          0          0          0       5539   stm32f10x_dma.o
       160         12          0          0          0       1741   stm32f10x_exti.o
       522         10          0          0          0       6136   stm32f10x_gpio.o
        18          0          0          0          0       2699   stm32f10x_it.o
       396         56          0         20          0       7167   stm32f10x_rcc.o
      1572        156          0          0          0      15472   stm32f10x_tim.o
       386          6          0          0          0       6326   stm32f10x_usart.o
         0          0          0          0          0         32   sys.o
       492         50          0         20          0       3037   system_stm32f10x.o
       788         38          0          0          0      12392   thread.o
       732         20          0         12          0      11836   timer.o
       404         34          0          6        200       4691   usart.o

    ----------------------------------------------------------------------
     23898       4056       1280        788      10780     532457   Object Totals
         0          0         32          0          0          0   (incl. Generated)
        56          0          1         11          9          0   (incl. Padding)

    ----------------------------------------------------------------------

      Code (inc. data)   RO Data    RW Data    ZI Data      Debug   Library Member Name

        86          0          0          0          0          0   __dczerorl2.o
         0          0          0          0          0          0   entry.o
         0          0          0          0          0          0   entry10a.o
         0          0          0          0          0          0   entry11a.o
         8          4          0          0          0          0   entry2.o
         4          0          0          0          0          0   entry5.o
         0          0          0          0          0          0   entry7b.o
         0          0          0          0          0          0   entry8b.o
         8          4          0          0          0          0   entry9a.o
        30          0          0          0          0          0   handlers.o
        36          8          0          0          0         68   init.o
        36          0          0          0          0         68   memcpya.o
        36          0          0          0          0        108   memseta.o
        24          0          0          0          0         68   strcat.o
        18          0          0          0          0         68   strcpy.o
        14          0          0          0          0         68   strlen.o
        30          0          0          0          0         80   strncmp.o
        24          0          0          0          0         76   strncpy.o

    ----------------------------------------------------------------------
       358         16          0          0          0        604   Library Totals
         4          0          0          0          0          0   (incl. Padding)

    ----------------------------------------------------------------------

      Code (inc. data)   RO Data    RW Data    ZI Data      Debug   Library Name

       354         16          0          0          0        604   mc_w.l

    ----------------------------------------------------------------------
       358         16          0          0          0        604   Library Totals

    ----------------------------------------------------------------------

==============================================================================


      Code (inc. data)   RO Data    RW Data    ZI Data      Debug   

     24256       4072       1280        788      10780     519461   Grand Totals
     24256       4072       1280        484      10780     519461   ELF Image Totals (compressed)
     24256       4072       1280        484          0          0   ROM Totals

==============================================================================

    Total RO  Size (Code + RO Data)                25536 (  24.94kB)
    Total RW  Size (RW Data + ZI Data)             11568 (  11.30kB)
    Total ROM Size (Code + RO Data + RW Data)      26020 (  25.41kB)

==============================================================================

