Component: ARM Compiler 5.06 update 6 (build 750) Tool: armlink [4d35ed]

==============================================================================

Section Cross References

    main.o(i.main) refers to gpio.o(i.mcu_gpio_init) for mcu_gpio_init
    system_stm32f10x.o(i.SetSysClock) refers to system_stm32f10x.o(i.SetSysClockTo72) for SetSysClockTo72
    system_stm32f10x.o(i.SystemCoreClockUpdate) refers to system_stm32f10x.o(.data) for SystemCoreClock
    system_stm32f10x.o(i.SystemInit) refers to system_stm32f10x.o(i.SetSysClock) for SetSysClock
    board.o(i.SysTick_Handler) refers to irq.o(i.rt_interrupt_enter) for rt_interrupt_enter
    board.o(i.SysTick_Handler) refers to clock.o(i.rt_tick_increase) for rt_tick_increase
    board.o(i.SysTick_Handler) refers to irq.o(i.rt_interrupt_leave) for rt_interrupt_leave
    board.o(i.rt_heap_begin_get) refers to board.o(.bss) for rt_heap
    board.o(i.rt_heap_end_get) refers to board.o(.bss) for rt_heap
    board.o(i.rt_hw_board_init) refers to system_stm32f10x.o(i.SystemCoreClockUpdate) for SystemCoreClockUpdate
    board.o(i.rt_hw_board_init) refers to misc.o(i.NVIC_PriorityGroupConfig) for NVIC_PriorityGroupConfig
    board.o(i.rt_hw_board_init) refers to board.o(i._SysTick_Config) for _SysTick_Config
    board.o(i.rt_hw_board_init) refers to usart.o(i.uart_init) for uart_init
    board.o(i.rt_hw_board_init) refers to components.o(i.rt_components_board_init) for rt_components_board_init
    board.o(i.rt_hw_board_init) refers to board.o(i.rt_heap_end_get) for rt_heap_end_get
    board.o(i.rt_hw_board_init) refers to board.o(i.rt_heap_begin_get) for rt_heap_begin_get
    board.o(i.rt_hw_board_init) refers to mem.o(i.rt_system_heap_init) for rt_system_heap_init
    board.o(i.rt_hw_board_init) refers to system_stm32f10x.o(.data) for SystemCoreClock
    chrg_ctrl.o(i.BAT_Fault) refers to gpio.o(i.power_on_disenabled) for power_on_disenabled
    chrg_ctrl.o(i.CC_Chargering) refers to pwm.o(i.set_f) for set_f
    chrg_ctrl.o(i.CC_Chargering) refers to chrg_ctrl.o(.data) for chrg_ctrl_obj
    chrg_ctrl.o(i.CC_Chargering) refers to chrg_ctrl.o(.bss) for I_chrg_ctrl_obj
    chrg_ctrl.o(i.CHRG_CTRL_thread_entry) refers to chrg_ctrl.o(i.chrg_stop) for chrg_stop
    chrg_ctrl.o(i.CHRG_CTRL_thread_entry) refers to chrg_ctrl.o(i.BAT_Fault) for BAT_Fault
    chrg_ctrl.o(i.CHRG_CTRL_thread_entry) refers to chrg_ctrl.o(i.Chargering_ctrl) for Chargering_ctrl
    chrg_ctrl.o(i.CHRG_CTRL_thread_entry) refers to chrg_ctrl.o(.data) for chrg_ctrl_obj
    chrg_ctrl.o(i.CV_Chargering) refers to chrg_ctrl.o(.data) for chrg_ctrl_obj
    chrg_ctrl.o(i.Chargering_Finished) refers to gpio.o(i.power_on_disenabled) for power_on_disenabled
    chrg_ctrl.o(i.Chargering_Finished) refers to stm32f10x_gpio.o(i.GPIO_ResetBits) for GPIO_ResetBits
    chrg_ctrl.o(i.Chargering_ctrl) refers to chrg_ctrl.o(i.chargering_start) for chargering_start
    chrg_ctrl.o(i.Chargering_ctrl) refers to chrg_ctrl.o(i.Pre_Chargering) for Pre_Chargering
    chrg_ctrl.o(i.Chargering_ctrl) refers to chrg_ctrl.o(.data) for chargering_step
    chrg_ctrl.o(i.I_thread_entry) refers to chrg_ctrl.o(.bss) for I_chrg_ctrl_obj
    chrg_ctrl.o(i.I_thread_entry) refers to chrg_ctrl.o(.data) for chrg_ctrl_obj
    chrg_ctrl.o(i.I_thread_init) refers to thread.o(i.rt_thread_init) for rt_thread_init
    chrg_ctrl.o(i.I_thread_init) refers to thread.o(i.rt_thread_startup) for rt_thread_startup
    chrg_ctrl.o(i.I_thread_init) refers to chrg_ctrl.o(.bss) for rt_I_thread_stack
    chrg_ctrl.o(i.I_thread_init) refers to chrg_ctrl.o(i.I_thread_entry) for I_thread_entry
    chrg_ctrl.o(i.Pre_Chargering) refers to pwm.o(i.set_f) for set_f
    chrg_ctrl.o(i.Pre_Chargering) refers to chrg_ctrl.o(.data) for chrg_ctrl_obj
    chrg_ctrl.o(i.Pre_Chargering) refers to chrg_ctrl.o(.bss) for I_chrg_ctrl_obj
    chrg_ctrl.o(i.V_thread_entry) refers to mcu_adc.o(.bss) for AC_Singal_Parameter
    chrg_ctrl.o(i.V_thread_entry) refers to chrg_ctrl.o(.data) for chrg_ctrl_obj
    chrg_ctrl.o(i.V_thread_init) refers to thread.o(i.rt_thread_init) for rt_thread_init
    chrg_ctrl.o(i.V_thread_init) refers to thread.o(i.rt_thread_startup) for rt_thread_startup
    chrg_ctrl.o(i.V_thread_init) refers to chrg_ctrl.o(.bss) for rt_V_thread_stack
    chrg_ctrl.o(i.V_thread_init) refers to chrg_ctrl.o(i.V_thread_entry) for V_thread_entry
    chrg_ctrl.o(i.chargering_start) refers to pwm.o(i.set_f) for set_f
    chrg_ctrl.o(i.chargering_start) refers to chrg_ctrl.o(.data) for chrg_ctrl_obj
    chrg_ctrl.o(i.chrg_stop) refers to gpio.o(i.power_on_disenabled) for power_on_disenabled
    chrg_ctrl.o(i.chrg_stop) refers to chrg_ctrl.o(.data) for chrg_ctrl_obj
    chrg_ctrl.o(.rti_fn.6) refers to chrg_ctrl.o(i.I_thread_init) for I_thread_init
    chrg_ctrl.o(.rti_fn.6) refers to chrg_ctrl.o(i.V_thread_init) for V_thread_init
    mcu_adc.o(i.ACV_IN_start) refers to pwm.o(i.PWM_start) for PWM_start
[...]
    data_times_record                        0x20000071   Data           1  mcu_adc.o(.data)
    filter_times                             0x20000072   Data           1  mcu_adc.o(.data)
    start_courent                            0x20000074   Data           2  mcu_adc.o(.data)
    ms_delay                                 0x20000076   Data           2  mcu_adc.o(.data)
    i                                        0x20000078   Data           2  mcu_adc.o(.data)
    data_times                               0x2000007a   Data           2  mcu_adc.o(.data)
    data_num                                 0x2000007c   Data           2  mcu_adc.o(.data)
    i                                        0x2000007e   Data           2  mcu_adc.o(.data)
    delay                                    0x20000080   Data           4  mcu_adc.o(.data)
    status_mb                                0x20000084   Data           4  mcu_adc.o(.data)
    times                                    0x20000088   Data           2  mcu_adc.o(.data)
    .data                                    0x2000008c   Section        6  usart.o(.data)
    .data                                    0x20000094   Section        8  gpio.o(.data)
    button_mq                                0x20000098   Data           4  gpio.o(.data)
    .data                                    0x2000009c   Section        8  led.o(.data)
    .data                                    0x200000a4   Section      396  pwm.o(.data)
    Complementation_PWM_Init_str             0x200001f8   Data          12  pwm.o(.data)
    channel1_str                             0x20000204   Data          16  pwm.o(.data)
    channel2_str                             0x20000214   Data          16  pwm.o(.data)
    duty_cycle                               0x20000224   Data           2  pwm.o(.data)
    duty_cycle                               0x20000226   Data           2  pwm.o(.data)
    duty_cycle                               0x20000228   Data           2  pwm.o(.data)
    duty_cycle                               0x2000022a   Data           2  pwm.o(.data)
    record                                   0x2000022c   Data           2  pwm.o(.data)
    dead_t                                   0x2000022e   Data           2  pwm.o(.data)
    .data                                    0x20000230   Section        2  drv_timer.o(.data)
    times_count                              0x20000230   Data           2  drv_timer.o(.data)
    .data                                    0x20000232   Section       20  stm32f10x_rcc.o(.data)
    APBAHBPrescTable                         0x20000232   Data          16  stm32f10x_rcc.o(.data)
    ADCPrescTable                            0x20000242   Data           4  stm32f10x_rcc.o(.data)
    .data                                    0x20000248   Section        4  clock.o(.data)
    rt_tick                                  0x20000248   Data           4  clock.o(.data)
    .data                                    0x2000024c   Section        1  irq.o(.data)
    .data                                    0x20000250   Section       24  mem.o(.data)
    heap_ptr                                 0x20000250   Data           4  mem.o(.data)
    heap_end                                 0x20000254   Data           4  mem.o(.data)
    lfree                                    0x20000258   Data           4  mem.o(.data)
    mem_size_aligned                         0x2000025c   Data           4  mem.o(.data)
    used_mem                                 0x20000260   Data           4  mem.o(.data)
    max_mem                                  0x20000264   Data           4  mem.o(.data)
    .data                                    0x20000268   Section      112  object.o(.data)
    rt_object_container                      0x20000268   Data         112  object.o(.data)
    .data                                    0x200002d8   Section       24  scheduler.o(.data)
    rt_scheduler_lock_nest                   0x200002d8   Data           2  scheduler.o(.data)
    .data                                    0x200002f0   Section       12  timer.o(.data)
    rt_timer_list                            0x200002f0   Data           8  timer.o(.data)
    random_nr                                0x200002f8   Data           4  timer.o(.data)
    .data                                    0x200002fc   Section       16  cpuport.o(.data)
    rt_exception_hook                        0x20000308   Data           4  cpuport.o(.data)
    .data                                    0x2000030c   Section       24  shell.o(.data)
    finsh_prompt_custom                      0x20000320   Data           4  shell.o(.data)
    .bss                                     0x20000324   Section     4096  board.o(.bss)
    rt_heap                                  0x20000324   Data        4096  board.o(.bss)
    .bss                                     0x20001324   Section     1808  chrg_ctrl.o(.bss)
    I_thread                                 0x20001584   Data         144  chrg_ctrl.o(.bss)
    rt_I_thread_stack                        0x20001614   Data         256  chrg_ctrl.o(.bss)
    V_thread                                 0x20001714   Data         144  chrg_ctrl.o(.bss)
    rt_V_thread_stack                        0x200017a4   Data         256  chrg_ctrl.o(.bss)
    CHRG_CTRL_thread                         0x200018a4   Data         144  chrg_ctrl.o(.bss)
    CHRG_CTRL_thread_stack                   0x20001934   Data         256  chrg_ctrl.o(.bss)
    .bss                                     0x20001a34   Section      414  mcu_adc.o(.bss)
    AveragedBuf                              0x20001af4   Data          20  mcu_adc.o(.bss)
    CHRG_ADC_Value                           0x20001b08   Data          16  mcu_adc.o(.bss)
    IPP_STT_RCRD                             0x20001b78   Data          15  mcu_adc.o(.bss)
    IPP_Adjusted_Record                      0x20001b87   Data          15  mcu_adc.o(.bss)
    IPP_Adjust_Data_Record                   0x20001b96   Data          30  mcu_adc.o(.bss)
    IPP_Adjust_Data                          0x20001bb4   Data          30  mcu_adc.o(.bss)
    .bss                                     0x20001bd2   Section      200  usart.o(.bss)
    .bss                                     0x20001c9c   Section       16  gpio.o(.bss)
    s_tBtnKey                                0x20001c9c   Data          16  gpio.o(.bss)
    .bss                                     0x20001cac   Section      400  led.o(.bss)
    led_thread                               0x20001cac   Data         144  led.o(.bss)
    rt_led_thread_stack                      0x20001d3c   Data         256  led.o(.bss)
    .bss                                     0x20001e3c   Section     1200  pwm.o(.bss)
    .bss                                     0x200022ec   Section      400  idle.o(.bss)
    idle                                     0x200022ec   Data         144  idle.o(.bss)
    rt_thread_stack                          0x2000237c   Data         256  idle.o(.bss)
    .bss                                     0x2000247c   Section      128  kservice.o(.bss)
    rt_log_buf                               0x2000247c   Data         128  kservice.o(.bss)
    .bss                                     0x200024fc   Section       40  mem.o(.bss)
    heap_sem                                 0x200024fc   Data          40  mem.o(.bss)
    .bss                                     0x20002524   Section      256  scheduler.o(.bss)
    .bss                                     0x20002624   Section      129  shell.o(.bss)
    finsh_prompt                             0x20002624   Data         129  shell.o(.bss)
    STACK                                    0x200026a8   Section     1024  startup_stm32f10x_hd.o(STACK)

    Global Symbols

    Symbol Name                              Value     Ov Type        Size  Object(Section)

    BuildAttributes$$THM_ISAv4$P$D$K$B$S$PE$A:L22UL41UL21$X:L11$S22US41US21$IEEE1$IW$USESV6$~STKCKD$USESV7$~SHL$OSPACE$EBA8$MICROLIB$REQ8$PRES8$EABIv2 0x00000000   Number         0  anon$$obj.o ABSOLUTE
    __ARM_use_no_argv                        0x00000000   Number         0  main.o ABSOLUTE
    __use_no_errno                           0x00000000   Number         0  useno.o ABSOLUTE
    __use_no_exception_handling              0x00000000   Number         0  useno.o ABSOLUTE
    __use_no_fp                              0x00000000   Number         0  useno.o ABSOLUTE
    __use_no_heap                            0x00000000   Number         0  useno.o ABSOLUTE
    __use_no_heap_region                     0x00000000   Number         0  useno.o ABSOLUTE
    __use_no_semihosting                     0x00000000   Number         0  useno.o ABSOLUTE
    __use_no_semihosting_swi                 0x00000000   Number         0  useno.o ABSOLUTE
    __use_no_signal_handling                 0x00000000   Number         0  useno.o ABSOLUTE
    __cpp_initialize__aeabi_                  - Undefined Weak Reference
    __cxa_finalize                            - Undefined Weak Reference
    _clock_init                               - Undefined Weak Reference
    _microlib_exit                            - Undefined Weak Reference
    __Vectors_Size                           0x00000130   Number         0  startup_stm32f10x_hd.o ABSOLUTE
    __Vectors                                0x08000000   Data           4  startup_stm32f10x_hd.o(RESET)
    __Vectors_End                            0x08000130   Data           0  startup_stm32f10x_hd.o(RESET)
    __main                                   0x08000131   Thumb Code     0  entry.o(.ARM.Collect$$$$00000000)
    _main_stk                                0x08000131   Thumb Code     0  entry2.o(.ARM.Collect$$$$00000001)
    _main_scatterload                        0x08000135   Thumb Code     0  entry5.o(.ARM.Collect$$$$00000004)
    __main_after_scatterload                 0x08000139   Thumb Code     0  entry5.o(.ARM.Collect$$$$00000004)
    _main_clock                              0x08000139   Thumb Code     0  entry7b.o(.ARM.Collect$$$$00000008)
    _main_cpp_init                           0x08000139   Thumb Code     0  entry8b.o(.ARM.Collect$$$$0000000A)
    _main_init                               0x08000139   Thumb Code     0  entry9a.o(.ARM.Collect$$$$0000000B)
    __rt_final_cpp                           0x08000141   Thumb Code     0  entry10a.o(.ARM.Collect$$$$0000000D)
    __rt_final_exit                          0x08000141   Thumb Code     0  entry11a.o(.ARM.Collect$$$$0000000F)
    Reset_Handler                            0x08000145   Thumb Code     8  startup_stm32f10x_hd.o(.text)
    ADC1_2_IRQHandler                        0x0800015f   Thumb Code     0  startup_stm32f10x_hd.o(.text)
    ADC3_IRQHandler                          0x0800015f   Thumb Code     0  startup_stm32f10x_hd.o(.text)
    CAN1_RX1_IRQHandler                      0x0800015f   Thumb Code     0  startup_stm32f10x_hd.o(.text)
    CAN1_SCE_IRQHandler                      0x0800015f   Thumb Code     0  startup_stm32f10x_hd.o(.text)
    DMA1_Channel2_IRQHandler                 0x0800015f   Thumb Code     0  startup_stm32f10x_hd.o(.text)
    DMA1_Channel3_IRQHandler                 0x0800015f   Thumb Code     0  startup_stm32f10x_hd.o(.text)
    DMA1_Channel4_IRQHandler                 0x0800015f   Thumb Code     0  startup_stm32f10x_hd.o(.text)
    DMA1_Channel5_IRQHandler                 0x0800015f   Thumb Code     0  startup_stm32f10x_hd.o(.text)
    DMA1_Channel6_IRQHandler                 0x0800015f   Thumb Code     0  startup_stm32f10x_hd.o(.text)
    DMA1_Channel7_IRQHandler                 0x0800015f   Thumb Code     0  startup_stm32f10x_hd.o(.text)
    DMA2_Channel1_IRQHandler                 0x0800015f   Thumb Code     0  startup_stm32f10x_hd.o(.text)
    DMA2_Channel2_IRQHandler                 0x0800015f   Thumb Code     0  startup_stm32f10x_hd.o(.text)
    DMA2_Channel3_IRQHandler                 0x0800015f   Thumb Code     0  startup_stm32f10x_hd.o(.text)
    DMA2_Channel4_5_IRQHandler               0x0800015f   Thumb Code     0  startup_stm32f10x_hd.o(.text)
    EXTI0_IRQHandler                         0x0800015f   Thumb Code     0  startup_stm32f10x_hd.o(.text)
    EXTI15_10_IRQHandler                     0x0800015f   Thumb Code     0  startup_stm32f10x_hd.o(.text)
    EXTI1_IRQHandler                         0x0800015f   Thumb Code     0  startup_stm32f10x_hd.o(.text)
    EXTI3_IRQHandler                         0x0800015f   Thumb Code     0  startup_stm32f10x_hd.o(.text)
    EXTI4_IRQHandler                         0x0800015f   Thumb Code     0  startup_stm32f10x_hd.o(.text)
    EXTI9_5_IRQHandler                       0x0800015f   Thumb Code     0  startup_stm32f10x_hd.o(.text)
    FLASH_IRQHandler                         0x0800015f   Thumb Code     0  startup_stm32f10x_hd.o(.text)
    FSMC_IRQHandler                          0x0800015f   Thumb Code     0  startup_stm32f10x_hd.o(.text)
    I2C1_ER_IRQHandler                       0x0800015f   Thumb Code     0  startup_stm32f10x_hd.o(.text)
    I2C1_EV_IRQHandler                       0x0800015f   Thumb Code     0  startup_stm32f10x_hd.o(.text)
    I2C2_ER_IRQHandler                       0x0800015f   Thumb Code     0  startup_stm32f10x_hd.o(.text)
    I2C2_EV_IRQHandler                       0x0800015f   Thumb Code     0  startup_stm32f10x_hd.o(.text)
    PVD_IRQHandler                           0x0800015f   Thumb Code     0  startup_stm32f10x_hd.o(.text)
    RCC_IRQHandler                           0x0800015f   Thumb Code     0  startup_stm32f10x_hd.o(.text)
    RTCAlarm_IRQHandler                      0x0800015f   Thumb Code     0  startup_stm32f10x_hd.o(.text)
    RTC_IRQHandler                           0x0800015f   Thumb Code     0  startup_stm32f10x_hd.o(.text)
    SDIO_IRQHandler                          0x0800015f   Thumb Code     0  startup_stm32f10x_hd.o(.text)
    SPI1_IRQHandler                          0x0800015f   Thumb Code     0  startup_stm32f10x_hd.o(.text)
    SPI2_IRQHandler                          0x0800015f   Thumb Code     0  startup_stm32f10x_hd.o(.text)
    SPI3_IRQHandler                          0x0800015f   Thumb Code     0  startup_stm32f10x_hd.o(.text)
    TAMPER_IRQHandler                        0x0800015f   Thumb Code     0  startup_stm32f10x_hd.o(.text)
    TIM1_BRK_IRQHandler                      0x0800015f   Thumb Code     0  startup_stm32f10x_hd.o(.text)
    TIM1_CC_IRQHandler                       0x0800015f   Thumb Code     0  startup_stm32f10x_hd.o(.text)
    TIM1_TRG_COM_IRQHandler                  0x0800015f   Thumb Code     0  startup_stm32f10x_hd.o(.text)
    TIM1_UP_IRQHandler                       0x0800015f   Thumb Code     0  startup_stm32f10x_hd.o(.text)
    TIM2_IRQHandler                          0x0800015f   Thumb Code     0  startup_stm32f10x_hd.o(.text)
    TIM4_IRQHandler                          0x0800015f   Thumb Code     0  startup_stm32f10x_hd.o(.text)
    TIM5_IRQHandler                          0x0800015f   Thumb Code     0  startup_stm32f10x_hd.o(.text)
    TIM6_IRQHandler                          0x0800015f   Thumb Code     0  startup_stm32f10x_hd.o(.text)
    TIM7_IRQHandler                          0x0800015f   Thumb Code     0  startup_stm32f10x_hd.o(.text)
    TIM8_BRK_IRQHandler                      0x0800015f   Thumb Code     0  startup_stm32f10x_hd.o(.text)
    TIM8_CC_IRQHandler                       0x0800015f   Thumb Code     0  startup_stm32f10x_hd.o(.text)
    TIM8_TRG_COM_IRQHandler                  0x0800015f   Thumb Code     0  startup_stm32f10x_hd.o(.text)
    TIM8_UP_IRQHandler                       0x0800015f   Thumb Code     0  startup_stm32f10x_hd.o(.text)
    UART4_IRQHandler                         0x0800015f   Thumb Code     0  startup_stm32f10x_hd.o(.text)
    UART5_IRQHandler                         0x0800015f   Thumb Code     0  startup_stm32f10x_hd.o(.text)
    USART2_IRQHandler                        0x0800015f   Thumb Code     0  startup_stm32f10x_hd.o(.text)
    USART3_IRQHandler                        0x0800015f   Thumb Code     0  startup_stm32f10x_hd.o(.text)
    USBWakeUp_IRQHandler                     0x0800015f   Thumb Code     0  startup_stm32f10x_hd.o(.text)
    USB_HP_CAN1_TX_IRQHandler                0x0800015f   Thumb Code     0  startup_stm32f10x_hd.o(.text)
    USB_LP_CAN1_RX0_IRQHandler               0x0800015f   Thumb Code     0  startup_stm32f10x_hd.o(.text)
    WWDG_IRQHandler                          0x0800015f   Thumb Code     0  startup_stm32f10x_hd.o(.text)
    rt_hw_interrupt_disable                  0x08000169   Thumb Code     8  context_rvds.o(.text)
    rt_hw_interrupt_enable                   0x08000171   Thumb Code     6  context_rvds.o(.text)
    rt_hw_context_switch                     0x08000177   Thumb Code    32  context_rvds.o(.text)
    rt_hw_context_switch_interrupt           0x08000177   Thumb Code     0  context_rvds.o(.text)
    PendSV_Handler                           0x08000197   Thumb Code    60  context_rvds.o(.text)
    rt_hw_context_switch_to                  0x080001d3   Thumb Code    58  context_rvds.o(.text)
    rt_hw_interrupt_thread_switch            0x0800020d   Thumb Code     2  context_rvds.o(.text)
    HardFault_Handler                        0x0800020f   Thumb Code    52  context_rvds.o(.text)
    __aeabi_memcpy                           0x0800025d   Thumb Code    36  memcpya.o(.text)
    __aeabi_memcpy4                          0x0800025d   Thumb Code     0  memcpya.o(.text)
    __aeabi_memcpy8                          0x0800025d   Thumb Code     0  memcpya.o(.text)
    __aeabi_memset                           0x08000281   Thumb Code    14  memseta.o(.text)
    __aeabi_memset4                          0x08000281   Thumb Code     0  memseta.o(.text)
    __aeabi_memset8                          0x08000281   Thumb Code     0  memseta.o(.text)
    __aeabi_memclr                           0x0800028f   Thumb Code     4  memseta.o(.text)
    __aeabi_memclr4                          0x0800028f   Thumb Code     0  memseta.o(.text)
    __aeabi_memclr8                          0x0800028f   Thumb Code     0  memseta.o(.text)
    _memset$wrapper                          0x08000293   Thumb Code    18  memseta.o(.text)
    strcat                                   0x080002a5   Thumb Code    24  strcat.o(.text)
    strncpy                                  0x080002bd   Thumb Code    24  strncpy.o(.text)
    strlen                                   0x080002d5   Thumb Code    14  strlen.o(.text)
    strcpy                                   0x080002e3   Thumb Code    18  strcpy.o(.text)
    strncmp                                  0x080002f5   Thumb Code    30  strncmp.o(.text)
    __scatterload                            0x08000315   Thumb Code    28  init.o(.text)
    __scatterload_rt2                        0x08000315   Thumb Code     0  init.o(.text)
    __decompress                             0x08000339   Thumb Code     0  __dczerorl2.o(.text)
    __decompress1                            0x08000339   Thumb Code    86  __dczerorl2.o(.text)
    main                                     0x0800038f   Thumb Code    10  components.o(i.$Sub$$main)
    ADCInit                                  0x08000399   Thumb Code    46  mcu_adc.o(i.ADCInit)
    ADCProcessInit                           0x080003f5   Thumb Code    10  mcu_adc.o(i.ADCProcessInit)
    ADC_Cmd                                  0x08000435   Thumb Code    22  stm32f10x_adc.o(i.ADC_Cmd)
    ADC_DMACmd                               0x0800044b   Thumb Code    22  stm32f10x_adc.o(i.ADC_DMACmd)
    ADC_DMA_Init                             0x08000461   Thumb Code    80  mcu_adc.o(i.ADC_DMA_Init)
    ADC_GetCalibrationStatus                 0x080004b9   Thumb Code    20  stm32f10x_adc.o(i.ADC_GetCalibrationStatus)
    ADC_GetResetCalibrationStatus            0x080004cd   Thumb Code    20  stm32f10x_adc.o(i.ADC_GetResetCalibrationStatus)
    ADC_Init                                 0x080004e1   Thumb Code    70  stm32f10x_adc.o(i.ADC_Init)
    ADC_Mode_Init                            0x08000531   Thumb Code   218  mcu_adc.o(i.ADC_Mode_Init)
    ADC_Pin_Init                             0x08000611   Thumb Code    32  mcu_adc.o(i.ADC_Pin_Init)
    ADC_RegularChannelConfig                 0x08000635   Thumb Code   184  stm32f10x_adc.o(i.ADC_RegularChannelConfig)
    ADC_ResetCalibration                     0x080006ed   Thumb Code    10  stm32f10x_adc.o(i.ADC_ResetCalibration)
    ADC_SoftwareStartConvCmd                 0x080006f7   Thumb Code    22  stm32f10x_adc.o(i.ADC_SoftwareStartConvCmd)
    ADC_StartCalibration                     0x0800070d   Thumb Code    10  stm32f10x_adc.o(i.ADC_StartCalibration)
    ADC_filter                               0x08000719   Thumb Code   192  mcu_adc.o(i.ADC_filter)
    BusFault_Handler                         0x080007e9   Thumb Code     4  stm32f10x_it.o(i.BusFault_Handler)
    CHRG_ADC_thread_entry                    0x08000821   Thumb Code    46  mcu_adc.o(i.CHRG_ADC_thread_entry)
    Chrg_adc_acquisition_thread              0x08000881   Thumb Code    34  mcu_adc.o(i.Chrg_adc_acquisition_thread)
    DMA1_Channel1_IRQHandler                 0x080009cd   Thumb Code   406  mcu_adc.o(i.DMA1_Channel1_IRQHandler)
    DMA_ClearITPendingBit                    0x08000b95   Thumb Code    18  stm32f10x_dma.o(i.DMA_ClearITPendingBit)
    DMA_Cmd                                  0x08000bb1   Thumb Code    24  stm32f10x_dma.o(i.DMA_Cmd)
    DMA_DeInit                               0x08000bc9   Thumb Code   324  stm32f10x_dma.o(i.DMA_DeInit)
    DMA_GetITStatus                          0x08000d15   Thumb Code    36  stm32f10x_dma.o(i.DMA_GetITStatus)
    DMA_ITConfig                             0x08000d41   Thumb Code    18  stm32f10x_dma.o(i.DMA_ITConfig)
    DMA_Init                                 0x08000d53   Thumb Code    60  stm32f10x_dma.o(i.DMA_Init)
    DebugMon_Handler                         0x08000d8f   Thumb Code     2  stm32f10x_it.o(i.DebugMon_Handler)
    EXTI2_IRQHandler                         0x08000d91   Thumb Code    46  gpio.o(i.EXTI2_IRQHandler)
    EXTI_ClearITPendingBit                   0x08000dc9   Thumb Code     6  stm32f10x_exti.o(i.EXTI_ClearITPendingBit)
    EXTI_Init                                0x08000dd5   Thumb Code   142  stm32f10x_exti.o(i.EXTI_Init)
    GPIO_EXTILineConfig                      0x08000e69   Thumb Code    60  stm32f10x_gpio.o(i.GPIO_EXTILineConfig)
    GPIO_Init                                0x08000ea9   Thumb Code   278  stm32f10x_gpio.o(i.GPIO_Init)
    GPIO_PinRemapConfig                      0x08000fc1   Thumb Code   138  stm32f10x_gpio.o(i.GPIO_PinRemapConfig)
    GPIO_ReadInputDataBit                    0x08001051   Thumb Code    18  stm32f10x_gpio.o(i.GPIO_ReadInputDataBit)
    GPIO_ResetBits                           0x08001063   Thumb Code     4  stm32f10x_gpio.o(i.GPIO_ResetBits)
    GPIO_SetBits                             0x08001067   Thumb Code     4  stm32f10x_gpio.o(i.GPIO_SetBits)
    GPIO_WriteBit                            0x0800106b   Thumb Code    10  stm32f10x_gpio.o(i.GPIO_WriteBit)
    IO_PCI_Init                              0x08001105   Thumb Code    20  gpio.o(i.IO_PCI_Init)
    I_thread_init                            0x08001181   Thumb Code    38  chrg_ctrl.o(i.I_thread_init)
    MemManage_Handler                        0x080011d9   Thumb Code     4  stm32f10x_it.o(i.MemManage_Handler)
    NMI_Handler                              0x080011dd   Thumb Code     2  stm32f10x_it.o(i.NMI_Handler)
    NVIC_Init                                0x080011e1   Thumb Code   100  misc.o(i.NVIC_Init)
    NVIC_PriorityGroupConfig                 0x08001251   Thumb Code    10  misc.o(i.NVIC_PriorityGroupConfig)
    PWM_Control_Init                         0x08001265   Thumb Code    40  pwm.o(i.PWM_Control_Init)
    PWM_PERPH_Init                           0x080012a9   Thumb Code     8  pwm.o(i.PWM_PERPH_Init)
    PWM_start                                0x080012b1   Thumb Code    22  pwm.o(i.PWM_start)
    RCC_ADCCLKConfig                         0x080012cd   Thumb Code    18  stm32f10x_rcc.o(i.RCC_ADCCLKConfig)
    RCC_AHBPeriphClockCmd                    0x080012e5   Thumb Code    26  stm32f10x_rcc.o(i.RCC_AHBPeriphClockCmd)
    RCC_APB1PeriphClockCmd                   0x08001305   Thumb Code    26  stm32f10x_rcc.o(i.RCC_APB1PeriphClockCmd)
    RCC_APB1PeriphResetCmd                   0x08001325   Thumb Code    26  stm32f10x_rcc.o(i.RCC_APB1PeriphResetCmd)
    RCC_APB2PeriphClockCmd                   0x08001345   Thumb Code    26  stm32f10x_rcc.o(i.RCC_APB2PeriphClockCmd)
    RCC_APB2PeriphResetCmd                   0x08001365   Thumb Code    26  stm32f10x_rcc.o(i.RCC_APB2PeriphResetCmd)
    RCC_GetClocksFreq                        0x08001385   Thumb Code   192  stm32f10x_rcc.o(i.RCC_GetClocksFreq)
    SVC_Handler                              0x08001459   Thumb Code     2  stm32f10x_it.o(i.SVC_Handler)
    SysTick_Handler                          0x08001545   Thumb Code    16  board.o(i.SysTick_Handler)
    SystemCoreClockUpdate                    0x08001555   Thumb Code   142  system_stm32f10x.o(i.SystemCoreClockUpdate)
    SystemInit                               0x080015f9   Thumb Code    78  system_stm32f10x.o(i.SystemInit)
    TIM3_IRQHandler                          0x08001659   Thumb Code    78  drv_timer.o(i.TIM3_IRQHandler)
    TIM_ARRPreloadConfig                     0x080016b5   Thumb Code    24  stm32f10x_tim.o(i.TIM_ARRPreloadConfig)
    TIM_BDTRConfig                           0x080016cd   Thumb Code    32  stm32f10x_tim.o(i.TIM_BDTRConfig)
    TIM_ClearFlag                            0x080016ed   Thumb Code     6  stm32f10x_tim.o(i.TIM_ClearFlag)
    TIM_ClearITPendingBit                    0x080016f3   Thumb Code     6  stm32f10x_tim.o(i.TIM_ClearITPendingBit)
    TIM_Cmd                                  0x080016f9   Thumb Code    24  stm32f10x_tim.o(i.TIM_Cmd)
    TIM_CtrlPWMOutputs                       0x08001711   Thumb Code    30  stm32f10x_tim.o(i.TIM_CtrlPWMOutputs)
    TIM_DeInit                               0x08001731   Thumb Code   424  stm32f10x_tim.o(i.TIM_DeInit)
    TIM_GetITStatus                          0x08001919   Thumb Code    34  stm32f10x_tim.o(i.TIM_GetITStatus)
    TIM_ITConfig                             0x0800193b   Thumb Code    18  stm32f10x_tim.o(i.TIM_ITConfig)
    TIM_InternalClockConfig                  0x0800194d   Thumb Code    12  stm32f10x_tim.o(i.TIM_InternalClockConfig)
    TIM_OC1Init                              0x08001959   Thumb Code   132  stm32f10x_tim.o(i.TIM_OC1Init)
    TIM_OC1PreloadConfig                     0x080019f1   Thumb Code    18  stm32f10x_tim.o(i.TIM_OC1PreloadConfig)
    TIM_OC2Init                              0x08001a05   Thumb Code   154  stm32f10x_tim.o(i.TIM_OC2Init)
    TIM_OC2PreloadConfig                     0x08001aa9   Thumb Code    26  stm32f10x_tim.o(i.TIM_OC2PreloadConfig)
    TIM_OC3Init                              0x08001ac5   Thumb Code   150  stm32f10x_tim.o(i.TIM_OC3Init)
    TIM_OC3PreloadConfig                     0x08001b65   Thumb Code    18  stm32f10x_tim.o(i.TIM_OC3PreloadConfig)
    TIM_OC4Init                              0x08001b79   Thumb Code   114  stm32f10x_tim.o(i.TIM_OC4Init)
    TIM_OC4PreloadConfig                     0x08001bf5   Thumb Code    26  stm32f10x_tim.o(i.TIM_OC4PreloadConfig)
    TIM_OCStructInit                         0x08001c0f   Thumb Code    20  stm32f10x_tim.o(i.TIM_OCStructInit)
    TIM_SetAutoreload                        0x08001c23   Thumb Code     4  stm32f10x_tim.o(i.TIM_SetAutoreload)
    TIM_SetCompare1                          0x08001c27   Thumb Code     4  stm32f10x_tim.o(i.TIM_SetCompare1)
    TIM_TimeBaseInit                         0x08001c2d   Thumb Code   122  stm32f10x_tim.o(i.TIM_TimeBaseInit)
    TIM_TimeBaseStructInit                   0x08001cd1   Thumb Code    18  stm32f10x_tim.o(i.TIM_TimeBaseStructInit)
    Time3_Init                               0x08001ce5   Thumb Code   120  drv_timer.o(i.Time3_Init)
    Time3_Init_interfaces                    0x08001d61   Thumb Code    14  drv_timer.o(i.Time3_Init_interfaces)
    Time3_Start                              0x08001d71   Thumb Code    12  drv_timer.o(i.Time3_Start)
    Time3_Stop                               0x08001d81   Thumb Code    12  drv_timer.o(i.Time3_Stop)
    USART1_IRQHandler                        0x08001d91   Thumb Code   122  usart.o(i.USART1_IRQHandler)
    USART_ClearFlag                          0x08001e19   Thumb Code    18  stm32f10x_usart.o(i.USART_ClearFlag)
    USART_Cmd                                0x08001e2b   Thumb Code    24  stm32f10x_usart.o(i.USART_Cmd)
    USART_GetFlagStatus                      0x08001e43   Thumb Code    26  stm32f10x_usart.o(i.USART_GetFlagStatus)
    USART_GetITStatus                        0x08001e5d   Thumb Code    84  stm32f10x_usart.o(i.USART_GetITStatus)
    USART_Init                               0x08001eb1   Thumb Code   210  stm32f10x_usart.o(i.USART_Init)
    USART_ReceiveData                        0x08001f89   Thumb Code    10  stm32f10x_usart.o(i.USART_ReceiveData)
    USART_SendData                           0x08001f93   Thumb Code     8  stm32f10x_usart.o(i.USART_SendData)
    UsageFault_Handler                       0x08001f9b   Thumb Code     4  stm32f10x_it.o(i.UsageFault_Handler)
    V_thread_init                            0x08002295   Thumb Code    40  chrg_ctrl.o(i.V_thread_init)
    __rt_ffs                                 0x08002305   Thumb Code    70  kservice.o(i.__rt_ffs)
    __scatterload_copy                       0x08002351   Thumb Code    14  handlers.o(i.__scatterload_copy)
    __scatterload_null                       0x0800235f   Thumb Code     2  handlers.o(i.__scatterload_null)
    __scatterload_zeroinit                   0x08002361   Thumb Code    14  handlers.o(i.__scatterload_zeroinit)
    adc_data_carry                           0x080024e5   Thumb Code    26  mcu_adc.o(i.adc_data_carry)
    array_average                            0x08002501   Thumb Code   172  mcu_adc.o(i.array_average)
    button_process_init                      0x080026b9   Thumb Code    38  gpio.o(i.button_process_init)
    button_thread_entry                      0x080026f5   Thumb Code   120  gpio.o(i.button_thread_entry)
    cmd_free                                 0x08002851   Thumb Code    14  msh.o(i.cmd_free)
    cmd_ps                                   0x0800285f   Thumb Code    14  msh.o(i.cmd_ps)
    current_pp_adjust                        0x0800286d   Thumb Code   742  mcu_adc.o(i.current_pp_adjust)
    finsh_get_prompt                         0x08002b79   Thumb Code    84  shell.o(i.finsh_get_prompt)
    finsh_set_prompt_mode                    0x08002bf5   Thumb Code    22  shell.o(i.finsh_set_prompt_mode)
    finsh_system_function_init               0x08002c11   Thumb Code    10  shell.o(i.finsh_system_function_init)
    finsh_system_init                        0x08002c25   Thumb Code    98  shell.o(i.finsh_system_init)
    finsh_thread_entry                       0x08002cc1   Thumb Code   936  shell.o(i.finsh_thread_entry)
    get_PWM_Paramet                          0x08003089   Thumb Code     8  pwm.o(i.get_PWM_Paramet)
    gpio_init                                0x08003095   Thumb Code    38  gpio.o(i.gpio_init)
    hello                                    0x08003141   Thumb Code    12  cmd.o(i.hello)
    key_init                                 0x08003161   Thumb Code    54  gpio.o(i.key_init)
    led_ctrl_function                        0x080031a1   Thumb Code   242  led.o(i.led_ctrl_function)
    led_thread_init                          0x080032a9   Thumb Code    40  led.o(i.led_thread_init)
    list                                     0x080032e1   Thumb Code    52  cmd.o(i.list)
    list_event                               0x08003339   Thumb Code   204  cmd.o(i.list_event)
    list_mailbox                             0x08003531   Thumb Code   224  cmd.o(i.list_mailbox)
    list_mem                                 0x0800368d   Thumb Code    34  mem.o(i.list_mem)
    list_msgqueue                            0x08003705   Thumb Code   216  cmd.o(i.list_msgqueue)
    list_mutex                               0x08003849   Thumb Code   170  cmd.o(i.list_mutex)
    list_sem                                 0x08003959   Thumb Code   216  cmd.o(i.list_sem)
    list_thread                              0x08003a91   Thumb Code   294  cmd.o(i.list_thread)
    list_timer                               0x08003c75   Thumb Code   190  cmd.o(i.list_timer)
    $Super$$main                             0x08003dd5   Thumb Code     8  main.o(i.main)
    main_thread_entry                        0x08003ddd   Thumb Code    14  components.o(i.main_thread_entry)
    mcu_gpio_init                            0x08003ded   Thumb Code   142  gpio.o(i.mcu_gpio_init)
    msh_auto_complete                        0x08003f71   Thumb Code   138  msh.o(i.msh_auto_complete)
    msh_exec                                 0x08004011   Thumb Code    82  msh.o(i.msh_exec)
    msh_help                                 0x080040d9   Thumb Code    64  msh.o(i.msh_help)
    msh_is_used                              0x0800414d   Thumb Code     4  msh.o(i.msh_is_used)
    power_on_disenabled                      0x080042d5   Thumb Code    22  gpio.o(i.power_on_disenabled)
    pwm_thread_init                          0x080044c1   Thumb Code    38  pwm.o(i.pwm_thread_init)
    rt_application_init                      0x08004501   Thumb Code    34  components.o(i.rt_application_init)
    rt_calloc                                0x08004531   Thumb Code    34  mem.o(i.rt_calloc)
    rt_components_board_init                 0x08004555   Thumb Code    20  components.o(i.rt_components_board_init)
    rt_components_init                       0x08004571   Thumb Code    20  components.o(i.rt_components_init)
    rt_enter_critical                        0x0800458d   Thumb Code    28  scheduler.o(i.rt_enter_critical)
    rt_exit_critical                         0x080045ad   Thumb Code    60  scheduler.o(i.rt_exit_critical)
    rt_free                                  0x080045f1   Thumb Code   128  mem.o(i.rt_free)
    rt_heap_begin_get                        0x080046d1   Thumb Code     4  board.o(i.rt_heap_begin_get)
    rt_heap_end_get                          0x080046d9   Thumb Code     4  board.o(i.rt_heap_end_get)
    rt_hw_board_init                         0x080046e1   Thumb Code    64  board.o(i.rt_hw_board_init)
    rt_hw_console_getchar                    0x08004725   Thumb Code    62  usart.o(i.rt_hw_console_getchar)
    rt_hw_console_output                     0x08004769   Thumb Code    74  usart.o(i.rt_hw_console_output)
    rt_hw_hard_fault_exception               0x080047b9   Thumb Code   198  cpuport.o(i.rt_hw_hard_fault_exception)
    rt_hw_stack_init                         0x080049c1   Thumb Code    70  cpuport.o(i.rt_hw_stack_init)
    rt_interrupt_enter                       0x08004a0d   Thumb Code    26  irq.o(i.rt_interrupt_enter)
    rt_interrupt_leave                       0x08004a2d   Thumb Code    26  irq.o(i.rt_interrupt_leave)
    rt_kprintf                               0x08004b11   Thumb Code    44  kservice.o(i.rt_kprintf)
    rt_malloc                                0x08004bf5   Thumb Code   336  mem.o(i.rt_malloc)
    rt_mb_init                               0x08004d61   Thumb Code    62  ipc.o(i.rt_mb_init)
    rt_mb_recv                               0x08004d9f   Thumb Code   244  ipc.o(i.rt_mb_recv)
    rt_memcpy                                0x08004e93   Thumb Code   124  kservice.o(i.rt_memcpy)
    rt_memmove                               0x08004f0f   Thumb Code    66  kservice.o(i.rt_memmove)
    rt_memset                                0x08004f51   Thumb Code    72  kservice.o(i.rt_memset)
    rt_mq_create                             0x08004f99   Thumb Code   128  ipc.o(i.rt_mq_create)
    rt_mq_delete                             0x08005019   Thumb Code    28  ipc.o(i.rt_mq_delete)
    rt_mq_recv                               0x08005035   Thumb Code   252  ipc.o(i.rt_mq_recv)
    rt_object_allocate                       0x08005131   Thumb Code    84  object.o(i.rt_object_allocate)
    rt_object_delete                         0x08005185   Thumb Code    36  object.o(i.rt_object_delete)
    rt_object_detach                         0x080051a9   Thumb Code    30  object.o(i.rt_object_detach)
    rt_object_get_information                0x080051c9   Thumb Code    36  object.o(i.rt_object_get_information)
    rt_object_init                           0x080051f1   Thumb Code    86  object.o(i.rt_object_init)
    rt_object_is_systemobject                0x08005247   Thumb Code    18  object.o(i.rt_object_is_systemobject)
    rt_schedule                              0x08005259   Thumb Code   106  scheduler.o(i.rt_schedule)
    rt_schedule_insert_thread                0x080052dd   Thumb Code    72  scheduler.o(i.rt_schedule_insert_thread)
    rt_schedule_remove_thread                0x0800532d   Thumb Code    76  scheduler.o(i.rt_schedule_remove_thread)
    rt_sem_init                              0x08005381   Thumb Code    38  ipc.o(i.rt_sem_init)
    rt_sem_release                           0x080053a7   Thumb Code    58  ipc.o(i.rt_sem_release)
    rt_sem_take                              0x080053e1   Thumb Code   116  ipc.o(i.rt_sem_take)
    rt_show_version                          0x08005455   Thumb Code    38  kservice.o(i.rt_show_version)
    rt_strlen                                0x08005505   Thumb Code    18  kservice.o(i.rt_strlen)
    rt_strncpy                               0x08005517   Thumb Code    52  kservice.o(i.rt_strncpy)
    rt_system_heap_init                      0x0800554d   Thumb Code   160  mem.o(i.rt_system_heap_init)
    rt_system_scheduler_init                 0x08005645   Thumb Code    52  scheduler.o(i.rt_system_scheduler_init)
    rt_system_scheduler_start                0x08005691   Thumb Code    36  scheduler.o(i.rt_system_scheduler_start)
    rt_system_timer_init                     0x080056c1   Thumb Code    24  timer.o(i.rt_system_timer_init)
    rt_system_timer_thread_init              0x080056dd   Thumb Code     2  timer.o(i.rt_system_timer_thread_init)
    rt_thread_create                         0x080056df   Thumb Code    80  thread.o(i.rt_thread_create)
    rt_thread_exit                           0x08005731   Thumb Code    78  thread.o(i.rt_thread_exit)
    rt_thread_idle_excute                    0x08005791   Thumb Code   138  idle.o(i.rt_thread_idle_excute)
    rt_thread_idle_init                      0x08005821   Thumb Code    38  idle.o(i.rt_thread_idle_init)
    rt_thread_init                           0x0800585d   Thumb Code    52  thread.o(i.rt_thread_init)
    rt_thread_mdelay                         0x08005891   Thumb Code    20  thread.o(i.rt_thread_mdelay)
    rt_thread_resume                         0x080058a5   Thumb Code    60  thread.o(i.rt_thread_resume)
    rt_thread_self                           0x080058e1   Thumb Code     6  thread.o(i.rt_thread_self)
    rt_thread_sleep                          0x080058ed   Thumb Code    62  thread.o(i.rt_thread_sleep)
    rt_thread_startup                        0x08005931   Thumb Code    44  thread.o(i.rt_thread_startup)
    rt_thread_suspend                        0x0800595d   Thumb Code    68  thread.o(i.rt_thread_suspend)
    rt_thread_timeout                        0x080059a1   Thumb Code    32  thread.o(i.rt_thread_timeout)
    rt_thread_yield                          0x080059c1   Thumb Code    92  thread.o(i.rt_thread_yield)
    rt_tick_from_millisecond                 0x08005a25   Thumb Code    56  clock.o(i.rt_tick_from_millisecond)
    rt_tick_get                              0x08005a5d   Thumb Code     6  clock.o(i.rt_tick_get)
    rt_tick_increase                         0x08005a69   Thumb Code    42  clock.o(i.rt_tick_increase)
    rt_timer_check                           0x08005a99   Thumb Code   118  timer.o(i.rt_timer_check)
    rt_timer_control                         0x08005b15   Thumb Code    56  timer.o(i.rt_timer_control)
    rt_timer_detach                          0x08005b4d   Thumb Code    32  timer.o(i.rt_timer_detach)
    rt_timer_init                            0x08005b6d   Thumb Code    46  timer.o(i.rt_timer_init)
    rt_timer_start                           0x08005b9d   Thumb Code   238  timer.o(i.rt_timer_start)
    rt_timer_stop                            0x08005c95   Thumb Code    48  timer.o(i.rt_timer_stop)
    rt_vsnprintf                             0x08005cc5   Thumb Code   808  kservice.o(i.rt_vsnprintf)
    rtthread_startup                         0x08006005   Thumb Code    42  components.o(i.rtthread_startup)
    set_f                                    0x08006031   Thumb Code    38  pwm.o(i.set_f)
    uart_init                                0x08006111   Thumb Code   112  usart.o(i.uart_init)
    version                                  0x08006271   Thumb Code    10  cmd.o(i.version)
    __lowest_bit_bitmap                      0x080062c4   Data         256  kservice.o(.constdata)
    __fsym_list_mem_name                     0x080063e6   Data           9  mem.o(.constdata)
    __fsym_hello_name                        0x080063ef   Data           6  cmd.o(.constdata)
    __fsym_version_name                      0x080063f5   Data           8  cmd.o(.constdata)
    __fsym___cmd_version_name                0x080063fd   Data          14  cmd.o(.constdata)
    __fsym_list_thread_name                  0x0800640b   Data          12  cmd.o(.constdata)
    __fsym___cmd_list_thread_name            0x08006417   Data          18  cmd.o(.constdata)
    __fsym_list_sem_name                     0x08006429   Data           9  cmd.o(.constdata)
    __fsym___cmd_list_sem_name               0x08006432   Data          15  cmd.o(.constdata)
    __fsym_list_event_name                   0x08006441   Data          11  cmd.o(.constdata)
    __fsym___cmd_list_event_name             0x0800644c   Data          17  cmd.o(.constdata)
    __fsym_list_mutex_name                   0x0800645d   Data          11  cmd.o(.constdata)
    __fsym___cmd_list_mutex_name             0x08006468   Data          17  cmd.o(.constdata)
    __fsym_list_mailbox_name                 0x08006479   Data          13  cmd.o(.constdata)
    __fsym___cmd_list_mailbox_name           0x08006486   Data          19  cmd.o(.constdata)
    __fsym_list_msgqueue_name                0x08006499   Data          14  cmd.o(.constdata)
    __fsym___cmd_list_msgqueue_name          0x080064a7   Data          20  cmd.o(.constdata)
    __fsym_list_timer_name                   0x080064bb   Data          11  cmd.o(.constdata)
    __fsym___cmd_list_timer_name             0x080064c6   Data          17  cmd.o(.constdata)
    __fsym_list_name                         0x080064d7   Data           5  cmd.o(.constdata)
    __fsym___cmd_help_name                   0x080064dc   Data          11  msh.o(.constdata)
    __fsym___cmd_ps_name                     0x080064e7   Data           9  msh.o(.constdata)
    __fsym___cmd_free_name                   0x080064f0   Data          11  msh.o(.constdata)
    __rt_init_rti_start                      0x08006540   Data           4  components.o(.rti_fn.0)
    __rt_init_rti_board_start                0x08006544   Data           4  components.o(.rti_fn.0.end)
    __rt_init_rti_board_end                  0x08006548   Data           4  components.o(.rti_fn.1.end)
    __rt_init_IO_PCI_Init                    0x0800654c   Data           4  gpio.o(.rti_fn.3)
    __rt_init_PWM_PERPH_Init                 0x08006550   Data           4  pwm.o(.rti_fn.3)
    __rt_init_Time3_Init_interfaces          0x08006554   Data           4  drv_timer.o(.rti_fn.3)
    __rt_init_I_thread_init                  0x08006558   Data           4  chrg_ctrl.o(.rti_fn.6)
    __rt_init_V_thread_init                  0x0800655c   Data           4  chrg_ctrl.o(.rti_fn.6)
    __rt_init_ADCProcessInit                 0x08006560   Data           4  mcu_adc.o(.rti_fn.6)
    __rt_init_Chrg_adc_acquisition_thread    0x08006564   Data           4  mcu_adc.o(.rti_fn.6)
    __rt_init_button_process_init            0x08006568   Data           4  gpio.o(.rti_fn.6)
    __rt_init_led_thread_init                0x0800656c   Data           4  led.o(.rti_fn.6)
    __rt_init_pwm_thread_init                0x08006570   Data           4  pwm.o(.rti_fn.6)
    __rt_init_finsh_system_init              0x08006574   Data           4  shell.o(.rti_fn.6)
    __rt_init_rti_end                        0x08006578   Data           4  components.o(.rti_fn.6.end)
    FSymTab$$Base                            0x0800657c   Number         0  mem.o(FSymTab)
    __fsym_list_mem                          0x0800657c   Data           8  mem.o(FSymTab)
    __fsym_hello                             0x08006584   Data           8  cmd.o(FSymTab)
    __fsym_version                           0x0800658c   Data           8  cmd.o(FSymTab)
    __fsym___cmd_version                     0x08006594   Data           8  cmd.o(FSymTab)
    __fsym_list_thread                       0x0800659c   Data           8  cmd.o(FSymTab)
    __fsym___cmd_list_thread                 0x080065a4   Data           8  cmd.o(FSymTab)
    __fsym_list_sem                          0x080065ac   Data           8  cmd.o(FSymTab)
    __fsym___cmd_list_sem                    0x080065b4   Data           8  cmd.o(FSymTab)
    __fsym_list_event                        0x080065bc   Data           8  cmd.o(FSymTab)
    __fsym___cmd_list_event                  0x080065c4   Data           8  cmd.o(FSymTab)
    __fsym_list_mutex                        0x080065cc   Data           8  cmd.o(FSymTab)
    __fsym___cmd_list_mutex                  0x080065d4   Data           8  cmd.o(FSymTab)
    __fsym_list_mailbox                      0x080065dc   Data           8  cmd.o(FSymTab)
    __fsym___cmd_list_mailbox                0x080065e4   Data           8  cmd.o(FSymTab)
    __fsym_list_msgqueue                     0x080065ec   Data           8  cmd.o(FSymTab)
    __fsym___cmd_list_msgqueue               0x080065f4   Data           8  cmd.o(FSymTab)
    __fsym_list_timer                        0x080065fc   Data           8  cmd.o(FSymTab)
    __fsym___cmd_list_timer                  0x08006604   Data           8  cmd.o(FSymTab)
    __fsym_list                              0x0800660c   Data           8  cmd.o(FSymTab)
    __fsym___cmd_help                        0x08006614   Data           8  msh.o(FSymTab)
    __fsym___cmd_ps                          0x0800661c   Data           8  msh.o(FSymTab)
    __fsym___cmd_free                        0x08006624   Data           8  msh.o(FSymTab)
    FSymTab$$Limit                           0x0800662c   Number         0  msh.o(FSymTab)
    Region$$Table$$Base                      0x0800662c   Number         0  anon$$obj.o(Region$$Table)
    Region$$Table$$Limit                     0x0800664c   Number         0  anon$$obj.o(Region$$Table)
    SystemCoreClock                          0x20000000   Data           4  system_stm32f10x.o(.data)
    AHBPrescTable                            0x20000004   Data          16  system_stm32f10x.o(.data)
    chrg_ctrl_obj                            0x20000018   Data          22  chrg_ctrl.o(.data)
    SYN_SIGNAL_Times                         0x20000030   Data           1  mcu_adc.o(.data)
    ADC_Finished_Flag                        0x20000031   Data           1  mcu_adc.o(.data)
    charger_step                             0x20000032   Data           1  mcu_adc.o(.data)
    charger_err                              0x20000033   Data           1  mcu_adc.o(.data)
    charger_channel                          0x20000034   Data           1  mcu_adc.o(.data)
    pp_step_enum                             0x20000035   Data           1  mcu_adc.o(.data)
    adc_finish_flag                          0x2000005c   Data           2  mcu_adc.o(.data)
    ADCProcessSoftTimer                      0x20000060   Data           4  mcu_adc.o(.data)
    __stdout                                 0x2000008c   Data           4  usart.o(.data)
    USART_RX_STA                             0x20000090   Data           2  usart.o(.data)
    period_signl_recd                        0x20000094   Data           2  gpio.o(.data)
    led_ctrl_struct                          0x2000009c   Data           8  led.o(.data)
    fm_pwm_no                                0x200000a4   Data           1  pwm.o(.data)
    pwm_start_flag                           0x200000a6   Data           2  pwm.o(.data)
    F_STEP_ARRAY                             0x200000a8   Data          30  pwm.o(.data)
    FRQ_ARRAY                                0x200000c6   Data         302  pwm.o(.data)
    step                                     0x200001f4   Data           2  pwm.o(.data)
    rt_interrupt_nest                        0x2000024c   Data           1  irq.o(.data)
    rt_current_thread                        0x200002dc   Data           4  scheduler.o(.data)
    rt_current_priority                      0x200002e0   Data           1  scheduler.o(.data)
    rt_thread_ready_priority_group           0x200002e4   Data           4  scheduler.o(.data)
    rt_thread_defunct                        0x200002e8   Data           8  scheduler.o(.data)
    rt_interrupt_from_thread                 0x200002fc   Data           4  cpuport.o(.data)
    rt_interrupt_to_thread                   0x20000300   Data           4  cpuport.o(.data)
    rt_thread_switch_interrupt_flag          0x20000304   Data           4  cpuport.o(.data)
    _syscall_table_begin                     0x2000030c   Data           4  shell.o(.data)
    _syscall_table_end                       0x20000310   Data           4  shell.o(.data)
    _sysvar_table_begin                      0x20000314   Data           4  shell.o(.data)
    _sysvar_table_end                        0x20000318   Data           4  shell.o(.data)
    shell                                    0x2000031c   Data           4  shell.o(.data)
    I_chrg_ctrl_obj                          0x20001324   Data         606  chrg_ctrl.o(.bss)
    AC_Singal_Parameter                      0x20001a34   Data          16  mcu_adc.o(.bss)
    ADCConvertedValue                        0x20001a44   Data          16  mcu_adc.o(.bss)
    ADCConvertedBuf                          0x20001a54   Data         160  mcu_adc.o(.bss)
    mailbox_adc                              0x20001b18   Data          56  mcu_adc.o(.bss)
    mb_pool                                  0x20001b50   Data          40  mcu_adc.o(.bss)
    USART_RX_BUF                             0x20001bd2   Data         200  usart.o(.bss)
    PWM_FM_struct                            0x20001e3c   Data          32  pwm.o(.bss)
    pwm_thread_stack                         0x20001e5c   Data        1024  pwm.o(.bss)
    pwm_thread                               0x2000225c   Data         144  pwm.o(.bss)
    rt_thread_priority_table                 0x20002524   Data         256  scheduler.o(.bss)
    __initial_sp                             0x20002aa8   Data           0  startup_stm32f10x_hd.o(STACK)



==============================================================================

Memory Map of the image

  Image Entry point : 0x08000145

  Load Region LR_1 (Base: 0x08000000, Size: 0x00006970, Max: 0xffffffff, ABSOLUTE, COMPRESSED[0x0000682c])

    Execution Region ER_RO (Exec base: 0x08000000, Load base: 0x08000000, Size: 0x0000664c, Max: 0xffffffff, ABSOLUTE)

    Exec Addr    Load Addr    Size         Type   Attr      Idx    E Section Name        Object

    0x08000000   0x08000000   0x00000130   Data   RO         1119    RESET               startup_stm32f10x_hd.o
    0x08000130   0x08000130   0x00000000   Code   RO         5512  * .ARM.Collect$$$$00000000  mc_w.l(entry.o)
    0x08000130   0x08000130   0x00000004   Code   RO         5531    .ARM.Collect$$$$00000001  mc_w.l(entry2.o)
    0x08000134   0x08000134   0x00000004   Code   RO         5534    .ARM.Collect$$$$00000004  mc_w.l(entry5.o)
    0x08000138   0x08000138   0x00000000   Code   RO         5536    .ARM.Collect$$$$00000008  mc_w.l(entry7b.o)
    0x08000138   0x08000138   0x00000000   Code   RO         5538    .ARM.Collect$$$$0000000A  mc_w.l(entry8b.o)
    0x08000138   0x08000138   0x00000008   Code   RO         5539    .ARM.Collect$$$$0000000B  mc_w.l(entry9a.o)
    0x08000140   0x08000140   0x00000000   Code   RO         5541    .ARM.Collect$$$$0000000D  mc_w.l(entry10a.o)
    0x08000140   0x08000140   0x00000000   Code   RO         5543    .ARM.Collect$$$$0000000F  mc_w.l(entry11a.o)
    0x08000140   0x08000140   0x00000004   Code   RO         5532    .ARM.Collect$$$$00002712  mc_w.l(entry2.o)
    0x08000144   0x08000144   0x00000024   Code   RO         1120  * .text               startup_stm32f10x_hd.o
    0x08000168   0x08000168   0x000000f4   Code   RO         5184    .text               context_rvds.o
    0x0800025c   0x0800025c   0x00000024   Code   RO         5515    .text               mc_w.l(memcpya.o)
    0x08000280   0x08000280   0x00000024   Code   RO         5517    .text               mc_w.l(memseta.o)
    0x080002a4   0x080002a4   0x00000018   Code   RO         5519    .text               mc_w.l(strcat.o)
    0x080002bc   0x080002bc   0x00000018   Code   RO         5521    .text               mc_w.l(strncpy.o)
    0x080002d4   0x080002d4   0x0000000e   Code   RO         5523    .text               mc_w.l(strlen.o)
    0x080002e2   0x080002e2   0x00000012   Code   RO         5525    .text               mc_w.l(strcpy.o)
    0x080002f4   0x080002f4   0x0000001e   Code   RO         5527    .text               mc_w.l(strncmp.o)
    0x08000312   0x08000312   0x00000002   PAD
    0x08000314   0x08000314   0x00000024   Code   RO         5545    .text               mc_w.l(init.o)
    0x08000338   0x08000338   0x00000056   Code   RO         5555    .text               mc_w.l(__dczerorl2.o)
    0x0800038e   0x0800038e   0x0000000a   Code   RO         4129    i.$Sub$$main        components.o
    0x08000398   0x08000398   0x0000005c   Code   RO          403    i.ADCInit           mcu_adc.o
    0x080003f4   0x080003f4   0x0000000a   Code   RO          404    i.ADCProcessInit    mcu_adc.o
    0x080003fe   0x080003fe   0x00000036   Code   RO          405    i.ADC_Average       mcu_adc.o
    0x08000434   0x08000434   0x00000016   Code   RO         1166    i.ADC_Cmd           stm32f10x_adc.o
    0x0800044a   0x0800044a   0x00000016   Code   RO         1167    i.ADC_DMACmd        stm32f10x_adc.o
    0x08000460   0x08000460   0x00000058   Code   RO          406    i.ADC_DMA_Init      mcu_adc.o
    0x080004b8   0x080004b8   0x00000014   Code   RO         1174    i.ADC_GetCalibrationStatus  stm32f10x_adc.o
    0x080004cc   0x080004cc   0x00000014   Code   RO         1180    i.ADC_GetResetCalibrationStatus  stm32f10x_adc.o
    0x080004e0   0x080004e0   0x00000050   Code   RO         1184    i.ADC_Init          stm32f10x_adc.o
    0x08000530   0x08000530   0x000000e0   Code   RO          407    i.ADC_Mode_Init     mcu_adc.o
    0x08000610   0x08000610   0x00000024   Code   RO          408    i.ADC_Pin_Init      mcu_adc.o
    0x08000634   0x08000634   0x000000b8   Code   RO         1188    i.ADC_RegularChannelConfig  stm32f10x_adc.o
    0x080006ec   0x080006ec   0x0000000a   Code   RO         1189    i.ADC_ResetCalibration  stm32f10x_adc.o
    0x080006f6   0x080006f6   0x00000016   Code   RO         1191    i.ADC_SoftwareStartConvCmd  stm32f10x_adc.o
    0x0800070c   0x0800070c   0x0000000a   Code   RO         1193    i.ADC_StartCalibration  stm32f10x_adc.o
    0x08000716   0x08000716   0x00000002   PAD
    0x08000718   0x08000718   0x000000d0   Code   RO          409    i.ADC_filter        mcu_adc.o
    0x080007e8   0x080007e8   0x00000004   Code   RO          127    i.BusFault_Handler  stm32f10x_it.o
    0x080007ec   0x080007ec   0x00000034   Code   RO          621    i.ButtonVarInit     gpio.o
    0x08000820   0x08000820   0x00000060   Code   RO          410    i.CHRG_ADC_thread_entry  mcu_adc.o
    0x08000880   0x08000880   0x0000003c   Code   RO          413    i.Chrg_adc_acquisition_thread  mcu_adc.o
    0x080008bc   0x080008bc   0x00000110   Code   RO          843    i.Complementation_PWM_SET_Init  pwm.o
    0x080009cc   0x080009cc   0x000001c8   Code   RO          414    i.DMA1_Channel1_IRQHandler  mcu_adc.o
    0x08000b94   0x08000b94   0x0000001c   Code   RO         1850    i.DMA_ClearITPendingBit  stm32f10x_dma.o
    0x08000bb0   0x08000bb0   0x00000018   Code   RO         1851    i.DMA_Cmd           stm32f10x_dma.o
    0x08000bc8   0x08000bc8   0x0000014c   Code   RO         1852    i.DMA_DeInit        stm32f10x_dma.o
    0x08000d14   0x08000d14   0x0000002c   Code   RO         1855    i.DMA_GetITStatus   stm32f10x_dma.o
    0x08000d40   0x08000d40   0x00000012   Code   RO         1856    i.DMA_ITConfig      stm32f10x_dma.o
    0x08000d52   0x08000d52   0x0000003c   Code   RO         1857    i.DMA_Init          stm32f10x_dma.o
    0x08000d8e   0x08000d8e   0x00000002   Code   RO          128    i.DebugMon_Handler  stm32f10x_it.o
    0x08000d90   0x08000d90   0x00000038   Code   RO          623    i.EXTI2_IRQHandler  gpio.o
    0x08000dc8   0x08000dc8   0x0000000c   Code   RO         1922    i.EXTI_ClearITPendingBit  stm32f10x_exti.o
    0x08000dd4   0x08000dd4   0x00000094   Code   RO         1927    i.EXTI_Init         stm32f10x_exti.o
    0x08000e68   0x08000e68   0x00000040   Code   RO         2272    i.GPIO_EXTILineConfig  stm32f10x_gpio.o
    0x08000ea8   0x08000ea8   0x00000116   Code   RO         2275    i.GPIO_Init         stm32f10x_gpio.o
    0x08000fbe   0x08000fbe   0x00000002   PAD
    0x08000fc0   0x08000fc0   0x00000090   Code   RO         2277    i.GPIO_PinRemapConfig  stm32f10x_gpio.o
    0x08001050   0x08001050   0x00000012   Code   RO         2279    i.GPIO_ReadInputDataBit  stm32f10x_gpio.o
    0x08001062   0x08001062   0x00000004   Code   RO         2282    i.GPIO_ResetBits    stm32f10x_gpio.o
    0x08001066   0x08001066   0x00000004   Code   RO         2283    i.GPIO_SetBits      stm32f10x_gpio.o
    0x0800106a   0x0800106a   0x0000000a   Code   RO         2286    i.GPIO_WriteBit     stm32f10x_gpio.o
    0x08001074   0x08001074   0x00000090   Code   RO          852    i.I1_PWM_SET_Init   pwm.o
    0x08001104   0x08001104   0x00000014   Code   RO          624    i.IO_PCI_Init       gpio.o
    0x08001118   0x08001118   0x00000068   Code   RO          305    i.I_thread_entry    chrg_ctrl.o
    0x08001180   0x08001180   0x00000040   Code   RO          306    i.I_thread_init     chrg_ctrl.o
    0x080011c0   0x080011c0   0x00000018   Code   RO          625    i.IsKeyDown         gpio.o
    0x080011d8   0x080011d8   0x00000004   Code   RO          129    i.MemManage_Handler  stm32f10x_it.o
    0x080011dc   0x080011dc   0x00000002   Code   RO          130    i.NMI_Handler       stm32f10x_it.o
    0x080011de   0x080011de   0x00000002   PAD
    0x080011e0   0x080011e0   0x00000070   Code   RO         1124    i.NVIC_Init         misc.o
    0x08001250   0x08001250   0x00000014   Code   RO         1125    i.NVIC_PriorityGroupConfig  misc.o
    0x08001264   0x08001264   0x00000044   Code   RO          855    i.PWM_Control_Init  pwm.o
    0x080012a8   0x080012a8   0x00000008   Code   RO          856    i.PWM_PERPH_Init    pwm.o
    0x080012b0   0x080012b0   0x0000001c   Code   RO          857    i.PWM_start         pwm.o
    0x080012cc   0x080012cc   0x00000018   Code   RO         2689    i.RCC_ADCCLKConfig  stm32f10x_rcc.o
    0x080012e4   0x080012e4   0x00000020   Code   RO         2690    i.RCC_AHBPeriphClockCmd  stm32f10x_rcc.o
    0x08001304   0x08001304   0x00000020   Code   RO         2691    i.RCC_APB1PeriphClockCmd  stm32f10x_rcc.o
    0x08001324   0x08001324   0x00000020   Code   RO         2692    i.RCC_APB1PeriphResetCmd  stm32f10x_rcc.o
    0x08001344   0x08001344   0x00000020   Code   RO         2693    i.RCC_APB2PeriphClockCmd  stm32f10x_rcc.o
    0x08001364   0x08001364   0x00000020   Code   RO         2694    i.RCC_APB2PeriphResetCmd  stm32f10x_rcc.o
    0x08001384   0x08001384   0x000000d4   Code   RO         2701    i.RCC_GetClocksFreq  stm32f10x_rcc.o
    0x08001458   0x08001458   0x00000002   Code   RO          131    i.SVC_Handler       stm32f10x_it.o
    0x0800145a   0x0800145a   0x00000008   Code   RO          172    i.SetSysClock       system_stm32f10x.o
    0x08001462   0x08001462   0x00000002   PAD
    0x08001464   0x08001464   0x000000e0   Code   RO          173    i.SetSysClockTo72   system_stm32f10x.o
    0x08001544   0x08001544   0x00000010   Code   RO          206    i.SysTick_Handler   board.o
    0x08001554   0x08001554   0x000000a4   Code   RO          174    i.SystemCoreClockUpdate  system_stm32f10x.o
    0x080015f8   0x080015f8   0x00000060   Code   RO          175    i.SystemInit        system_stm32f10x.o
    0x08001658   0x08001658   0x0000005c   Code   RO         1009    i.TIM3_IRQHandler   drv_timer.o
    0x080016b4   0x080016b4   0x00000018   Code   RO         3313    i.TIM_ARRPreloadConfig  stm32f10x_tim.o
    0x080016cc   0x080016cc   0x00000020   Code   RO         3314    i.TIM_BDTRConfig    stm32f10x_tim.o
    0x080016ec   0x080016ec   0x00000006   Code   RO         3319    i.TIM_ClearFlag     stm32f10x_tim.o
    0x080016f2   0x080016f2   0x00000006   Code   RO         3320    i.TIM_ClearITPendingBit  stm32f10x_tim.o
    0x080016f8   0x080016f8   0x00000018   Code   RO         3325    i.TIM_Cmd           stm32f10x_tim.o
    0x08001710   0x08001710   0x0000001e   Code   RO         3327    i.TIM_CtrlPWMOutputs  stm32f10x_tim.o
    0x0800172e   0x0800172e   0x00000002   PAD
    0x08001730   0x08001730   0x000001e8   Code   RO         3330    i.TIM_DeInit        stm32f10x_tim.o
    0x08001918   0x08001918   0x00000022   Code   RO         3346    i.TIM_GetITStatus   stm32f10x_tim.o
    0x0800193a   0x0800193a   0x00000012   Code   RO         3350    i.TIM_ITConfig      stm32f10x_tim.o
    0x0800194c   0x0800194c   0x0000000c   Code   RO         3352    i.TIM_InternalClockConfig  stm32f10x_tim.o
    0x08001958   0x08001958   0x00000098   Code   RO         3354    i.TIM_OC1Init       stm32f10x_tim.o
    0x080019f0   0x080019f0   0x00000012   Code   RO         3357    i.TIM_OC1PreloadConfig  stm32f10x_tim.o
    0x08001a02   0x08001a02   0x00000002   PAD
    0x08001a04   0x08001a04   0x000000a4   Code   RO         3359    i.TIM_OC2Init       stm32f10x_tim.o
    0x08001aa8   0x08001aa8   0x0000001a   Code   RO         3362    i.TIM_OC2PreloadConfig  stm32f10x_tim.o
    0x08001ac2   0x08001ac2   0x00000002   PAD
    0x08001ac4   0x08001ac4   0x000000a0   Code   RO         3364    i.TIM_OC3Init       stm32f10x_tim.o
    0x08001b64   0x08001b64   0x00000012   Code   RO         3367    i.TIM_OC3PreloadConfig  stm32f10x_tim.o
    0x08001b76   0x08001b76   0x00000002   PAD
    0x08001b78   0x08001b78   0x0000007c   Code   RO         3369    i.TIM_OC4Init       stm32f10x_tim.o
    0x08001bf4   0x08001bf4   0x0000001a   Code   RO         3371    i.TIM_OC4PreloadConfig  stm32f10x_tim.o
    0x08001c0e   0x08001c0e   0x00000014   Code   RO         3372    i.TIM_OCStructInit  stm32f10x_tim.o
    0x08001c22   0x08001c22   0x00000004   Code   RO         3384    i.TIM_SetAutoreload  stm32f10x_tim.o
    0x08001c26   0x08001c26   0x00000004   Code   RO         3386    i.TIM_SetCompare1   stm32f10x_tim.o
    0x08001c2a   0x08001c2a   0x00000002   PAD
    0x08001c2c   0x08001c2c   0x000000a4   Code   RO         3396    i.TIM_TimeBaseInit  stm32f10x_tim.o
    0x08001cd0   0x08001cd0   0x00000012   Code   RO         3397    i.TIM_TimeBaseStructInit  stm32f10x_tim.o
    0x08001ce2   0x08001ce2   0x00000002   PAD
    0x08001ce4   0x08001ce4   0x0000007c   Code   RO         1010    i.Time3_Init        drv_timer.o
    0x08001d60   0x08001d60   0x0000000e   Code   RO         1011    i.Time3_Init_interfaces  drv_timer.o
    0x08001d6e   0x08001d6e   0x00000002   PAD
    0x08001d70   0x08001d70   0x00000010   Code   RO         1012    i.Time3_Start       drv_timer.o
    0x08001d80   0x08001d80   0x00000010   Code   RO         1013    i.Time3_Stop        drv_timer.o
    0x08001d90   0x08001d90   0x00000088   Code   RO          572    i.USART1_IRQHandler  usart.o
    0x08001e18   0x08001e18   0x00000012   Code   RO         3857    i.USART_ClearFlag   stm32f10x_usart.o
    0x08001e2a   0x08001e2a   0x00000018   Code   RO         3861    i.USART_Cmd         stm32f10x_usart.o
    0x08001e42   0x08001e42   0x0000001a   Code   RO         3864    i.USART_GetFlagStatus  stm32f10x_usart.o
    0x08001e5c   0x08001e5c   0x00000054   Code   RO         3865    i.USART_GetITStatus  stm32f10x_usart.o
    0x08001eb0   0x08001eb0   0x000000d8   Code   RO         3868    i.USART_Init        stm32f10x_usart.o
    0x08001f88   0x08001f88   0x0000000a   Code   RO         3875    i.USART_ReceiveData  stm32f10x_usart.o
    0x08001f92   0x08001f92   0x00000008   Code   RO         3878    i.USART_SendData    stm32f10x_usart.o
    0x08001f9a   0x08001f9a   0x00000004   Code   RO          132    i.UsageFault_Handler  stm32f10x_it.o
    0x08001f9e   0x08001f9e   0x00000002   PAD
    0x08001fa0   0x08001fa0   0x00000090   Code   RO          859    i.V1_PWM_SET_Init   pwm.o
    0x08002030   0x08002030   0x000000a4   Code   RO          861    i.V2_PWM_SET_Init   pwm.o
    0x080020d4   0x080020d4   0x000001c0   Code   RO          308    i.V_thread_entry    chrg_ctrl.o
    0x08002294   0x08002294   0x00000040   Code   RO          309    i.V_thread_init     chrg_ctrl.o
    0x080022d4   0x080022d4   0x00000030   Code   RO          207    i._SysTick_Config   board.o
    0x08002304   0x08002304   0x0000004c   Code   RO         4542    i.__rt_ffs          kservice.o
    0x08002350   0x08002350   0x0000000e   Code   RO         5549    i.__scatterload_copy  mc_w.l(handlers.o)
    0x0800235e   0x0800235e   0x00000002   Code   RO         5550    i.__scatterload_null  mc_w.l(handlers.o)
    0x08002360   0x08002360   0x0000000e   Code   RO         5551    i.__scatterload_zeroinit  mc_w.l(handlers.o)
    0x0800236e   0x0800236e   0x00000002   PAD
    0x08002370   0x08002370   0x00000014   Code   RO         4203    i._has_defunct_thread  idle.o
    0x08002384   0x08002384   0x0000006a   Code   RO         5351    i._msh_exec_cmd     msh.o
    0x080023ee   0x080023ee   0x00000002   PAD
    0x080023f0   0x080023f0   0x00000084   Code   RO         4951    i._rt_thread_init   thread.o
    0x08002474   0x08002474   0x00000042   Code   RO         5072    i._rt_timer_init    timer.o
    0x080024b6   0x080024b6   0x0000002e   Code   RO         5073    i._rt_timer_remove  timer.o
    0x080024e4   0x080024e4   0x0000001a   Code   RO          415    i.adc_data_carry    mcu_adc.o
    0x080024fe   0x080024fe   0x00000002   PAD
    0x08002500   0x08002500   0x000000bc   Code   RO          418    i.array_average     mcu_adc.o
    0x080025bc   0x080025bc   0x000000fc   Code   RO         5188    i.bus_fault_track   cpuport.o
    0x080026b8   0x080026b8   0x0000003c   Code   RO          626    i.button_process_init  gpio.o
    0x080026f4   0x080026f4   0x0000015c   Code   RO          627    i.button_thread_entry  gpio.o
    0x08002850   0x08002850   0x0000000e   Code   RO         5352    i.cmd_free          msh.o
    0x0800285e   0x0800285e   0x0000000e   Code   RO         5353    i.cmd_ps            msh.o
    0x0800286c   0x0800286c   0x0000030c   Code   RO          422    i.current_pp_adjust  mcu_adc.o
    0x08002b78   0x08002b78   0x00000074   Code   RO         5424    i.finsh_get_prompt  shell.o
    0x08002bec   0x08002bec   0x00000008   Code   RO         5426    i.finsh_getchar     shell.o
    0x08002bf4   0x08002bf4   0x0000001c   Code   RO         5429    i.finsh_set_prompt_mode  shell.o
    0x08002c10   0x08002c10   0x00000014   Code   RO         5430    i.finsh_system_function_init  shell.o
    0x08002c24   0x08002c24   0x0000009c   Code   RO         5431    i.finsh_system_init  shell.o
    0x08002cc0   0x08002cc0   0x000003c8   Code   RO         5433    i.finsh_thread_entry  shell.o
    0x08003088   0x08003088   0x0000000c   Code   RO          865    i.get_PWM_Paramet   pwm.o
    0x08003094   0x08003094   0x0000002c   Code   RO          628    i.gpio_init         gpio.o
    0x080030c0   0x080030c0   0x00000080   Code   RO         5189    i.hard_fault_track  cpuport.o
    0x08003140   0x08003140   0x00000020   Code   RO         5247    i.hello             cmd.o
    0x08003160   0x08003160   0x00000040   Code   RO          629    i.key_init          gpio.o
    0x080031a0   0x080031a0   0x000000f8   Code   RO          812    i.led_ctrl_function  led.o
    0x08003298   0x08003298   0x00000010   Code   RO          813    i.led_thread_entry  led.o
    0x080032a8   0x080032a8   0x00000038   Code   RO          814    i.led_thread_init   led.o
    0x080032e0   0x080032e0   0x00000058   Code   RO         5248    i.list              cmd.o
    0x08003338   0x08003338   0x00000144   Code   RO         5249    i.list_event        cmd.o
    0x0800347c   0x0800347c   0x0000002a   Code   RO         5250    i.list_find_init    cmd.o
    0x080034a6   0x080034a6   0x00000088   Code   RO         5251    i.list_get_next     cmd.o
    0x0800352e   0x0800352e   0x00000002   PAD
    0x08003530   0x08003530   0x0000015c   Code   RO         5252    i.list_mailbox      cmd.o
    0x0800368c   0x0800368c   0x00000078   Code   RO         4719    i.list_mem          mem.o
    0x08003704   0x08003704   0x00000144   Code   RO         5253    i.list_msgqueue     cmd.o
    0x08003848   0x08003848   0x00000110   Code   RO         5254    i.list_mutex        cmd.o
    0x08003958   0x08003958   0x00000138   Code   RO         5255    i.list_sem          cmd.o
    0x08003a90   0x08003a90   0x000001e4   Code   RO         5256    i.list_thread       cmd.o
    0x08003c74   0x08003c74   0x00000160   Code   RO         5257    i.list_timer        cmd.o
    0x08003dd4   0x08003dd4   0x00000008   Code   RO            1    i.main              main.o
    0x08003ddc   0x08003ddc   0x0000000e   Code   RO         4130    i.main_thread_entry  components.o
    0x08003dea   0x08003dea   0x00000002   PAD
    0x08003dec   0x08003dec   0x0000009c   Code   RO          630    i.mcu_gpio_init     gpio.o
    0x08003e88   0x08003e88   0x000000e8   Code   RO         5190    i.mem_manage_fault_track  cpuport.o
    0x08003f70   0x08003f70   0x000000a0   Code   RO         5354    i.msh_auto_complete  msh.o
    0x08004010   0x08004010   0x0000006c   Code   RO         5355    i.msh_exec          msh.o
    0x0800407c   0x0800407c   0x0000005c   Code   RO         5356    i.msh_get_cmd       msh.o
    0x080040d8   0x080040d8   0x00000074   Code   RO         5357    i.msh_help          msh.o
    0x0800414c   0x0800414c   0x00000004   Code   RO         5358    i.msh_is_used       msh.o
    0x08004150   0x08004150   0x000000f0   Code   RO         5359    i.msh_split         msh.o
    0x08004240   0x08004240   0x0000001c   Code   RO         5258    i.object_split      cmd.o
    0x0800425c   0x0800425c   0x00000078   Code   RO         4720    i.plug_holes        mem.o
    0x080042d4   0x080042d4   0x0000001c   Code   RO          631    i.power_on_disenabled  gpio.o
    0x080042f0   0x080042f0   0x00000198   Code   RO         4544    i.print_number      kservice.o
    0x08004488   0x08004488   0x00000038   Code   RO          866    i.pwm_entry         pwm.o
    0x080044c0   0x080044c0   0x00000040   Code   RO          867    i.pwm_thread_init   pwm.o
    0x08004500   0x08004500   0x00000030   Code   RO         4131    i.rt_application_init  components.o
    0x08004530   0x08004530   0x00000022   Code   RO         4721    i.rt_calloc         mem.o
    0x08004552   0x08004552   0x00000002   PAD
    0x08004554   0x08004554   0x0000001c   Code   RO         4132    i.rt_components_board_init  components.o
    0x08004570   0x08004570   0x0000001c   Code   RO         4133    i.rt_components_init  components.o
    0x0800458c   0x0800458c   0x00000020   Code   RO         4879    i.rt_enter_critical  scheduler.o
    0x080045ac   0x080045ac   0x00000044   Code   RO         4880    i.rt_exit_critical  scheduler.o
    0x080045f0   0x080045f0   0x000000e0   Code   RO         4722    i.rt_free           mem.o
    0x080046d0   0x080046d0   0x00000008   Code   RO          208    i.rt_heap_begin_get  board.o
    0x080046d8   0x080046d8   0x00000008   Code   RO          209    i.rt_heap_end_get   board.o
    0x080046e0   0x080046e0   0x00000044   Code   RO          210    i.rt_hw_board_init  board.o
    0x08004724   0x08004724   0x00000044   Code   RO          574    i.rt_hw_console_getchar  usart.o
    0x08004768   0x08004768   0x00000050   Code   RO          575    i.rt_hw_console_output  usart.o
    0x080047b8   0x080047b8   0x00000208   Code   RO         5194    i.rt_hw_hard_fault_exception  cpuport.o
    0x080049c0   0x080049c0   0x0000004c   Code   RO         5195    i.rt_hw_stack_init  cpuport.o
    0x08004a0c   0x08004a0c   0x00000020   Code   RO         4515    i.rt_interrupt_enter  irq.o
    0x08004a2c   0x08004a2c   0x00000020   Code   RO         4517    i.rt_interrupt_leave  irq.o
    0x08004a4c   0x08004a4c   0x00000014   Code   RO         4250    i.rt_ipc_list_resume  ipc.o
    0x08004a60   0x08004a60   0x00000032   Code   RO         4251    i.rt_ipc_list_resume_all  ipc.o
    0x08004a92   0x08004a92   0x0000006c   Code   RO         4252    i.rt_ipc_list_suspend  ipc.o
    0x08004afe   0x08004afe   0x00000010   Code   RO         4253    i.rt_ipc_object_init  ipc.o
    0x08004b0e   0x08004b0e   0x00000002   PAD
    0x08004b10   0x08004b10   0x00000030   Code   RO         4548    i.rt_kprintf        kservice.o
    0x08004b40   0x08004b40   0x00000006   Code   RO         4254    i.rt_list_init      ipc.o
    0x08004b46   0x08004b46   0x00000006   Code   RO         4881    i.rt_list_init      scheduler.o
    0x08004b4c   0x08004b4c   0x00000006   Code   RO         5074    i.rt_list_init      timer.o
    0x08004b52   0x08004b52   0x0000000e   Code   RO         4803    i.rt_list_insert_after  object.o
    0x08004b60   0x08004b60   0x0000000e   Code   RO         4952    i.rt_list_insert_after  thread.o
    0x08004b6e   0x08004b6e   0x0000000e   Code   RO         5075    i.rt_list_insert_after  timer.o
    0x08004b7c   0x08004b7c   0x0000000e   Code   RO         4255    i.rt_list_insert_before  ipc.o
    0x08004b8a   0x08004b8a   0x00000010   Code   RO         4256    i.rt_list_isempty   ipc.o
    0x08004b9a   0x08004b9a   0x00000010   Code   RO         5076    i.rt_list_isempty   timer.o
    0x08004baa   0x08004baa   0x00000010   Code   RO         5259    i.rt_list_isempty   cmd.o
    0x08004bba   0x08004bba   0x00000014   Code   RO         5260    i.rt_list_len       cmd.o
    0x08004bce   0x08004bce   0x00000012   Code   RO         4804    i.rt_list_remove    object.o
    0x08004be0   0x08004be0   0x00000012   Code   RO         4953    i.rt_list_remove    thread.o
    0x08004bf2   0x08004bf2   0x00000002   PAD
    0x08004bf4   0x08004bf4   0x0000016c   Code   RO         4723    i.rt_malloc         mem.o
    0x08004d60   0x08004d60   0x0000003e   Code   RO         4261    i.rt_mb_init        ipc.o
    0x08004d9e   0x08004d9e   0x000000f4   Code   RO         4262    i.rt_mb_recv        ipc.o
    0x08004e92   0x08004e92   0x0000007c   Code   RO         4552    i.rt_memcpy         kservice.o
    0x08004f0e   0x08004f0e   0x00000042   Code   RO         4553    i.rt_memmove        kservice.o
    0x08004f50   0x08004f50   0x00000048   Code   RO         4554    i.rt_memset         kservice.o
    0x08004f98   0x08004f98   0x00000080   Code   RO         4266    i.rt_mq_create      ipc.o
    0x08005018   0x08005018   0x0000001c   Code   RO         4267    i.rt_mq_delete      ipc.o
    0x08005034   0x08005034   0x000000fc   Code   RO         4270    i.rt_mq_recv        ipc.o
    0x08005130   0x08005130   0x00000054   Code   RO         4805    i.rt_object_allocate  object.o
    0x08005184   0x08005184   0x00000024   Code   RO         4806    i.rt_object_delete  object.o
    0x080051a8   0x080051a8   0x0000001e   Code   RO         4807    i.rt_object_detach  object.o
    0x080051c6   0x080051c6   0x00000002   PAD
    0x080051c8   0x080051c8   0x00000028   Code   RO         4809    i.rt_object_get_information  object.o
    0x080051f0   0x080051f0   0x00000056   Code   RO         4811    i.rt_object_init    object.o
    0x08005246   0x08005246   0x00000012   Code   RO         4812    i.rt_object_is_systemobject  object.o
    0x08005258   0x08005258   0x00000084   Code   RO         4882    i.rt_schedule       scheduler.o
    0x080052dc   0x080052dc   0x00000050   Code   RO         4883    i.rt_schedule_insert_thread  scheduler.o
    0x0800532c   0x0800532c   0x00000054   Code   RO         4884    i.rt_schedule_remove_thread  scheduler.o
    0x08005380   0x08005380   0x00000026   Code   RO         4284    i.rt_sem_init       ipc.o
    0x080053a6   0x080053a6   0x0000003a   Code   RO         4285    i.rt_sem_release    ipc.o
    0x080053e0   0x080053e0   0x00000074   Code   RO         4286    i.rt_sem_take       ipc.o
    0x08005454   0x08005454   0x000000b0   Code   RO         4556    i.rt_show_version   kservice.o
    0x08005504   0x08005504   0x00000012   Code   RO         4562    i.rt_strlen         kservice.o
    0x08005516   0x08005516   0x00000034   Code   RO         4564    i.rt_strncpy        kservice.o
    0x0800554a   0x0800554a   0x00000002   PAD
    0x0800554c   0x0800554c   0x000000f8   Code   RO         4726    i.rt_system_heap_init  mem.o
    0x08005644   0x08005644   0x0000004c   Code   RO         4885    i.rt_system_scheduler_init  scheduler.o
    0x08005690   0x08005690   0x00000030   Code   RO         4886    i.rt_system_scheduler_start  scheduler.o
    0x080056c0   0x080056c0   0x0000001c   Code   RO         5077    i.rt_system_timer_init  timer.o
    0x080056dc   0x080056dc   0x00000002   Code   RO         5078    i.rt_system_timer_thread_init  timer.o
    0x080056de   0x080056de   0x00000050   Code   RO         4955    i.rt_thread_create  thread.o
    0x0800572e   0x0800572e   0x00000002   PAD
    0x08005730   0x08005730   0x00000058   Code   RO         4959    i.rt_thread_exit    thread.o
    0x08005788   0x08005788   0x00000008   Code   RO         4204    i.rt_thread_idle_entry  idle.o
    0x08005790   0x08005790   0x00000090   Code   RO         4205    i.rt_thread_idle_excute  idle.o
    0x08005820   0x08005820   0x0000003c   Code   RO         4207    i.rt_thread_idle_init  idle.o
    0x0800585c   0x0800585c   0x00000034   Code   RO         4961    i.rt_thread_init    thread.o
    0x08005890   0x08005890   0x00000014   Code   RO         4962    i.rt_thread_mdelay  thread.o
    0x080058a4   0x080058a4   0x0000003c   Code   RO         4963    i.rt_thread_resume  thread.o
    0x080058e0   0x080058e0   0x0000000c   Code   RO         4964    i.rt_thread_self    thread.o
    0x080058ec   0x080058ec   0x00000044   Code   RO         4965    i.rt_thread_sleep   thread.o
    0x08005930   0x08005930   0x0000002c   Code   RO         4966    i.rt_thread_startup  thread.o
    0x0800595c   0x0800595c   0x00000044   Code   RO         4967    i.rt_thread_suspend  thread.o
    0x080059a0   0x080059a0   0x00000020   Code   RO         4968    i.rt_thread_timeout  thread.o
    0x080059c0   0x080059c0   0x00000064   Code   RO         4969    i.rt_thread_yield   thread.o
    0x08005a24   0x08005a24   0x00000038   Code   RO         4092    i.rt_tick_from_millisecond  clock.o
    0x08005a5c   0x08005a5c   0x0000000c   Code   RO         4093    i.rt_tick_get       clock.o
    0x08005a68   0x08005a68   0x00000030   Code   RO         4094    i.rt_tick_increase  clock.o
    0x08005a98   0x08005a98   0x0000007c   Code   RO         5079    i.rt_timer_check    timer.o
    0x08005b14   0x08005b14   0x00000038   Code   RO         5080    i.rt_timer_control  timer.o
    0x08005b4c   0x08005b4c   0x00000020   Code   RO         5083    i.rt_timer_detach   timer.o
    0x08005b6c   0x08005b6c   0x0000002e   Code   RO         5084    i.rt_timer_init     timer.o
    0x08005b9a   0x08005b9a   0x00000002   PAD
    0x08005b9c   0x08005b9c   0x000000f8   Code   RO         5087    i.rt_timer_start    timer.o
    0x08005c94   0x08005c94   0x00000030   Code   RO         5088    i.rt_timer_stop     timer.o
    0x08005cc4   0x08005cc4   0x00000330   Code   RO         4567    i.rt_vsnprintf      kservice.o
    0x08005ff4   0x08005ff4   0x00000004   Code   RO         4134    i.rti_board_end     components.o
    0x08005ff8   0x08005ff8   0x00000004   Code   RO         4135    i.rti_board_start   components.o
    0x08005ffc   0x08005ffc   0x00000004   Code   RO         4136    i.rti_end           components.o
    0x08006000   0x08006000   0x00000004   Code   RO         4137    i.rti_start         components.o
    0x08006004   0x08006004   0x0000002a   Code   RO         4138    i.rtthread_startup  components.o
    0x0800602e   0x0800602e   0x00000002   PAD
    0x08006030   0x08006030   0x00000030   Code   RO          868    i.set_f             pwm.o
    0x08006060   0x08006060   0x00000038   Code   RO         5434    i.shell_auto_complete  shell.o
    0x08006098   0x08006098   0x00000030   Code   RO         5261    i.show_wait_queue   cmd.o
    0x080060c8   0x080060c8   0x00000026   Code   RO         4569    i.skip_atoi         kservice.o
    0x080060ee   0x080060ee   0x00000020   Code   RO         5360    i.str_common        msh.o
    0x0800610e   0x0800610e   0x00000002   PAD
    0x08006110   0x08006110   0x00000078   Code   RO          576    i.uart_init         usart.o
    0x08006188   0x08006188   0x000000e8   Code   RO         5196    i.usage_fault_track  cpuport.o
    0x08006270   0x08006270   0x0000000a   Code   RO         5262    i.version           cmd.o
    0x0800627a   0x0800627a   0x00000002   PAD
    0x0800627c   0x0800627c   0x00000030   Data   RO          427    .constdata          mcu_adc.o
    0x080062ac   0x080062ac   0x00000018   Data   RO          634    .constdata          gpio.o
    0x080062c4   0x080062c4   0x00000122   Data   RO         4571    .constdata          kservice.o
    0x080063e6   0x080063e6   0x00000009   Data   RO         4728    .constdata          mem.o
    0x080063ef   0x080063ef   0x000000ed   Data   RO         5263    .constdata          cmd.o
    0x080064dc   0x080064dc   0x0000001f   Data   RO         5361    .constdata          msh.o
    0x080064fb   0x080064fb   0x00000001   PAD
    0x080064fc   0x080064fc   0x00000044   Data   RO         5264    .conststring        cmd.o
    0x08006540   0x08006540   0x00000004   Data   RO         4139    .rti_fn.0           components.o
    0x08006544   0x08006544   0x00000004   Data   RO         4140    .rti_fn.0.end       components.o
    0x08006548   0x08006548   0x00000004   Data   RO         4141    .rti_fn.1.end       components.o
    0x0800654c   0x0800654c   0x00000004   Data   RO          636    .rti_fn.3           gpio.o
    0x08006550   0x08006550   0x00000004   Data   RO          871    .rti_fn.3           pwm.o
    0x08006554   0x08006554   0x00000004   Data   RO         1015    .rti_fn.3           drv_timer.o
    0x08006558   0x08006558   0x00000008   Data   RO          314    .rti_fn.6           chrg_ctrl.o
    0x08006560   0x08006560   0x00000008   Data   RO          429    .rti_fn.6           mcu_adc.o
    0x08006568   0x08006568   0x00000004   Data   RO          637    .rti_fn.6           gpio.o
    0x0800656c   0x0800656c   0x00000004   Data   RO          817    .rti_fn.6           led.o
    0x08006570   0x08006570   0x00000004   Data   RO          872    .rti_fn.6           pwm.o
    0x08006574   0x08006574   0x00000004   Data   RO         5437    .rti_fn.6           shell.o
    0x08006578   0x08006578   0x00000004   Data   RO         4142    .rti_fn.6.end       components.o
    0x0800657c   0x0800657c   0x00000008   Data   RO         4730    FSymTab             mem.o
    0x08006584   0x08006584   0x00000090   Data   RO         5265    FSymTab             cmd.o
    0x08006614   0x08006614   0x00000018   Data   RO         5362    FSymTab             msh.o
    0x0800662c   0x0800662c   0x00000020   Data   RO         5547    Region$$Table       anon$$obj.o


    Execution Region ER_RW (Exec base: 0x20000000, Load base: 0x0800664c, Size: 0x00000324, Max: 0xffffffff, ABSOLUTE, COMPRESSED[0x000001e0])

    Exec Addr    Load Addr    Size         Type   Attr      Idx    E Section Name        Object

    0x20000000   COMPRESSED   0x00000014   Data   RW          176    .data               system_stm32f10x.o
    0x20000014   COMPRESSED   0x0000001a   Data   RW          313    .data               chrg_ctrl.o
    0x2000002e   COMPRESSED   0x00000002   PAD
    0x20000030   COMPRESSED   0x0000005a   Data   RW          428    .data               mcu_adc.o
    0x2000008a   COMPRESSED   0x00000002   PAD
    0x2000008c   COMPRESSED   0x00000006   Data   RW          578    .data               usart.o
    0x20000092   COMPRESSED   0x00000002   PAD
    0x20000094   COMPRESSED   0x00000008   Data   RW          635    .data               gpio.o
    0x2000009c   COMPRESSED   0x00000008   Data   RW          816    .data               led.o
    0x200000a4   COMPRESSED   0x0000018c   Data   RW          870    .data               pwm.o
    0x20000230   COMPRESSED   0x00000002   Data   RW         1014    .data               drv_timer.o
    0x20000232   COMPRESSED   0x00000014   Data   RW         2721    .data               stm32f10x_rcc.o
    0x20000246   COMPRESSED   0x00000002   PAD
    0x20000248   COMPRESSED   0x00000004   Data   RW         4096    .data               clock.o
    0x2000024c   COMPRESSED   0x00000001   Data   RW         4518    .data               irq.o
    0x2000024d   COMPRESSED   0x00000003   PAD
    0x20000250   COMPRESSED   0x00000018   Data   RW         4729    .data               mem.o
    0x20000268   COMPRESSED   0x00000070   Data   RW         4814    .data               object.o
    0x200002d8   COMPRESSED   0x00000018   Data   RW         4888    .data               scheduler.o
    0x200002f0   COMPRESSED   0x0000000c   Data   RW         5089    .data               timer.o
    0x200002fc   COMPRESSED   0x00000010   Data   RW         5197    .data               cpuport.o
    0x2000030c   COMPRESSED   0x00000018   Data   RW         5436    .data               shell.o


    Execution Region ER_ZI (Exec base: 0x20000324, Load base: 0x0800682c, Size: 0x00002784, Max: 0xffffffff, ABSOLUTE)

    Exec Addr    Load Addr    Size         Type   Attr      Idx    E Section Name        Object

    0x20000324        -       0x00001000   Zero   RW          211    .bss                board.o
    0x20001324        -       0x00000710   Zero   RW          312    .bss                chrg_ctrl.o
    0x20001a34        -       0x0000019e   Zero   RW          426    .bss                mcu_adc.o
    0x20001bd2        -       0x000000c8   Zero   RW          577    .bss                usart.o
    0x20001c9a   0x0800682c   0x00000002   PAD
    0x20001c9c        -       0x00000010   Zero   RW          633    .bss                gpio.o
    0x20001cac        -       0x00000190   Zero   RW          815    .bss                led.o
    0x20001e3c        -       0x000004b0   Zero   RW          869    .bss                pwm.o
    0x200022ec        -       0x00000190   Zero   RW         4208    .bss                idle.o
    0x2000247c        -       0x00000080   Zero   RW         4570    .bss                kservice.o
    0x200024fc        -       0x00000028   Zero   RW         4727    .bss                mem.o
    0x20002524        -       0x00000100   Zero   RW         4887    .bss                scheduler.o
    0x20002624        -       0x00000081   Zero   RW         5435    .bss                shell.o
    0x200026a5   0x0800682c   0x00000003   PAD
    0x200026a8        -       0x00000400   Zero   RW         1117    STACK               startup_stm32f10x_hd.o


==============================================================================

Image component sizes


      Code (inc. data)   RO Data    RW Data    ZI Data      Debug   Object Name

       148         16          0          0       4096     220153   board.o
       680         70          8         26       1808       5208   chrg_ctrl.o
       116         12          0          4          0       1972   clock.o
      2836        972        449          0          0      19006   cmd.o
       186         30         16          0          0       6560   components.o
       244         26          0          0          0        852   context_rvds.o
      1440        724          0         16          0       6034   cpuport.o
       262         26          4          2          0       3820   drv_timer.o
       852        310         32          8         16       8775   gpio.o
       232         32          0          0        400       6010   idle.o
      1156          0          0          0          0      14078   ipc.o
        64         12          0          1          0       1890   irq.o
      1894        164        290          0        128      11133   kservice.o
       320         26          4          8        400       3666   led.o
         8          0          0          0          0      64731   main.o
      2318        260         56         90        414      14375   mcu_adc.o
      1110        310         17         24         40       5690   mem.o
       132         22          0          0          0       1819   misc.o
       886        154         55          0          0       9869   msh.o
       326          4          0        112          0       9012   object.o
      1008        142          8        396       1200      14610   pwm.o
       526         90          0         24        256       9126   scheduler.o
      1352        152          4         24        129      10748   shell.o
        36          8        304          0       1024        852   startup_stm32f10x_hd.o
       390         10          0          0          0       8065   stm32f10x_adc.o
       506         26          0          0          0       5643   stm32f10x_dma.o
       160         12          0          0          0       1785   stm32f10x_exti.o
       522         10          0          0          0       6248   stm32f10x_gpio.o
        18          0          0          0          0       2791   stm32f10x_it.o
       396         56          0         20          0       7303   stm32f10x_rcc.o
      1572        156          0          0          0      15828   stm32f10x_tim.o
       386          6          0          0          0       6438   stm32f10x_usart.o
         0          0          0          0          0         32   sys.o
       492         50          0         20          0       3133   system_stm32f10x.o
       788         38          0          0          0      12616   thread.o
       732         20          0         12          0      12064   timer.o
       404         34          0          6        200       4823   usart.o

    ----------------------------------------------------------------------
     24550       3980       1280        804      10116     536758   Object Totals
         0          0         32          0          0          0   (incl. Generated)
        52          0          1         11          5          0   (incl. Padding)

    ----------------------------------------------------------------------

      Code (inc. data)   RO Data    RW Data    ZI Data      Debug   Library Member Name

        86          0          0          0          0          0   __dczerorl2.o
         0          0          0          0          0          0   entry.o
         0          0          0          0          0          0   entry10a.o
         0          0          0          0          0          0   entry11a.o
         8          4          0          0          0          0   entry2.o
         4          0          0          0          0          0   entry5.o
         0          0          0          0          0          0   entry7b.o
         0          0          0          0          0          0   entry8b.o
         8          4          0          0          0          0   entry9a.o
        30          0          0          0          0          0   handlers.o
        36          8          0          0          0         68   init.o
        36          0          0          0          0         68   memcpya.o
        36          0          0          0          0        108   memseta.o
        24          0          0          0          0         68   strcat.o
        18          0          0          0          0         68   strcpy.o
        14          0          0          0          0         68   strlen.o
        30          0          0          0          0         80   strncmp.o
        24          0          0          0          0         76   strncpy.o

    ----------------------------------------------------------------------
       358         16          0          0          0        604   Library Totals
         4          0          0          0          0          0   (incl. Padding)

    ----------------------------------------------------------------------

      Code (inc. data)   RO Data    RW Data    ZI Data      Debug   Library Name

       354         16          0          0          0        604   mc_w.l

    ----------------------------------------------------------------------
       358         16          0          0          0        604   Library Totals

    ----------------------------------------------------------------------

==============================================================================


      Code (inc. data)   RO Data    RW Data    ZI Data      Debug   

     24908       3996       1280        804      10116     523918   Grand Totals
     24908       3996       1280        480      10116     523918   ELF Image Totals (compressed)
     24908       3996       1280        480          0          0   ROM Totals

==============================================================================

    Total RO  Size (Code + RO Data)                26188 (  25.57kB)
    Total RW  Size (RW Data + ZI Data)             10920 (  10.66kB)
    Total ROM Size (Code + RO Data + RW Data)      26668 (  26.04kB)

==============================================================================

